E/os_kf   (  659): I/os_kf_filter_update: Unfiltered timeMs=333628155510, unFiltMeas=6073.000000, unFiltMeasUnc=0.000000
E/gsiff_sp_com(  659): I/sp_process_raw_sensor_data: GYRO_DATA (0.011718,-0.041545,-0.029827) samp num = 7, flag 0, read @ sns 333628149 ms, print @ sys 333628155 ms
E/os_kf   (  659): I/os_kf_filter_update: Unfiltered timeMs=333628155724, unFiltMeas=6287.000000, unFiltMeasUnc=0.000000
E/gsiff_sp_com(  659): I/sp_process_raw_sensor_data: ACCEL_DATA (-0.004640,-0.282163,-10.090667) samp num = 7, flag 0, read @ sns 333628149 ms, print @ sys 333628155 ms
E/gsiff_sp_and_ndk(  659): I/sp_and_ndk_polling_task: Num Samples read = 2!
E/os_kf   (  659): I/os_kf_filter_update: Unfiltered timeMs=333628176264, unFiltMeas=6684.000000, unFiltMeasUnc=0.000000
E/gsiff_sp_com(  659): I/sp_process_raw_sensor_data: GYRO_DATA (0.012783,-0.040480,-0.031958) samp num = 8, flag 0, read @ sns 333628169 ms, print @ sys 333628176 ms
E/os_kf   (  659): I/os_kf_filter_update: Unfiltered timeMs=333628176478, unFiltMeas=6898.000000, unFiltMeasUnc=0.000000
E/gsiff_sp_com(  659): I/sp_process_raw_sensor_data: ACCEL_DATA (0.010927,-0.271984,-10.066716) samp num = 8, flag 0, read @ sns 333628169 ms, print @ sys 333628176 ms
E/gsiff_sp_and_ndk(  659): I/sp_and_ndk_polling_task: Num Samples read = 2!
E/os_kf   (  659): I/os_kf_filter_update: Unfiltered timeMs=333628201993, unFiltMeas=12544.000000, unFiltMeasUnc=0.000000
E/gsiff_sp_com(  659): I/sp_process_raw_sensor_data: GYRO_DATA (0.011718,-0.040480,-0.036219) samp num = 9, flag 0, read @ sns 333628189 ms, print @ sys 333628202 ms
E/os_kf   (  659): I/os_kf_filter_update: Unfiltered timeMs=333628202206, unFiltMeas=12757.000000, unFiltMeasUnc=0.000000
E/gsiff_sp_com(  659): I/sp_process_raw_sensor_data: ACCEL_DATA (-0.029638,-0.257165,-10.053693) samp num = 9, flag 0, read @ sns 333628189 ms, print @ sys 333628202 ms
E/gsiff_sp_and_ndk(  659): I/sp_and_ndk_polling_task: Num Samples read = 2!
E/os_kf   (  659): I/os_kf_filter_update: Unfiltered timeMs=333628215880, unFiltMeas=4426.000000, unFiltMeasUnc=0.000000
E/gsiff_sp_com(  659): I/sp_process_raw_sensor_data: GYRO_DATA (0.014914,-0.044741,-0.039415) samp num = 10, flag 0, read @ sns 333628211 ms, print @ sys 333628215 ms
E/os_kf   (  659): I/os_kf_filter_update: Unfiltered timeMs=333628216063, unFiltMeas=4609.000000, unFiltMeasUnc=0.000000
E/gsiff_sp_com(  659): I/sp_process_raw_sensor_data: ACCEL_DATA (-0.071851,-0.259860,-10.050849) samp num = 10, flag 0, read @ sns 333628211 ms, print @ sys 333628216 ms
E/gsiff_sp_and_ndk(  659): I/sp_and_ndk_polling_task: Num Samples read = 2!
E/os_kf   (  659): I/os_kf_filter_update: Unfiltered timeMs=333628234650, unFiltMeas=6135.000000, unFiltMeasUnc=0.000000
E/gsiff_sp_com(  659): I/sp_process_raw_sensor_data: GYRO_DATA (0.014914,-0.046872,-0.045806) samp num = 11, flag 0, read @ sns 333628228 ms, print @ sys 333628234 ms
E/os_kf   (  659): I/os_kf_filter_update: Unfiltered timeMs=333628234833, unFiltMeas=6318.000000, unFiltMeasUnc=0.000000
E/gsiff_sp_com(  659): I/sp_process_raw_sensor_data: ACCEL_DATA (-0.085023,-0.276026,-10.057435) samp num = 11, flag 0, read @ sns 333628228 ms, print @ sys 333628234 ms
E/gsiff_sp_and_ndk(  659): I/sp_and_ndk_polling_task: Num Samples read = 2!
E/os_kf   (  659): I/os_kf_filter_update: Unfiltered timeMs=333628253755, unFiltMeas=5249.000000, unFiltMeasUnc=0.000000
E/gsiff_sp_com(  659): I/sp_process_raw_sensor_data: GYRO_DATA (0.018109,-0.043676,-0.051133) samp num = 12, flag 0, read @ sns 333628248 ms, print @ sys 333628253 ms
E/os_kf   (  659): I/os_kf_filter_update: Unfiltered timeMs=333628253969, unFiltMeas=5463.000000, unFiltMeasUnc=0.000000
E/gsiff_sp_com(  659): I/sp_process_raw_sensor_data: ACCEL_DATA (-0.144450,-0.293240,-10.046508) samp num = 12, flag 0, read @ sns 333628248 ms, print @ sys 333628254 ms
E/gsiff_sp_and_ndk(  659): I/sp_and_ndk_polling_task: Num Samples read = 2!
E/os_kf   (  659): I/os_kf_filter_update: Unfiltered timeMs=333628271244, unFiltMeas=4182.000000, unFiltMeasUnc=0.000000
E/gsiff_sp_com(  659): I/sp_process_raw_sensor_data: GYRO_DATA (0.019175,-0.041545,-0.057524) samp num = 13, flag 0, read @ sns 333628267 ms, print @ sys 333628271 ms
E/os_kf   (  659): I/os_kf_filter_update: Unfiltered timeMs=333628271457, unFiltMeas=4395.000000, unFiltMeasUnc=0.000000
E/gsiff_sp_com(  659): I/sp_process_raw_sensor_data: ACCEL_DATA (-0.142055,-0.330812,-10.063872) samp num = 13, flag 0, read @ sns 333628267 ms, print @ sys 333628271 ms
E/gsiff_sp_and_ndk(  659): I/sp_and_ndk_polling_task: Num Samples read = 2!
E/os_kf   (  659): I/os_kf_filter_update: Unfiltered timeMs=333628291417, unFiltMeas=4181.000000, unFiltMeasUnc=0.000000
E/gsiff_sp_com(  659): I/sp_process_raw_sensor_data: GYRO_DATA (0.018109,-0.043676,-0.060720) samp num = 14, flag 0, read @ sns 333628287 ms, print @ sys 333628291 ms
E/os_kf   (  659): I/os_kf_filter_update: Unfiltered timeMs=333628291631, unFiltMeas=4395.000000, unFiltMeasUnc=0.000000
E/gsiff_sp_com(  659): I/sp_process_raw_sensor_data: ACCEL_DATA (-0.140258,-0.327220,-10.050849) samp num = 14, flag 0, read @ sns 333628287 ms, print @ sys 333628291 ms
E/gsiff_sp_and_ndk(  659): I/sp_and_ndk_polling_task: Num Samples read = 2!
E/os_kf   (  659): I/os_kf_filter_update: Unfiltered timeMs=333628313301, unFiltMeas=4853.000000, unFiltMeasUnc=0.000000
E/gsiff_sp_com(  659): I/sp_process_raw_sensor_data: GYRO_DATA (0.011718,-0.040480,-0.062851) samp num = 15, flag 0, read @ sns 333628308 ms, print @ sys 333628313 ms
E/gsiff_sp_com(  659): I/sp_send_sensor_data_batch: GYRO_DATA batch sent. Num Samples = 15 Start Time = 333628029 Time Range = 279
E/gsiff_dmn(  659): I/gsiff_data_task: Handling message type = 4
E/gsiff_dmn(  659): I/gsiff_daemon_inject_sensor_data_handler: Sending Sensor Data to LocApi. opaque_id = 40185
E/LocSvc_api_v02(  659): I/---> locClientSendReq line 1960 QMI_LOC_INJECT_SENSOR_DATA_REQ_V02
E/os_kf   (  659): I/os_kf_filter_update: Unfiltered timeMs=333628314033, unFiltMeas=5585.000000, unFiltMeasUnc=0.000000
E/gsiff_sp_com(  659): I/sp_process_raw_sensor_data: ACCEL_DATA (-0.111967,-0.353714,-10.075099) samp num = 15, flag 0, read @ sns 333628308 ms, print @ sys 333628314 ms
E/gsiff_sp_com(  659): I/sp_send_sensor_data_batch: ACCEL_DATA batch sent. Num Samples = 15 Start Time = 333628029 Time Range = 279
E/gsiff_dmn(  659): I/loc_api_resp_ind_callback: Received LocAPI Resp ind = 77
E/LocSvc_api_v02(  659): D/loc_sync_process_ind:171]: loc_sync_array not in use 
E/gsiff_dmn(  659): I/gsiff_data_task: Handling message type = 3
E/gsiff_dmn(  659): I/gsiff_daemon_inject_sensor_data_handler: Sending Sensor Data to LocApi. opaque_id = 40186
E/LocSvc_api_v02(  659): I/---> locClientSendReq line 1960 QMI_LOC_INJECT_SENSOR_DATA_REQ_V02
E/gsiff_dmn(  659): I/loc_api_resp_ind_callback: Received LocAPI Resp ind = 77
E/LocSvc_api_v02(  659): D/loc_sync_process_ind:171]: loc_sync_array not in use 
D/QMI_FW  (  659): QCCI: QMI_CCI_TX: cntl_flag - 00, txn_id - 9e90, msg_id - 004d, msg_len - 00e2
D/QMI_FW  (  659): QCCI: Sent[22]: 233 bytes to port 3072
D/QMI_FW  (  659): QCCI: reader_thread: Received 14 bytes from 22
D/QMI_FW  (  659): QCCI: QMI_CCI_RX: cntl_flag - 02, txn_id - 9e90, msg_id - 004d, msg_len - 0007
D/QMI_FW  (  659): QCCI: reader_thread: Received 29 bytes from 22
D/QMI_FW  (  659): QCCI: QMI_CCI_RX: cntl_flag - 04, txn_id - 0000, msg_id - 004d, msg_len - 0016
D/QMI_FW  (  659): QCCI: QMI_CCI_TX: cntl_flag - 00, txn_id - 9e91, msg_id - 004d, msg_len - 00e2
D/QMI_FW  (  659): QCCI: Sent[22]: 233 bytes to port 3072
D/QMI_FW  (  659): QCCI: reader_thread: Received 14 bytes from 22
D/QMI_FW  (  659): QCCI: QMI_CCI_RX: cntl_flag - 02, txn_id - 9e91, msg_id - 004d, msg_len - 0007
D/QMI_FW  (  659): QCCI: reader_thread: Received 29 bytes from 22
D/QMI_FW  (  659): QCCI: QMI_CCI_RX: cntl_flag - 04, txn_id - 0000, msg_id - 004d, msg_len - 0016
E/gsiff_sp_and_ndk(  659): I/sp_and_ndk_polling_task: Num Samples read = 2!
E/os_kf   (  659): I/os_kf_filter_update: Unfiltered timeMs=333628333810, unFiltMeas=5280.000000, unFiltMeasUnc=0.000000
E/gsiff_sp_com(  659): I/sp_process_raw_sensor_data: GYRO_DATA (0.007457,-0.037284,-0.060720) samp num = 1, flag 0, read @ sns 333628328 ms, print @ sys 333628333 ms
E/os_kf   (  659): I/os_kf_filter_update: Unfiltered timeMs=333628333993, unFiltMeas=5463.000000, unFiltMeasUnc=0.000000
E/gsiff_sp_com(  659): I/sp_process_raw_sensor_data: ACCEL_DATA (-0.126188,-0.351469,-10.096055) samp num = 1, flag 0, read @ sns 333628328 ms, print @ sys 333628334 ms
E/gsiff_sp_and_ndk(  659): I/sp_and_ndk_polling_task: Num Samples read = 2!
E/os_kf   (  659): I/os_kf_filter_update: Unfiltered timeMs=333628356273, unFiltMeas=7721.000000, unFiltMeasUnc=0.000000
E/gsiff_sp_com(  659): I/sp_process_raw_sensor_data: GYRO_DATA (0.005326,-0.036219,-0.062851) samp num = 2, flag 0, read @ sns 333628348 ms, print @ sys 333628356 ms
E/os_kf   (  659): I/os_kf_filter_update: Unfiltered timeMs=333628356456, unFiltMeas=7904.000000, unFiltMeasUnc=0.000000
E/gsiff_sp_com(  659): I/sp_process_raw_sensor_data: ACCEL_DATA (-0.121996,-0.368833,-10.062076) samp num = 2, flag 0, read @ sns 333628348 ms, print @ sys 333628356 ms
E/gsiff_sp_and_ndk(  659): I/sp_and_ndk_polling_task: Num Samples read = 2!
E/os_kf   (  659): I/os_kf_filter_update: Unfiltered timeMs=333628374708, unFiltMeas=6196.000000, unFiltMeasUnc=0.000000
E/gsiff_sp_com(  659): I/sp_process_raw_sensor_data: GYRO_DATA (0.005326,-0.033023,-0.062851) samp num = 3, flag 0, read @ sns 333628368 ms, print @ sys 333628374 ms
E/os_kf   (  659): I/os_kf_filter_update: Unfiltered timeMs=333628374891, unFiltMeas=6379.000000, unFiltMeasUnc=0.000000
E/gsiff_sp_com(  659): I/sp_process_raw_sensor_data: ACCEL_DATA (-0.143102,-0.377515,-10.060130) samp num = 3, flag 0, read @ sns 333628368 ms, print @ sys 333628374 ms
E/gsiff_sp_and_ndk(  659): I/sp_and_ndk_polling_task: Num Samples read = 2!
E/os_kf   (  659): I/os_kf_filter_update: Unfiltered timeMs=333628392928, unFiltMeas=4395.000000, unFiltMeasUnc=0.000000
E/gsiff_sp_com(  659): I/sp_process_raw_sensor_data: GYRO_DATA (0.002131,-0.033023,-0.062851) samp num = 4, flag 0, read @ sns 333628388 ms, print @ sys 333628393 ms
E/os_kf   (  659): I/os_kf_filter_update: Unfiltered timeMs=333628393142, unFiltMeas=4609.000000, unFiltMeasUnc=0.000000
E/gsiff_sp_com(  659): I/sp_process_raw_sensor_data: ACCEL_DATA (-0.122745,-0.364642,-10.037827) samp num = 4, flag 0, read @ sns 333628388 ms, print @ sys 333628393 ms
E/gsiff_sp_and_ndk(  659): I/sp_and_ndk_polling_task: Num Samples read = 2!
E/os_kf   (  659): I/os_kf_filter_update: Unfiltered timeMs=333628416490, unFiltMeas=7966.000000, unFiltMeasUnc=0.000000
E/gsiff_sp_com(  659): I/sp_process_raw_sensor_data: GYRO_DATA (0.003196,-0.028762,-0.061785) samp num = 5, flag 0, read @ sns 333628408 ms, print @ sys 333628416 ms
E/os_kf   (  659): I/os_kf_filter_update: Unfiltered timeMs=333628416704, unFiltMeas=8180.000000, unFiltMeasUnc=0.000000
E/gsiff_sp_com(  659): I/sp_process_raw_sensor_data: ACCEL_DATA (-0.130079,-0.347727,-10.052496) samp num = 5, flag 0, read @ sns 333628408 ms, print @ sys 333628416 ms
E/gsiff_sp_and_ndk(  659): I/sp_and_ndk_polling_task: Num Samples read = 2!
E/os_kf   (  659): I/os_kf_filter_update: Unfiltered timeMs=333628434253, unFiltMeas=5677.000000, unFiltMeasUnc=0.000000
E/gsiff_sp_com(  659): I/sp_process_raw_sensor_data: GYRO_DATA (0.002131,-0.027697,-0.061785) samp num = 6, flag 0, read @ sns 333628428 ms, print @ sys 333628434 ms
E/os_kf   (  659): I/os_kf_filter_update: Unfiltered timeMs=333628434466, unFiltMeas=5890.000000, unFiltMeasUnc=0.000000
E/gsiff_sp_com(  659): I/sp_process_raw_sensor_data: ACCEL_DATA (-0.109273,-0.332159,-10.108180) samp num = 6, flag 0, read @ sns 333628428 ms, print @ sys 333628434 ms
E/gsiff_sp_and_ndk(  659): I/sp_and_ndk_polling_task: Num Samples read = 2!
E/os_kf   (  659): I/os_kf_filter_update: Unfiltered timeMs=333628453755, unFiltMeas=5280.000000, unFiltMeasUnc=0.000000
E/gsiff_sp_com(  659): I/sp_process_raw_sensor_data: GYRO_DATA (0.002131,-0.029827,-0.058590) samp num = 7, flag 0, read @ sns 333628448 ms, print @ sys 333628453 ms
E/os_kf   (  659): I/os_kf_filter_update: Unfiltered timeMs=333628453938, unFiltMeas=5463.000000, unFiltMeasUnc=0.000000
E/gsiff_sp_com(  659): I/sp_process_raw_sensor_data: ACCEL_DATA (-0.119003,-0.322130,-10.050550) samp num = 7, flag 0, read @ sns 333628448 ms, print @ sys 333628454 ms
E/gsiff_sp_and_ndk(  659): I/sp_and_ndk_polling_task: Num Samples read = 2!
E/os_kf   (  659): I/os_kf_filter_update: Unfiltered timeMs=333628473746, unFiltMeas=5280.000000, unFiltMeasUnc=0.000000
E/gsiff_sp_com(  659): I/sp_process_raw_sensor_data: GYRO_DATA (0.000000,-0.033023,-0.057524) samp num = 8, flag 0, read @ sns 333628468 ms, print @ sys 333628473 ms
E/os_kf   (  659): I/os_kf_filter_update: Unfiltered timeMs=333628473960, unFiltMeas=5494.000000, unFiltMeasUnc=0.000000
E/gsiff_sp_com(  659): I/sp_process_raw_sensor_data: ACCEL_DATA (-0.093256,-0.327369,-10.045461) samp num = 8, flag 0, read @ sns 333628468 ms, print @ sys 333628474 ms
E/gsiff_sp_and_ndk(  659): I/sp_and_ndk_polling_task: Num Samples read = 2!
E/os_kf   (  659): I/os_kf_filter_update: Unfiltered timeMs=333628491295, unFiltMeas=4242.000000, unFiltMeasUnc=0.000000
E/gsiff_sp_com(  659): I/sp_process_raw_sensor_data: GYRO_DATA (0.001065,-0.033023,-0.055394) samp num = 9, flag 0, read @ sns 333628487 ms, print @ sys 333628491 ms
E/os_kf   (  659): I/os_kf_filter_update: Unfiltered timeMs=333628491509, unFiltMeas=4456.000000, unFiltMeasUnc=0.000000
E/gsiff_sp_com(  659): I/sp_process_raw_sensor_data: ACCEL_DATA (-0.095352,-0.311353,-10.033485) samp num = 9, flag 0, read @ sns 333628487 ms, print @ sys 333628491 ms
E/Sensors (  714): gyroHandler 0.001065 -0.034088 -0.055394
E/gsiff_sp_and_ndk(  659): I/sp_and_ndk_polling_task: Num Samples read = 2!
E/os_kf   (  659): I/os_kf_filter_update: Unfiltered timeMs=333628514399, unFiltMeas=5890.000000, unFiltMeasUnc=0.000000
E/gsiff_sp_com(  659): I/sp_process_raw_sensor_data: GYRO_DATA (0.001065,-0.034088,-0.055394) samp num = 10, flag 0, read @ sns 333628508 ms, print @ sys 333628514 ms
E/os_kf   (  659): I/os_kf_filter_update: Unfiltered timeMs=333628514582, unFiltMeas=6073.000000, unFiltMeasUnc=0.000000
E/gsiff_sp_com(  659): I/sp_process_raw_sensor_data: ACCEL_DATA (-0.076940,-0.300575,-10.053245) samp num = 10, flag 0, read @ sns 333628508 ms, print @ sys 333628514 ms
E/gsiff_sp_and_ndk(  659): I/sp_and_ndk_polling_task: Num Samples read = 2!
E/os_kf   (  659): I/os_kf_filter_update: Unfiltered timeMs=333628536282, unFiltMeas=7782.000000, unFiltMeasUnc=0.000000
E/gsiff_sp_com(  659): I/sp_process_raw_sensor_data: GYRO_DATA (0.000000,-0.035154,-0.056459) samp num = 11, flag 0, read @ sns 333628528 ms, print @ sys 333628536 ms
E/os_kf   (  659): I/os_kf_filter_update: Unfiltered timeMs=333628536466, unFiltMeas=7966.000000, unFiltMeasUnc=0.000000
E/gsiff_sp_com(  659): I/sp_process_raw_sensor_data: ACCEL_DATA (-0.088915,-0.293390,-10.060130) samp num = 11, flag 0, read @ sns 333628528 ms, print @ sys 333628536 ms
E/gsiff_sp_and_ndk(  659): I/sp_and_ndk_polling_task: Num Samples read = 2!
E/os_kf   (  659): I/os_kf_filter_update: Unfiltered timeMs=333628556304, unFiltMeas=7752.000000, unFiltMeasUnc=0.000000
E/gsiff_sp_com(  659): I/sp_process_raw_sensor_data: GYRO_DATA (0.003196,-0.036219,-0.056459) samp num = 12, flag 0, read @ sns 333628548 ms, print @ sys 333628556 ms
E/os_kf   (  659): I/os_kf_filter_update: Unfiltered timeMs=333628556517, unFiltMeas=7965.000000, unFiltMeasUnc=0.000000
E/gsiff_sp_com(  659): I/sp_process_raw_sensor_data: ACCEL_DATA (-0.094154,-0.248633,-10.074051) samp num = 12, flag 0, read @ sns 333628548 ms, print @ sys 333628556 ms
E/gsiff_sp_and_ndk(  659): I/sp_and_ndk_polling_task: Num Samples read = 2!
E/os_kf   (  659): I/os_kf_filter_update: Unfiltered timeMs=333628576295, unFiltMeas=7753.000000, unFiltMeasUnc=0.000000
E/gsiff_sp_com(  659): I/sp_process_raw_sensor_data: GYRO_DATA (0.006392,-0.037284,-0.055394) samp num = 13, flag 0, read @ sns 333628568 ms, print @ sys 333628576 ms
E/os_kf   (  659): I/os_kf_filter_update: Unfiltered timeMs=333628576478, unFiltMeas=7936.000000, unFiltMeasUnc=0.000000
E/gsiff_sp_com(  659): I/sp_process_raw_sensor_data: ACCEL_DATA (-0.103585,-0.276924,-10.078841) samp num = 13, flag 0, read @ sns 333628568 ms, print @ sys 333628576 ms
E/gsiff_sp_and_ndk(  659): I/sp_and_ndk_polling_task: Num Samples read = 2!
E/os_kf   (  659): I/os_kf_filter_update: Unfiltered timeMs=333628595950, unFiltMeas=7417.000000, unFiltMeasUnc=0.000000
E/gsiff_sp_com(  659): I/sp_process_raw_sensor_data: GYRO_DATA (0.006392,-0.039415,-0.053263) samp num = 14, flag 0, read @ sns 333628588 ms, print @ sys 333628596 ms
E/os_kf   (  659): I/os_kf_filter_update: Unfiltered timeMs=333628596133, unFiltMeas=7600.000000, unFiltMeasUnc=0.000000
E/gsiff_sp_com(  659): I/sp_process_raw_sensor_data: ACCEL_DATA (-0.116608,-0.299228,-10.073452) samp num = 14, flag 0, read @ sns 333628588 ms, print @ sys 333628596 ms
E/gsiff_sp_and_ndk(  659): I/sp_and_ndk_polling_task: Num Samples read = 2!
E/os_kf   (  659): I/os_kf_filter_update: Unfiltered timeMs=333628613713, unFiltMeas=7783.000000, unFiltMeasUnc=0.000000
E/gsiff_sp_com(  659): I/sp_process_raw_sensor_data: GYRO_DATA (0.006392,-0.041545,-0.051133) samp num = 15, flag 0, read @ sns 333628605 ms, print @ sys 333628613 ms
E/gsiff_sp_com(  659): I/sp_send_sensor_data_batch: GYRO_DATA batch sent. Num Samples = 15 Start Time = 333628328 Time Range = 277
E/gsiff_dmn(  659): I/gsiff_data_task: Handling message type = 4
E/gsiff_dmn(  659): I/gsiff_daemon_inject_sensor_data_handler: Sending Sensor Data to LocApi. opaque_id = 40187
E/LocSvc_api_v02(  659): I/---> locClientSendReq line 1960 QMI_LOC_INJECT_SENSOR_DATA_REQ_V02
E/os_kf   (  659): I/os_kf_filter_update: Unfiltered timeMs=333628614415, unFiltMeas=8485.000000, unFiltMeasUnc=0.000000
E/gsiff_sp_com(  659): I/sp_process_raw_sensor_data: ACCEL_DATA (-0.140558,-0.289947,-10.026151) samp num = 15, flag 0, read @ sns 333628605 ms, print @ sys 333628614 ms
E/gsiff_sp_com(  659): I/sp_send_sensor_data_batch: ACCEL_DATA batch sent. Num Samples = 15 Start Time = 333628328 Time Range = 277
E/gsiff_dmn(  659): I/loc_api_resp_ind_callback: Received LocAPI Resp ind = 77
E/LocSvc_api_v02(  659): D/loc_sync_process_ind:171]: loc_sync_array not in use 
E/gsiff_dmn(  659): I/gsiff_data_task: Handling message type = 3
E/gsiff_dmn(  659): I/gsiff_daemon_inject_sensor_data_handler: Sending Sensor Data to LocApi. opaque_id = 40188
E/LocSvc_api_v02(  659): I/---> locClientSendReq line 1960 QMI_LOC_INJECT_SENSOR_DATA_REQ_V02
E/gsiff_dmn(  659): I/loc_api_resp_ind_callback: Received LocAPI Resp ind = 77
E/LocSvc_api_v02(  659): D/loc_sync_process_ind:171]: loc_sync_array not in use 
D/QMI_FW  (  659): QCCI: QMI_CCI_TX: cntl_flag - 00, txn_id - 9e92, msg_id - 004d, msg_len - 00e2
D/QMI_FW  (  659): QCCI: Sent[22]: 233 bytes to port 3072
D/QMI_FW  (  659): QCCI: reader_thread: Received 14 bytes from 22
D/QMI_FW  (  659): QCCI: QMI_CCI_RX: cntl_flag - 02, txn_id - 9e92, msg_id - 004d, msg_len - 0007
D/QMI_FW  (  659): QCCI: reader_thread: Received 29 bytes from 22
D/QMI_FW  (  659): QCCI: QMI_CCI_RX: cntl_flag - 04, txn_id - 0000, msg_id - 004d, msg_len - 0016
D/QMI_FW  (  659): QCCI: QMI_CCI_TX: cntl_flag - 00, txn_id - 9e93, msg_id - 004d, msg_len - 00e2
D/QMI_FW  (  659): QCCI: Sent[22]: 233 bytes to port 3072
D/QMI_FW  (  659): QCCI: reader_thread: Received 14 bytes from 22
D/QMI_FW  (  659): QCCI: QMI_CCI_RX: cntl_flag - 02, txn_id - 9e93, msg_id - 004d, msg_len - 0007
D/QMI_FW  (  659): QCCI: reader_thread: Received 29 bytes from 22
D/QMI_FW  (  659): QCCI: QMI_CCI_RX: cntl_flag - 04, txn_id - 0000, msg_id - 004d, msg_len - 0016
E/gsiff_sp_and_ndk(  659): I/sp_and_ndk_polling_task: Num Samples read = 2!
E/os_kf   (  659): I/os_kf_filter_update: Unfiltered timeMs=333628636481, unFiltMeas=7722.000000, unFiltMeasUnc=0.000000
E/gsiff_sp_com(  659): I/sp_process_raw_sensor_data: GYRO_DATA (0.006392,-0.040480,-0.050067) samp num = 1, flag 0, read @ sns 333628628 ms, print @ sys 333628636 ms
E/os_kf   (  659): I/os_kf_filter_update: Unfiltered timeMs=333628636694, unFiltMeas=7935.000000, unFiltMeasUnc=0.000000
E/gsiff_sp_com(  659): I/sp_process_raw_sensor_data: ACCEL_DATA (-0.125739,-0.276026,-10.036629) samp num = 1, flag 0, read @ sns 333628628 ms, print @ sys 333628636 ms
E/gsiff_sp_and_ndk(  659): I/sp_and_ndk_polling_task: Num Samples read = 2!
E/os_kf   (  659): I/os_kf_filter_update: Unfiltered timeMs=333628656289, unFiltMeas=7783.000000, unFiltMeasUnc=0.000000
E/gsiff_sp_com(  659): I/sp_process_raw_sensor_data: GYRO_DATA (0.009587,-0.036219,-0.047937) samp num = 2, flag 0, read @ sns 333628648 ms, print @ sys 333628656 ms
E/os_kf   (  659): I/os_kf_filter_update: Unfiltered timeMs=333628656472, unFiltMeas=7966.000000, unFiltMeasUnc=0.000000
E/gsiff_sp_com(  659): I/sp_process_raw_sensor_data: ACCEL_DATA (-0.145797,-0.282014,-10.083182) samp num = 2, flag 0, read @ sns 333628648 ms, print @ sys 333628656 ms
E/Sensors (  714): accelHandler -0.118104 -0.311203 -10.075398
E/gsiff_sp_and_ndk(  659): I/sp_and_ndk_polling_task: Num Samples read = 2!
E/os_kf   (  659): I/os_kf_filter_update: Unfiltered timeMs=333628678507, unFiltMeas=7813.000000, unFiltMeasUnc=0.000000
E/gsiff_sp_com(  659): I/sp_process_raw_sensor_data: GYRO_DATA (0.009587,-0.036219,-0.046872) samp num = 3, flag 0, read @ sns 333628670 ms, print @ sys 333628678 ms
E/os_kf   (  659): I/os_kf_filter_update: Unfiltered timeMs=333628678721, unFiltMeas=8027.000000, unFiltMeasUnc=0.000000
E/gsiff_sp_com(  659): I/sp_process_raw_sensor_data: ACCEL_DATA (-0.118104,-0.311203,-10.075398) samp num = 3, flag 0, read @ sns 333628670 ms, print @ sys 333628678 ms
E/gsiff_sp_and_ndk(  659): I/sp_and_ndk_polling_task: Num Samples read = 2!
E/os_kf   (  659): I/os_kf_filter_update: Unfiltered timeMs=333628693584, unFiltMeas=5035.000000, unFiltMeasUnc=0.000000
E/gsiff_sp_com(  659): I/sp_process_raw_sensor_data: GYRO_DATA (0.009587,-0.038350,-0.044741) samp num = 4, flag 0, read @ sns 333628688 ms, print @ sys 333628693 ms
E/os_kf   (  659): I/os_kf_filter_update: Unfiltered timeMs=333628693768, unFiltMeas=5219.000000, unFiltMeasUnc=0.000000
E/gsiff_sp_com(  659): I/sp_process_raw_sensor_data: ACCEL_DATA (-0.135319,-0.332159,-10.052047) samp num = 4, flag 0, read @ sns 333628688 ms, print @ sys 333628694 ms
E/gsiff_sp_and_ndk(  659): I/sp_and_ndk_polling_task: Num Samples read = 2!
E/os_kf   (  659): I/os_kf_filter_update: Unfiltered timeMs=333628712873, unFiltMeas=5158.000000, unFiltMeasUnc=0.000000
E/gsiff_sp_com(  659): I/sp_process_raw_sensor_data: GYRO_DATA (0.007457,-0.037284,-0.045806) samp num = 5, flag 0, read @ sns 333628707 ms, print @ sys 333628712 ms
E/os_kf   (  659): I/os_kf_filter_update: Unfiltered timeMs=333628713819, unFiltMeas=6104.000000, unFiltMeasUnc=0.000000
E/gsiff_sp_com(  659): I/sp_process_raw_sensor_data: ACCEL_DATA (-0.142953,-0.330962,-10.047556) samp num = 5, flag 0, read @ sns 333628707 ms, print @ sys 333628713 ms
E/gsiff_sp_and_ndk(  659): I/sp_and_ndk_polling_task: Num Samples read = 2!
E/os_kf   (  659): I/os_kf_filter_update: Unfiltered timeMs=333628733017, unFiltMeas=4578.000000, unFiltMeasUnc=0.000000
E/gsiff_sp_com(  659): I/sp_process_raw_sensor_data: GYRO_DATA (0.007457,-0.035154,-0.044741) samp num = 6, flag 0, read @ sns 333628728 ms, print @ sys 333628733 ms
E/os_kf   (  659): I/os_kf_filter_update: Unfiltered timeMs=333628733200, unFiltMeas=4761.000000, unFiltMeasUnc=0.000000
E/gsiff_sp_com(  659): I/sp_process_raw_sensor_data: ACCEL_DATA (-0.165705,-0.318538,-10.015972) samp num = 6, flag 0, read @ sns 333628728 ms, print @ sys 333628733 ms
E/gsiff_sp_and_ndk(  659): I/sp_and_ndk_polling_task: Num Samples read = 2!
E/os_kf   (  659): I/os_kf_filter_update: Unfiltered timeMs=333628763751, unFiltMeas=15260.000000, unFiltMeasUnc=0.000000
E/gsiff_sp_com(  659): I/sp_process_raw_sensor_data: GYRO_DATA (0.006392,-0.036219,-0.044741) samp num = 7, flag 0, read @ sns 333628748 ms, print @ sys 333628763 ms
E/os_kf   (  659): I/os_kf_filter_update: Unfiltered timeMs=333628763964, unFiltMeas=15473.000000, unFiltMeasUnc=0.000000
E/gsiff_sp_com(  659): I/sp_process_raw_sensor_data: ACCEL_DATA (-0.149988,-0.316143,-10.030492) samp num = 7, flag 0, read @ sns 333628748 ms, print @ sys 333628764 ms
E/gsiff_sp_and_ndk(  659): I/sp_and_ndk_polling_task: Num Samples read = 2!
E/os_kf   (  659): I/os_kf_filter_update: Unfiltered timeMs=333628778828, unFiltMeas=12452.000000, unFiltMeasUnc=0.000000
E/gsiff_sp_com(  659): I/sp_process_raw_sensor_data: GYRO_DATA (0.007457,-0.036219,-0.043676) samp num = 8, flag 0, read @ sns 333628766 ms, print @ sys 333628778 ms
E/os_kf   (  659): I/os_kf_filter_update: Unfiltered timeMs=333628779011, unFiltMeas=12635.000000, unFiltMeasUnc=0.000000
E/gsiff_sp_com(  659): I/sp_process_raw_sensor_data: ACCEL_DATA (-0.125140,-0.307610,-10.069710) samp num = 8, flag 0, read @ sns 333628766 ms, print @ sys 333628779 ms
E/gsiff_sp_and_ndk(  659): I/sp_and_ndk_polling_task: Num Samples read = 2!
E/os_kf   (  659): I/os_kf_filter_update: Unfiltered timeMs=333628801962, unFiltMeas=12513.000000, unFiltMeasUnc=0.000000
E/gsiff_sp_com(  659): I/sp_process_raw_sensor_data: GYRO_DATA (0.008522,-0.034088,-0.039415) samp num = 9, flag 0, read @ sns 333628789 ms, print @ sys 333628802 ms
E/os_kf   (  659): I/os_kf_filter_update: Unfiltered timeMs=333628802176, unFiltMeas=12727.000000, unFiltMeasUnc=0.000000
E/gsiff_sp_com(  659): I/sp_process_raw_sensor_data: ACCEL_DATA (-0.121248,-0.322280,-10.096804) samp num = 9, flag 0, read @ sns 333628789 ms, print @ sys 333628802 ms
E/gsiff_sp_and_ndk(  659): I/sp_and_ndk_polling_task: Num Samples read = 2!
E/os_kf   (  659): I/os_kf_filter_update: Unfiltered timeMs=333628818138, unFiltMeas=8332.000000, unFiltMeasUnc=0.000000
E/gsiff_sp_com(  659): I/sp_process_raw_sensor_data: GYRO_DATA (0.008522,-0.033023,-0.036219) samp num = 10, flag 0, read @ sns 333628809 ms, print @ sys 333628818 ms
E/os_kf   (  659): I/os_kf_filter_update: Unfiltered timeMs=333628818352, unFiltMeas=8546.000000, unFiltMeasUnc=0.000000
E/gsiff_sp_com(  659): I/sp_process_raw_sensor_data: ACCEL_DATA (-0.121996,-0.349074,-10.076895) samp num = 10, flag 0, read @ sns 333628809 ms, print @ sys 333628818 ms
E/gsiff_sp_and_ndk(  659): I/sp_and_ndk_polling_task: Num Samples read = 2!
E/os_kf   (  659): I/os_kf_filter_update: Unfiltered timeMs=333628836694, unFiltMeas=10193.000000, unFiltMeasUnc=0.000000
E/gsiff_sp_com(  659): I/sp_process_raw_sensor_data: GYRO_DATA (0.008522,-0.036219,-0.034088) samp num = 11, flag 0, read @ sns 333628826 ms, print @ sys 333628836 ms
E/os_kf   (  659): I/os_kf_filter_update: Unfiltered timeMs=333628836908, unFiltMeas=10407.000000, unFiltMeasUnc=0.000000
E/gsiff_sp_com(  659): I/sp_process_raw_sensor_data: ACCEL_DATA (-0.111668,-0.357008,-10.058783) samp num = 11, flag 0, read @ sns 333628826 ms, print @ sys 333628837 ms
E/gsiff_sp_and_ndk(  659): I/sp_and_ndk_polling_task: Num Samples read = 2!
E/os_kf   (  659): I/os_kf_filter_update: Unfiltered timeMs=333628852870, unFiltMeas=6684.000000, unFiltMeasUnc=0.000000
E/gsiff_sp_com(  659): I/sp_process_raw_sensor_data: GYRO_DATA (0.007457,-0.037284,-0.031958) samp num = 12, flag 0, read @ sns 333628846 ms, print @ sys 333628852 ms
E/os_kf   (  659): I/os_kf_filter_update: Unfiltered timeMs=333628853084, unFiltMeas=6898.000000, unFiltMeasUnc=0.000000
E/gsiff_sp_com(  659): I/sp_process_raw_sensor_data: ACCEL_DATA (-0.114512,-0.382604,-10.049652) samp num = 12, flag 0, read @ sns 333628846 ms, print @ sys 333628853 ms
D/SensorManager(17911): unregisterListener::  Listener= com.google.android.location.c.G$1@425e12a0
D/Sensors (17911): Remain listener = Sending .. normal delay 200ms
I/Sensors (17911): sendDelay --- 200000000
I/SensorService(  714): info.selectDelay() ns=66666000  
V/Sensors (  714): setDelay - sensor Accelerometer (handle 4), rate 66 ms (15.00 Hz)
D/SensorService(  714): SensorDevice::setDelay, Return(true 1, false 0) =  1
D/SensorManager(17911): JNI - sendDelay
I/SensorManager(17911): Set normal delay = true
D/SensorService(  714): SensorDevice::activating sensor handle=4 ns=66666000 
V/Sensors (  714): setDelay - sensor Accelerometer (handle 4), rate 66 ms (15.00 Hz)
E/Sensors (  714): activatePendingSensors : mEnabled = 18
E/Sensors (  714): requested_sensors(7f) from kernel
I/Sensors (  714): Disabled 9 axis sensor fusion
I/MPL-mldl_cfg_mpu:(  714): inv_mpu_suspend(,,,,7fff) -> 0000
E/Sensors (  714): set fifo rate - divider : 13, delay : 66 ms (15.00 Hz)
V/Sensors (  714): Starting DMP
W/MPL-9_sup(  714): 9 axis sensor fusion not available - No compass detected.
I/Sensors (  714): Enabled 9 axis sensor fusion
E/LocSvc_adapter(  714): I/<--- void globalEventCb(locClientHandleType, uint32_t, locClientEventIndUnionType, void*) line 88 QMI_LOC_EVENT_NMEA_IND_V02
E/LocSvc_eng(  714): D/void loc_eng_deferred_action_thread(void*):1465] received msg_id = LOC_ENG_MSG_REPORT_NMEA context = 0x58b43618
E/LocSvc_eng(  714): I/<=== nmea_cb line 1683 0x66216610
E/LocSvc_adapter(  714): I/<--- void globalEventCb(locClientHandleType, uint32_t, locClientEventIndUnionType, void*) line 88 QMI_LOC_EVENT_NMEA_IND_V02
D/QMI_FW  (  714): QCCI: reader_thread: Received 72 bytes from 268
D/QMI_FW  (  714): QCCI: QMI_CCI_RX: cntl_flag - 04, txn_id - 0000, msg_id - 0026, msg_len - 0041
D/QMI_FW  (  714): QCCI: reader_thread: Received 72 bytes from 268
D/QMI_FW  (  714): QCCI: QMI_CCI_RX: cntl_flag - 04, txn_id - 0000, msg_id - 0026, msg_len - 0041
E/LocSvc_eng(  714): D/void loc_eng_deferred_action_thread(void*):1465] received msg_id = LOC_ENG_MSG_REPORT_NMEA context = 0x58b43618
E/LocSvc_eng(  714): I/<=== nmea_cb line 1683 0x66216610
D/QMI_FW  (  714): QCCI: reader_thread: Received 50 bytes from 268
E/LocSvc_adapter(  714): I/<--- void globalEventCb(locClientHandleType, uint32_t, locClientEventIndUnionType, void*) line 88 QMI_LOC_EVENT_NMEA_IND_V02
D/QMI_FW  (  714): QCCI: QMI_CCI_RX: cntl_flag - 04, txn_id - 0000, msg_id - 0026, msg_len - 002b
E/LocSvc_eng(  714): D/void loc_eng_deferred_action_thread(void*):1465] received msg_id = LOC_ENG_MSG_REPORT_NMEA context = 0x58b43618
E/LocSvc_eng(  714): I/<=== nmea_cb line 1683 0x63bf8cc8
D/QMI_FW  (  714): QCCI: reader_thread: Received 76 bytes from 268
D/QMI_FW  (  714): QCCI: QMI_CCI_RX: cntl_flag - 04, txn_id - 0000, msg_id - 0026, msg_len - 0045
I/MPL-mldl_cfg_mpu:(  714): inv_mpu_resume(,,,,007f) -> 007f
E/LocSvc_adapter(  714): I/<--- void globalEventCb(locClientHandleType, uint32_t, locClientEventIndUnionType, void*) line 88 QMI_LOC_EVENT_NMEA_IND_V02
E/LocSvc_eng(  714): D/void loc_eng_deferred_action_thread(void*):1465] received msg_id = LOC_ENG_MSG_REPORT_NMEA context = 0x58b43618
E/LocSvc_eng(  714): I/<=== nmea_cb line 1683 0x5f1106d8
E/LocSvc_adapter(  714): I/<--- void globalEventCb(locClientHandleType, uint32_t, locClientEventIndUnionType, void*) line 88 QMI_LOC_EVENT_NMEA_IND_V02
E/LocSvc_eng(  714): D/void loc_eng_deferred_action_thread(void*):1465] received msg_id = LOC_ENG_MSG_REPORT_NMEA context = 0x58b43618
E/LocSvc_eng(  714): I/<=== nmea_cb line 1683 0x5f1106d8
E/LocSvc_adapter(  714): I/<--- void globalEventCb(locClientHandleType, uint32_t, locClientEventIndUnionType, void*) line 88 QMI_LOC_EVENT_NMEA_IND_V02
D/QMI_FW  (  714): QCCI: reader_thread: Received 72 bytes from 268
D/QMI_FW  (  714): QCCI: QMI_CCI_RX: cntl_flag - 04, txn_id - 0000, msg_id - 0026, msg_len - 0041
D/QMI_FW  (  714): QCCI: reader_thread: Received 39 bytes from 268
D/QMI_FW  (  714): QCCI: QMI_CCI_RX: cntl_flag - 04, txn_id - 0000, msg_id - 0026, msg_len - 0020
E/LocSvc_eng(  714): D/void loc_eng_deferred_action_thread(void*):1465] received msg_id = LOC_ENG_MSG_REPORT_NMEA context = 0x58b43618
E/LocSvc_eng(  714): I/<=== nmea_cb line 1683 0x6258be30
E/LocSvc_adapter(  714): I/<--- void globalEventCb(locClientHandleType, uint32_t, locClientEventIndUnionType, void*) line 88 QMI_LOC_EVENT_GNSS_SV_INFO_IND_V02
E/LocSvc_adapter(  714): I/num sv: 19    ephemeris mask: -246894592    almanac mask: f148b000    used in fix mask: 0
E/LocSvc_adapter(  714):       sv: prn         snr       elevation      azimuth
E/LocSvc_adapter(  714): I/   10:   80    10.600000    47.000000    33.000000
E/LocSvc_adapter(  714): I/   11:   72    11.900000    17.000000    329.000000
E/LocSvc_eng(  714): D/void loc_eng_deferred_action_thread(void*):1465] received msg_id = LOC_ENG_MSG_REPORT_SV context = 0x58b43618
E/LocSvc_afw(  714): I/Entering void sv_cb(GpsSvStatus*, void*) line 1282 
E/LocSvc_afw(  714): I/<=== sv_status_cb - line 1284 19
E/LocSvc_afw(  714): I/Exiting void sv_cb(GpsSvStatus*, void*) line 1287 None
E/LocSvc_adapter(  714): I/<--- void globalEventCb(locClientHandleType, uint32_t, locClientEventIndUnionType, void*) line 88 QMI_LOC_EVENT_NMEA_IND_V02
D/QMI_FW  (  714): QCCI: reader_thread: Received 547 bytes from 268
D/QMI_FW  (  714): QCCI: QMI_CCI_RX: cntl_flag - 04, txn_id - 0000, msg_id - 0025, msg_len - 021c
D/QMI_FW  (  714): QCCI: reader_thread: Received 44 bytes from 268
D/QMI_FW  (  714): QCCI: QMI_CCI_RX: cntl_flag - 04, txn_id - 0000, msg_id - 0026, msg_len - 0025
E/LocSvc_eng(  714): D/void loc_eng_deferred_action_thread(void*):1465] received msg_id = LOC_ENG_MSG_REPORT_NMEA context = 0x58b43618
E/LocSvc_eng(  714): I/<=== nmea_cb line 1683 0x6258be30
E/LocSvc_adapter(  714): I/<--- void globalEventCb(locClientHandleType, uint32_t, locClientEventIndUnionType, void*) line 88 QMI_LOC_EVENT_NMEA_IND_V02
E/LocSvc_eng(  714): D/void loc_eng_deferred_action_thread(void*):1465] received msg_id = LOC_ENG_MSG_REPORT_NMEA context = 0x58b43618
E/LocSvc_eng(  714): I/<=== nmea_cb line 1683 0x6258be30
E/LocSvc_adapter(  714): I/<--- void globalEventCb(locClientHandleType, uint32_t, locClientEventIndUnionType, void*) line 88 QMI_LOC_EVENT_NMEA_IND_V02
D/QMI_FW  (  714): QCCI: reader_thread: Received 43 bytes from 268
D/QMI_FW  (  714): QCCI: QMI_CCI_RX: cntl_flag - 04, txn_id - 0000, msg_id - 0026, msg_len - 0024
D/QMI_FW  (  714): QCCI: reader_thread: Received 35 bytes from 268
D/QMI_FW  (  714): QCCI: QMI_CCI_RX: cntl_flag - 04, txn_id - 0000, msg_id - 0026, msg_len - 001c
E/LocSvc_eng(  714): D/void loc_eng_deferred_action_thread(void*):1465] received msg_id = LOC_ENG_MSG_REPORT_NMEA context = 0x58b43618
E/LocSvc_eng(  714): I/<=== nmea_cb line 1683 0x68a33560
E/LocSvc_adapter(  714): I/<--- void globalEventCb(locClientHandleType, uint32_t, locClientEventIndUnionType, void*) line 88 QMI_LOC_EVENT_NMEA_IND_V02
E/LocSvc_eng(  714): D/void loc_eng_deferred_action_thread(void*):1465] received msg_id = LOC_ENG_MSG_REPORT_NMEA context = 0x58b43618
E/LocSvc_eng(  714): I/<=== nmea_cb line 1683 0x68a33560
E/LocSvc_adapter(  714): I/<--- void globalEventCb(locClientHandleType, uint32_t, locClientEventIndUnionType, void*) line 88 QMI_LOC_EVENT_NMEA_IND_V02
E/LocSvc_eng(  714): D/void loc_eng_deferred_action_thread(void*):1465] received msg_id = LOC_ENG_MSG_REPORT_NMEA context = 0x58b43618
E/LocSvc_eng(  714): I/<=== nmea_cb line 1683 0x6258be30
E/LocSvc_adapter(  714): I/<--- void globalEventCb(locClientHandleType, uint32_t, locClientEventIndUnionType, void*) line 88 QMI_LOC_EVENT_NMEA_IND_V02
D/QMI_FW  (  714): QCCI: reader_thread: Received 35 bytes from 268
D/QMI_FW  (  714): QCCI: QMI_CCI_RX: cntl_flag - 04, txn_id - 0000, msg_id - 0026, msg_len - 001c
D/QMI_FW  (  714): QCCI: reader_thread: Received 40 bytes from 268
D/QMI_FW  (  714): QCCI: QMI_CCI_RX: cntl_flag - 04, txn_id - 0000, msg_id - 0026, msg_len - 0021
D/QMI_FW  (  714): QCCI: reader_thread: Received 40 bytes from 268
D/QMI_FW  (  714): QCCI: QMI_CCI_RX: cntl_flag - 04, txn_id - 0000, msg_id - 0026, msg_len - 0021
E/MP-Decision( 1533): UP Ld:5 Nw:1.990000 Tw:140 rq:2.300000 seq:147.000000
E/LocSvc_eng(  714): D/void loc_eng_deferred_action_thread(void*):1465] received msg_id = LOC_ENG_MSG_REPORT_NMEA context = 0x58b43618
E/LocSvc_eng(  714): I/<=== nmea_cb line 1683 0x6258be30
E/LocSvc_adapter(  714): I/<--- void globalEventCb(locClientHandleType, uint32_t, locClientEventIndUnionType, void*) line 88 QMI_LOC_EVENT_POSITION_REPORT_IND_V02
E/LocSvc_eng(  714): D/void loc_eng_deferred_action_thread(void*):1465] received msg_id = LOC_ENG_MSG_REPORT_POSITION context = 0x58b43618
D/QMI_FW  (  714): QCCI: reader_thread: Received 171 bytes from 268
D/QMI_FW  (  714): QCCI: QMI_CCI_RX: cntl_flag - 04, txn_id - 0000, msg_id - 0024, msg_len - 00a4
E/gsiff_sp_and_ndk(  659): I/sp_and_ndk_polling_task: Num Samples read = 2!
E/os_kf   (  659): I/os_kf_filter_update: Unfiltered timeMs=333629103656, unFiltMeas=6653.000000, unFiltMeasUnc=0.000000
E/os_kf   (  659): I/os_kf_filter_update: Filter d_Residual=-62.000000 d_ExpectedVar2=45091225.000000, d_MeasVar2=3844.000000
E/os_kf   (  659): I/os_kf_filter_update: Filtered timeMs=333629103656, FiltMeas=6653.261299
E/gsiff_sp_com(  659): I/sp_process_raw_sensor_data: GYRO_DATA (0.002131,-0.031958,-0.002131) samp num = 13, flag 0, read @ sns 333629097 ms, print @ sys 333629103 ms
E/gsiff_sp_com(  659): I/sp_send_sensor_data_batch: GYRO_DATA batch sent. Num Samples = 13 Start Time = 333628628 Time Range = 469
E/os_kf   (  659): I/os_kf_filter_update: Unfiltered timeMs=333629104053, unFiltMeas=7050.000000, unFiltMeasUnc=0.000000
E/gsiff_sp_com(  659): I/sp_process_raw_sensor_data: ACCEL_DATA (-0.121098,-0.361199,-9.529782) samp num = 13, flag 0, read @ sns 333629097 ms, print @ sys 333629104 ms
E/gsiff_sp_com(  659): I/sp_send_sensor_data_batch: ACCEL_DATA batch sent. Num Samples = 13 Start Time = 333628628 Time Range = 469
E/gsiff_dmn(  659): I/gsiff_data_task: Handling message type = 4
E/gsiff_dmn(  659): I/gsiff_daemon_inject_sensor_data_handler: Sending Sensor Data to LocApi. opaque_id = 40189
E/LocSvc_api_v02(  659): I/---> locClientSendReq line 1960 QMI_LOC_INJECT_SENSOR_DATA_REQ_V02
E/gsiff_dmn(  659): I/loc_api_resp_ind_callback: Received LocAPI Resp ind = 77
E/LocSvc_api_v02(  659): D/loc_sync_process_ind:171]: loc_sync_array not in use 
E/gsiff_dmn(  659): I/gsiff_data_task: Handling message type = 3
E/gsiff_dmn(  659): I/gsiff_daemon_inject_sensor_data_handler: Sending Sensor Data to LocApi. opaque_id = 40190
E/LocSvc_api_v02(  659): I/---> locClientSendReq line 1960 QMI_LOC_INJECT_SENSOR_DATA_REQ_V02
W/AlarmManager(  714): FACTORY_ON= 0
D/QMI_FW  (  659): QCCI: QMI_CCI_TX: cntl_flag - 00, txn_id - 9e94, msg_id - 004d, msg_len - 00c6
D/QMI_FW  (  659): QCCI: Sent[22]: 205 bytes to port 3072
D/QMI_FW  (  659): QCCI: reader_thread: Received 14 bytes from 22
D/QMI_FW  (  659): QCCI: QMI_CCI_RX: cntl_flag - 02, txn_id - 9e94, msg_id - 004d, msg_len - 0007
D/QMI_FW  (  659): QCCI: reader_thread: Received 29 bytes from 22
D/QMI_FW  (  659): QCCI: QMI_CCI_RX: cntl_flag - 04, txn_id - 0000, msg_id - 004d, msg_len - 0016
D/QMI_FW  (  659): QCCI: QMI_CCI_TX: cntl_flag - 00, txn_id - 9e95, msg_id - 004d, msg_len - 00c6
D/QMI_FW  (  659): QCCI: Sent[22]: 205 bytes to port 3072
E/gsiff_dmn(  659): I/loc_api_resp_ind_callback: Received LocAPI Resp ind = 77
E/LocSvc_api_v02(  659): D/loc_sync_process_ind:171]: loc_sync_array not in use 
D/QMI_FW  (  659): QCCI: reader_thread: Received 14 bytes from 22
D/QMI_FW  (  659): QCCI: QMI_CCI_RX: cntl_flag - 02, txn_id - 9e95, msg_id - 004d, msg_len - 0007
D/QMI_FW  (  659): QCCI: reader_thread: Received 29 bytes from 22
D/QMI_FW  (  659): QCCI: QMI_CCI_RX: cntl_flag - 04, txn_id - 0000, msg_id - 004d, msg_len - 0016
W/AlarmManager(  714): FACTORY_ON= 0
D/dalvikvm( 1749): WAIT_FOR_CONCURRENT_GC blocked 0ms
E/gsiff_sp_and_ndk(  659): I/sp_and_ndk_polling_task: Num Samples read = 2!
E/os_kf   (  659): I/os_kf_filter_update: Unfiltered timeMs=333629170130, unFiltMeas=3114.000000, unFiltMeasUnc=0.000000
E/gsiff_sp_com(  659): I/sp_process_raw_sensor_data: GYRO_DATA (-0.004261,-0.034088,-0.001065) samp num = 1, flag 0, read @ sns 333629167 ms, print @ sys 333629170 ms
E/os_kf   (  659): I/os_kf_filter_update: Unfiltered timeMs=333629170313, unFiltMeas=3297.000000, unFiltMeasUnc=0.000000
E/gsiff_sp_com(  659): I/sp_process_raw_sensor_data: ACCEL_DATA (-0.079934,-0.388742,-9.954150) samp num = 1, flag 0, read @ sns 333629167 ms, print @ sys 333629170 ms
D/dalvikvm( 1749): GC_EXPLICIT freed 1564K, 37% free 13513K/21187K, paused 7ms+11ms, total 106ms
E/gsiff_sp_and_ndk(  659): I/sp_and_ndk_polling_task: Num Samples read = 2!
E/os_kf   (  659): I/os_kf_filter_update: Unfiltered timeMs=333629239502, unFiltMeas=2441.000000, unFiltMeasUnc=0.000000
E/gsiff_sp_com(  659): I/sp_process_raw_sensor_data: GYRO_DATA (-0.003196,-0.031958,0.001065) samp num = 2, flag 0, read @ sns 333629237 ms, print @ sys 333629239 ms
E/os_kf   (  659): I/os_kf_filter_update: Unfiltered timeMs=333629239685, unFiltMeas=2624.000000, unFiltMeasUnc=0.000000
E/gsiff_sp_com(  659): I/sp_process_raw_sensor_data: ACCEL_DATA (-0.113913,-0.329615,-10.062675) samp num = 2, flag 0, read @ sns 333629237 ms, print @ sys 333629239 ms
E/Watchdog(  714): !@Sync 11117
E/gsiff_sp_and_ndk(  659): I/sp_and_ndk_polling_task: Num Samples read = 2!
E/os_kf   (  659): I/os_kf_filter_update: Unfiltered timeMs=333629309455, unFiltMeas=2472.000000, unFiltMeasUnc=0.000000
E/gsiff_sp_com(  659): I/sp_process_raw_sensor_data: GYRO_DATA (0.005326,-0.024501,0.008522) samp num = 3, flag 0, read @ sns 333629306 ms, print @ sys 333629309 ms
E/os_kf   (  659): I/os_kf_filter_update: Unfiltered timeMs=333629309669, unFiltMeas=2686.000000, unFiltMeasUnc=0.000000
E/gsiff_sp_com(  659): I/sp_process_raw_sensor_data: ACCEL_DATA (-0.165556,-0.318687,-10.087822) samp num = 3, flag 0, read @ sns 333629306 ms, print @ sys 333629309 ms
E/gsiff_sp_and_ndk(  659): I/sp_and_ndk_polling_task: Num Samples read = 2!
E/os_kf   (  659): I/os_kf_filter_update: Unfiltered timeMs=333629379316, unFiltMeas=2380.000000, unFiltMeasUnc=0.000000
E/gsiff_sp_com(  659): I/sp_process_raw_sensor_data: GYRO_DATA (0.003196,-0.023436,0.013848) samp num = 4, flag 0, read @ sns 333629376 ms, print @ sys 333629379 ms
E/os_kf   (  659): I/os_kf_filter_update: Unfiltered timeMs=333629379499, unFiltMeas=2563.000000, unFiltMeasUnc=0.000000
E/gsiff_sp_com(  659): I/sp_process_raw_sensor_data: ACCEL_DATA (-0.102986,-0.359552,-10.056088) samp num = 4, flag 0, read @ sns 333629376 ms, print @ sys 333629379 ms
E/gsiff_sp_and_ndk(  659): I/sp_and_ndk_polling_task: Num Samples read = 2!
E/os_kf   (  659): I/os_kf_filter_update: Unfiltered timeMs=333629449299, unFiltMeas=2350.000000, unFiltMeasUnc=0.000000
E/gsiff_sp_com(  659): I/sp_process_raw_sensor_data: GYRO_DATA (-0.002131,-0.029827,0.022371) samp num = 5, flag 0, read @ sns 333629446 ms, print @ sys 333629449 ms
E/gsiff_sp_com(  659): I/sp_send_sensor_data_batch: GYRO_DATA batch sent. Num Samples = 5 Start Time = 333629167 Time Range = 279
E/os_kf   (  659): I/os_kf_filter_update: Unfiltered timeMs=333629449574, unFiltMeas=2625.000000, unFiltMeasUnc=0.000000
E/gsiff_sp_com(  659): I/sp_process_raw_sensor_data: ACCEL_DATA (-0.055834,-0.348326,-10.057285) samp num = 5, flag 0, read @ sns 333629446 ms, print @ sys 333629449 ms
E/gsiff_sp_com(  659): I/sp_send_sensor_data_batch: ACCEL_DATA batch sent. Num Samples = 5 Start Time = 333629167 Time Range = 279
E/gsiff_dmn(  659): I/gsiff_data_task: Handling message type = 4
E/gsiff_dmn(  659): I/gsiff_daemon_inject_sensor_data_handler: Sending Sensor Data to LocApi. opaque_id = 40191
E/LocSvc_api_v02(  659): I/---> locClientSendReq line 1960 QMI_LOC_INJECT_SENSOR_DATA_REQ_V02
E/gsiff_dmn(  659): I/gsiff_data_task: Handling message type = 3
E/gsiff_dmn(  659): I/gsiff_daemon_inject_sensor_data_handler: Sending Sensor Data to LocApi. opaque_id = 40192
E/LocSvc_api_v02(  659): I/---> locClientSendReq line 1960 QMI_LOC_INJECT_SENSOR_DATA_REQ_V02
E/gsiff_dmn(  659): I/loc_api_resp_ind_callback: Received LocAPI Resp ind = 77
E/LocSvc_api_v02(  659): D/loc_sync_process_ind:171]: loc_sync_array not in use 
E/gsiff_dmn(  659): I/loc_api_resp_ind_callback: Received LocAPI Resp ind = 77
E/LocSvc_api_v02(  659): D/loc_sync_process_ind:171]: loc_sync_array not in use 
D/QMI_FW  (  659): QCCI: QMI_CCI_TX: cntl_flag - 00, txn_id - 9e96, msg_id - 004d, msg_len - 0056
D/QMI_FW  (  659): QCCI: Sent[22]: 93 bytes to port 3072
D/QMI_FW  (  659): QCCI: reader_thread: Received 14 bytes from 22
D/QMI_FW  (  659): QCCI: QMI_CCI_RX: cntl_flag - 02, txn_id - 9e96, msg_id - 004d, msg_len - 0007
D/QMI_FW  (  659): QCCI: QMI_CCI_TX: cntl_flag - 00, txn_id - 9e97, msg_id - 004d, msg_len - 0056
D/QMI_FW  (  659): QCCI: Sent[22]: 93 bytes to port 3072
D/QMI_FW  (  659): QCCI: reader_thread: Received 29 bytes from 22
D/QMI_FW  (  659): QCCI: QMI_CCI_RX: cntl_flag - 04, txn_id - 0000, msg_id - 004d, msg_len - 0016
D/QMI_FW  (  659): QCCI: reader_thread: Received 14 bytes from 22
D/QMI_FW  (  659): QCCI: QMI_CCI_RX: cntl_flag - 02, txn_id - 9e97, msg_id - 004d, msg_len - 0007
D/QMI_FW  (  659): QCCI: reader_thread: Received 29 bytes from 22
D/QMI_FW  (  659): QCCI: QMI_CCI_RX: cntl_flag - 04, txn_id - 0000, msg_id - 004d, msg_len - 0016
E/MP-Decision( 1533): DOWN Ld:10 Ns:1.100000 Ts:190 rq:0.500000 seq:196.000000
E/gsiff_sp_and_ndk(  659): I/sp_and_ndk_polling_task: Num Samples read = 2!
E/os_kf   (  659): I/os_kf_filter_update: Unfiltered timeMs=333629522121, unFiltMeas=3662.000000, unFiltMeasUnc=0.000000
E/gsiff_sp_com(  659): I/sp_process_raw_sensor_data: GYRO_DATA (0.001065,-0.039415,0.018109) samp num = 1, flag 0, read @ sns 333629518 ms, print @ sys 333629522 ms
E/os_kf   (  659): I/os_kf_filter_update: Unfiltered timeMs=333629522335, unFiltMeas=3876.000000, unFiltMeasUnc=0.000000
E/gsiff_sp_com(  659): I/sp_process_raw_sensor_data: ACCEL_DATA (-0.082029,-0.337249,-10.056388) samp num = 1, flag 0, read @ sns 333629518 ms, print @ sys 333629522 ms
E/gsiff_sp_and_ndk(  659): I/sp_and_ndk_polling_task: Num Samples read = 2!
E/os_kf   (  659): I/os_kf_filter_update: Unfiltered timeMs=333629592837, unFiltMeas=4456.000000, unFiltMeasUnc=0.000000
E/gsiff_sp_com(  659): I/sp_process_raw_sensor_data: GYRO_DATA (0.004261,-0.040480,0.005326) samp num = 2, flag 0, read @ sns 333629588 ms, print @ sys 333629592 ms
E/os_kf   (  659): I/os_kf_filter_update: Unfiltered timeMs=333629593020, unFiltMeas=4639.000000, unFiltMeasUnc=0.000000
E/gsiff_sp_com(  659): I/sp_process_raw_sensor_data: ACCEL_DATA (-0.100291,-0.318837,-10.039473) samp num = 2, flag 0, read @ sns 333629588 ms, print @ sys 333629593 ms
I/wpa_supplicant( 1586): nl80211: Received scan results (17 BSSes)
D/Tethering(  714): interfaceLinkStateChanged wlan0, true
D/Tethering(  714): interfaceStatusChanged wlan0, true
E/gsiff_sp_and_ndk(  659): I/sp_and_ndk_polling_task: Num Samples read = 2!
E/os_kf   (  659): I/os_kf_filter_update: Unfiltered timeMs=333629662026, unFiltMeas=4974.000000, unFiltMeasUnc=0.000000
E/gsiff_sp_com(  659): I/sp_process_raw_sensor_data: GYRO_DATA (0.008522,-0.038350,0.001065) samp num = 3, flag 0, read @ sns 333629657 ms, print @ sys 333629662 ms
E/os_kf   (  659): I/os_kf_filter_update: Unfiltered timeMs=333629662209, unFiltMeas=5157.000000, unFiltMeasUnc=0.000000
E/gsiff_sp_com(  659): I/sp_process_raw_sensor_data: ACCEL_DATA (-0.101489,-0.327968,-10.058783) samp num = 3, flag 0, read @ sns 333629657 ms, print @ sys 333629662 ms
E/gsiff_sp_and_ndk(  659): I/sp_and_ndk_polling_task: Num Samples read = 2!
E/os_kf   (  659): I/os_kf_filter_update: Unfiltered timeMs=333629729385, unFiltMeas=2442.000000, unFiltMeasUnc=0.000000
E/gsiff_sp_com(  659): I/sp_process_raw_sensor_data: GYRO_DATA (0.009587,-0.039415,-0.011718) samp num = 4, flag 0, read @ sns 333629726 ms, print @ sys 333629729 ms
E/os_kf   (  659): I/os_kf_filter_update: Unfiltered timeMs=333629729568, unFiltMeas=2625.000000, unFiltMeasUnc=0.000000
E/gsiff_sp_com(  659): I/sp_process_raw_sensor_data: ACCEL_DATA (-0.107776,-0.388592,-10.076296) samp num = 4, flag 0, read @ sns 333629726 ms, print @ sys 333629729 ms
E/gsiff_sp_and_ndk(  659): I/sp_and_ndk_polling_task: Num Samples read = 2!
E/os_kf   (  659): I/os_kf_filter_update: Unfiltered timeMs=333629799246, unFiltMeas=2320.000000, unFiltMeasUnc=0.000000
E/gsiff_sp_com(  659): I/sp_process_raw_sensor_data: GYRO_DATA (0.001065,-0.043676,-0.013848) samp num = 5, flag 0, read @ sns 333629796 ms, print @ sys 333629799 ms
E/gsiff_sp_com(  659): I/sp_send_sensor_data_batch: GYRO_DATA batch sent. Num Samples = 5 Start Time = 333629518 Time Range = 278
E/os_kf   (  659): I/os_kf_filter_update: Unfiltered timeMs=333629799521, unFiltMeas=2595.000000, unFiltMeasUnc=0.000000
E/gsiff_sp_com(  659): I/sp_process_raw_sensor_data: ACCEL_DATA (-0.081730,-0.370031,-10.032437) samp num = 5, flag 0, read @ sns 333629796 ms, print @ sys 333629799 ms
E/gsiff_sp_com(  659): I/sp_send_sensor_data_batch: ACCEL_DATA batch sent. Num Samples = 5 Start Time = 333629518 Time Range = 278
E/gsiff_dmn(  659): I/gsiff_data_task: Handling message type = 4
E/gsiff_dmn(  659): I/gsiff_daemon_inject_sensor_data_handler: Sending Sensor Data to LocApi. opaque_id = 40193
E/LocSvc_api_v02(  659): I/---> locClientSendReq line 1960 QMI_LOC_INJECT_SENSOR_DATA_REQ_V02
D/QMI_FW  (  659): QCCI: QMI_CCI_TX: cntl_flag - 00, txn_id - 9e98, msg_id - 004d, msg_len - 0056
E/gsiff_dmn(  659): I/gsiff_data_task: Handling message type = 3
E/gsiff_dmn(  659): I/gsiff_daemon_inject_sensor_data_handler: Sending Sensor Data to LocApi. opaque_id = 40194
E/LocSvc_api_v02(  659): I/---> locClientSendReq line 1960 QMI_LOC_INJECT_SENSOR_DATA_REQ_V02
E/gsiff_dmn(  659): I/loc_api_resp_ind_callback: Received LocAPI Resp ind = 77
E/LocSvc_api_v02(  659): D/loc_sync_process_ind:171]: loc_sync_array not in use 
E/gsiff_dmn(  659): I/loc_api_resp_ind_callback: Received LocAPI Resp ind = 77
E/LocSvc_api_v02(  659): D/loc_sync_process_ind:171]: loc_sync_array not in use 
