D/QMI_FW  (  659): QCCI: Sent[22]: 93 bytes to port 3072
D/QMI_FW  (  659): QCCI: reader_thread: Received 14 bytes from 22
D/QMI_FW  (  659): QCCI: QMI_CCI_RX: cntl_flag - 02, txn_id - 9e98, msg_id - 004d, msg_len - 0007
D/QMI_FW  (  659): QCCI: QMI_CCI_TX: cntl_flag - 00, txn_id - 9e99, msg_id - 004d, msg_len - 0056
D/QMI_FW  (  659): QCCI: Sent[22]: 93 bytes to port 3072
D/QMI_FW  (  659): QCCI: reader_thread: Received 29 bytes from 22
D/QMI_FW  (  659): QCCI: QMI_CCI_RX: cntl_flag - 04, txn_id - 0000, msg_id - 004d, msg_len - 0016
D/QMI_FW  (  659): QCCI: reader_thread: Received 14 bytes from 22
D/QMI_FW  (  659): QCCI: QMI_CCI_RX: cntl_flag - 02, txn_id - 9e99, msg_id - 004d, msg_len - 0007
D/QMI_FW  (  659): QCCI: reader_thread: Received 29 bytes from 22
D/QMI_FW  (  659): QCCI: QMI_CCI_RX: cntl_flag - 04, txn_id - 0000, msg_id - 004d, msg_len - 0016
D/dalvikvm(  714): WAIT_FOR_CONCURRENT_GC blocked 0ms
E/gsiff_sp_and_ndk(  659): I/sp_and_ndk_polling_task: Num Samples read = 2!
E/os_kf   (  659): I/os_kf_filter_update: Unfiltered timeMs=333629869382, unFiltMeas=2411.000000, unFiltMeasUnc=0.000000
E/gsiff_sp_com(  659): I/sp_process_raw_sensor_data: GYRO_DATA (0.005326,-0.039415,-0.021305) samp num = 1, flag 0, read @ sns 333629866 ms, print @ sys 333629869 ms
E/os_kf   (  659): I/os_kf_filter_update: Unfiltered timeMs=333629869595, unFiltMeas=2624.000000, unFiltMeasUnc=0.000000
E/gsiff_sp_com(  659): I/sp_process_raw_sensor_data: ACCEL_DATA (-0.145947,-0.363444,-10.069860) samp num = 1, flag 0, read @ sns 333629866 ms, print @ sys 333629869 ms
E/LocSvc_adapter(  714): I/<--- void globalEventCb(locClientHandleType, uint32_t, locClientEventIndUnionType, void*) line 88 QMI_LOC_EVENT_NMEA_IND_V02
E/LocSvc_eng(  714): D/void loc_eng_deferred_action_thread(void*):1465] received msg_id = LOC_ENG_MSG_REPORT_NMEA context = 0x58b43618
E/LocSvc_eng(  714): I/<=== nmea_cb line 1683 0x635e4758
E/LocSvc_adapter(  714): I/<--- void globalEventCb(locClientHandleType, uint32_t, locClientEventIndUnionType, void*) line 88 QMI_LOC_EVENT_NMEA_IND_V02
D/QMI_FW  (  714): QCCI: reader_thread: Received 72 bytes from 268
D/QMI_FW  (  714): QCCI: QMI_CCI_RX: cntl_flag - 04, txn_id - 0000, msg_id - 0026, msg_len - 0041
D/QMI_FW  (  714): QCCI: reader_thread: Received 72 bytes from 268
D/QMI_FW  (  714): QCCI: QMI_CCI_RX: cntl_flag - 04, txn_id - 0000, msg_id - 0026, msg_len - 0041
V/AlarmManager(  714): waitForAlarm result :4
E/LocSvc_eng(  714): D/void loc_eng_deferred_action_thread(void*):1465] received msg_id = LOC_ENG_MSG_REPORT_NMEA context = 0x58b43618
E/LocSvc_eng(  714): I/<=== nmea_cb line 1683 0x635e4758
E/LocSvc_adapter(  714): I/<--- void globalEventCb(locClientHandleType, uint32_t, locClientEventIndUnionType, void*) line 88 QMI_LOC_EVENT_NMEA_IND_V02
E/gsiff_sp_and_ndk(  659): I/sp_and_ndk_polling_task: Num Samples read = 2!
E/os_kf   (  659): I/os_kf_filter_update: Unfiltered timeMs=333629939518, unFiltMeas=2534.000000, unFiltMeasUnc=0.000000
E/gsiff_sp_com(  659): I/sp_process_raw_sensor_data: GYRO_DATA (0.000000,-0.030893,-0.023436) samp num = 2, flag 0, read @ sns 333629936 ms, print @ sys 333629939 ms
E/os_kf   (  659): I/os_kf_filter_update: Unfiltered timeMs=333629939731, unFiltMeas=2747.000000, unFiltMeasUnc=0.000000
E/gsiff_sp_com(  659): I/sp_process_raw_sensor_data: ACCEL_DATA (-0.155078,-0.370779,-10.059681) samp num = 2, flag 0, read @ sns 333629936 ms, print @ sys 333629939 ms
D/QMI_FW  (  714): QCCI: reader_thread: Received 50 bytes from 268
D/QMI_FW  (  714): QCCI: QMI_CCI_RX: cntl_flag - 04, txn_id - 0000, msg_id - 0026, msg_len - 002b
E/MP-Decision( 1533): UP Ld:4 Nw:1.990000 Tw:140 rq:3.100000 seq:147.000000
E/LocSvc_eng(  714): D/void loc_eng_deferred_action_thread(void*):1465] received msg_id = LOC_ENG_MSG_REPORT_NMEA context = 0x58b43618
E/LocSvc_eng(  714): I/<=== nmea_cb line 1683 0x63bf8cc8
E/LocSvc_adapter(  714): I/<--- void globalEventCb(locClientHandleType, uint32_t, locClientEventIndUnionType, void*) line 88 QMI_LOC_EVENT_NMEA_IND_V02
E/LocSvc_adapter(  714): I/<--- void globalEventCb(locClientHandleType, uint32_t, locClientEventIndUnionType, void*) line 88 QMI_LOC_EVENT_NMEA_IND_V02
E/LocSvc_adapter(  714): I/<--- void globalEventCb(locClientHandleType, uint32_t, locClientEventIndUnionType, void*) line 88 QMI_LOC_EVENT_NMEA_IND_V02
E/LocSvc_adapter(  714): I/<--- void globalEventCb(locClientHandleType, uint32_t, locClientEventIndUnionType, void*) line 88 QMI_LOC_EVENT_NMEA_IND_V02
E/LocSvc_adapter(  714): I/<--- void globalEventCb(locClientHandleType, uint32_t, locClientEventIndUnionType, void*) line 88 QMI_LOC_EVENT_GNSS_SV_INFO_IND_V02
E/LocSvc_adapter(  714): I/num sv: 19    ephemeris mask: -246894592    almanac mask: f148b000    used in fix mask: 0
E/LocSvc_adapter(  714):       sv: prn         snr       elevation      azimuth
E/LocSvc_adapter(  714): I/   10:   80    10.600000    47.000000    33.000000
E/LocSvc_adapter(  714): I/   11:   72    11.900000    17.000000    329.000000
E/LocSvc_eng(  714): D/void loc_eng_deferred_action_thread(void*):1465] received msg_id = LOC_ENG_MSG_REPORT_NMEA context = 0x58b43618
E/LocSvc_eng(  714): I/<=== nmea_cb line 1683 0x635e4758
E/LocSvc_eng(  714): D/void loc_eng_deferred_action_thread(void*):1465] received msg_id = LOC_ENG_MSG_REPORT_NMEA context = 0x58b43618
E/LocSvc_eng(  714): I/<=== nmea_cb line 1683 0x625938c0
E/LocSvc_eng(  714): D/void loc_eng_deferred_action_thread(void*):1465] received msg_id = LOC_ENG_MSG_REPORT_NMEA context = 0x58b43618
E/LocSvc_eng(  714): I/<=== nmea_cb line 1683 0x61819120
D/QMI_FW  (  714): QCCI: reader_thread: Received 76 bytes from 268
D/QMI_FW  (  714): QCCI: QMI_CCI_RX: cntl_flag - 04, txn_id - 0000, msg_id - 0026, msg_len - 0045
D/QMI_FW  (  714): QCCI: reader_thread: Received 72 bytes from 268
D/QMI_FW  (  714): QCCI: QMI_CCI_RX: cntl_flag - 04, txn_id - 0000, msg_id - 0026, msg_len - 0041
D/QMI_FW  (  714): QCCI: reader_thread: Received 39 bytes from 268
D/QMI_FW  (  714): QCCI: QMI_CCI_RX: cntl_flag - 04, txn_id - 0000, msg_id - 0026, msg_len - 0020
D/QMI_FW  (  714): QCCI: reader_thread: Received 44 bytes from 268
D/QMI_FW  (  714): QCCI: QMI_CCI_RX: cntl_flag - 04, txn_id - 0000, msg_id - 0026, msg_len - 0025
D/QMI_FW  (  714): QCCI: reader_thread: Received 547 bytes from 268
D/QMI_FW  (  714): QCCI: QMI_CCI_RX: cntl_flag - 04, txn_id - 0000, msg_id - 0025, msg_len - 021c
D/QMI_FW  (  714): QCCI: reader_thread: Received 43 bytes from 268
E/LocSvc_eng(  714): D/void loc_eng_deferred_action_thread(void*):1465] received msg_id = LOC_ENG_MSG_REPORT_NMEA context = 0x58b43618
E/LocSvc_eng(  714): I/<=== nmea_cb line 1683 0x64428ba0
E/LocSvc_eng(  714): D/void loc_eng_deferred_action_thread(void*):1465] received msg_id = LOC_ENG_MSG_REPORT_SV context = 0x58b43618
E/LocSvc_afw(  714): I/Entering void sv_cb(GpsSvStatus*, void*) line 1282 
E/LocSvc_afw(  714): I/<=== sv_status_cb - line 1284 19
E/LocSvc_afw(  714): I/Exiting void sv_cb(GpsSvStatus*, void*) line 1287 None
E/LocSvc_adapter(  714): I/<--- void globalEventCb(locClientHandleType, uint32_t, locClientEventIndUnionType, void*) line 88 QMI_LOC_EVENT_NMEA_IND_V02
E/LocSvc_eng(  714): D/void loc_eng_deferred_action_thread(void*):1465] received msg_id = LOC_ENG_MSG_REPORT_NMEA context = 0x58b43618
E/LocSvc_eng(  714): I/<=== nmea_cb line 1683 0x69cefbb0
E/LocSvc_adapter(  714): I/<--- void globalEventCb(locClientHandleType, uint32_t, locClientEventIndUnionType, void*) line 88 QMI_LOC_EVENT_NMEA_IND_V02
E/LocSvc_eng(  714): D/void loc_eng_deferred_action_thread(void*):1465] received msg_id = LOC_ENG_MSG_REPORT_NMEA context = 0x58b43618
E/LocSvc_eng(  714): I/<=== nmea_cb line 1683 0x63bb3160
E/LocSvc_adapter(  714): I/<--- void globalEventCb(locClientHandleType, uint32_t, locClientEventIndUnionType, void*) line 88 QMI_LOC_EVENT_NMEA_IND_V02
E/LocSvc_eng(  714): D/void loc_eng_deferred_action_thread(void*):1465] received msg_id = LOC_ENG_MSG_REPORT_NMEA context = 0x58b43618
E/LocSvc_eng(  714): I/<=== nmea_cb line 1683 0x63bb3160
E/LocSvc_adapter(  714): I/<--- void globalEventCb(locClientHandleType, uint32_t, locClientEventIndUnionType, void*) line 88 QMI_LOC_EVENT_NMEA_IND_V02
E/LocSvc_eng(  714): D/void loc_eng_deferred_action_thread(void*):1465] received msg_id = LOC_ENG_MSG_REPORT_NMEA context = 0x58b43618
E/LocSvc_eng(  714): I/<=== nmea_cb line 1683 0x69cefbb0
E/LocSvc_adapter(  714): I/<--- void globalEventCb(locClientHandleType, uint32_t, locClientEventIndUnionType, void*) line 88 QMI_LOC_EVENT_NMEA_IND_V02
E/LocSvc_eng(  714): D/void loc_eng_deferred_action_thread(void*):1465] received msg_id = LOC_ENG_MSG_REPORT_NMEA context = 0x58b43618
E/LocSvc_eng(  714): I/<=== nmea_cb line 1683 0x69cefbb0
D/QMI_FW  (  714): QCCI: QMI_CCI_RX: cntl_flag - 04, txn_id - 0000, msg_id - 0026, msg_len - 0024
D/QMI_FW  (  714): QCCI: reader_thread: Received 35 bytes from 268
D/QMI_FW  (  714): QCCI: QMI_CCI_RX: cntl_flag - 04, txn_id - 0000, msg_id - 0026, msg_len - 001c
D/QMI_FW  (  714): QCCI: reader_thread: Received 35 bytes from 268
D/QMI_FW  (  714): QCCI: QMI_CCI_RX: cntl_flag - 04, txn_id - 0000, msg_id - 0026, msg_len - 001c
D/QMI_FW  (  714): QCCI: reader_thread: Received 40 bytes from 268
D/QMI_FW  (  714): QCCI: QMI_CCI_RX: cntl_flag - 04, txn_id - 0000, msg_id - 0026, msg_len - 0021
D/QMI_FW  (  714): QCCI: reader_thread: Received 40 bytes from 268
D/QMI_FW  (  714): QCCI: QMI_CCI_RX: cntl_flag - 04, txn_id - 0000, msg_id - 0026, msg_len - 0021
E/LocSvc_adapter(  714): I/<--- void globalEventCb(locClientHandleType, uint32_t, locClientEventIndUnionType, void*) line 88 QMI_LOC_EVENT_POSITION_REPORT_IND_V02
E/LocSvc_eng(  714): D/void loc_eng_deferred_action_thread(void*):1465] received msg_id = LOC_ENG_MSG_REPORT_POSITION context = 0x58b43618
D/QMI_FW  (  714): QCCI: reader_thread: Received 171 bytes from 268
D/QMI_FW  (  714): QCCI: QMI_CCI_RX: cntl_flag - 04, txn_id - 0000, msg_id - 0024, msg_len - 00a4
E/gsiff_sp_and_ndk(  659): I/sp_and_ndk_polling_task: Num Samples read = 2!
E/os_kf   (  659): I/os_kf_filter_update: Unfiltered timeMs=333630009226, unFiltMeas=2319.000000, unFiltMeasUnc=0.000000
E/gsiff_sp_com(  659): I/sp_process_raw_sensor_data: GYRO_DATA (-0.001065,-0.028762,-0.024501) samp num = 3, flag 0, read @ sns 333630006 ms, print @ sys 333630009 ms
E/os_kf   (  659): I/os_kf_filter_update: Unfiltered timeMs=333630009409, unFiltMeas=2502.000000, unFiltMeasUnc=0.000000
E/gsiff_sp_com(  659): I/sp_process_raw_sensor_data: ACCEL_DATA (-0.138312,-0.371078,-10.065069) samp num = 3, flag 0, read @ sns 333630006 ms, print @ sys 333630009 ms
E/gsiff_sp_and_ndk(  659): I/sp_and_ndk_polling_task: Num Samples read = 2!
E/os_kf   (  659): I/os_kf_filter_update: Unfiltered timeMs=333630079240, unFiltMeas=2289.000000, unFiltMeasUnc=0.000000
E/gsiff_sp_com(  659): I/sp_process_raw_sensor_data: GYRO_DATA (-0.001065,-0.028762,-0.021305) samp num = 4, flag 0, read @ sns 333630076 ms, print @ sys 333630079 ms
E/os_kf   (  659): I/os_kf_filter_update: Unfiltered timeMs=333630079423, unFiltMeas=2472.000000, unFiltMeasUnc=0.000000
E/gsiff_sp_com(  659): I/sp_process_raw_sensor_data: ACCEL_DATA (-0.105980,-0.348775,-10.067615) samp num = 4, flag 0, read @ sns 333630076 ms, print @ sys 333630079 ms
E/gsiff_sp_and_ndk(  659): I/sp_and_ndk_polling_task: Num Samples read = 2!
E/os_kf   (  659): I/os_kf_filter_update: Unfiltered timeMs=333630149681, unFiltMeas=2747.000000, unFiltMeasUnc=0.000000
E/os_kf   (  659): I/os_kf_filter_update: Filter d_Residual=-3906.261299 d_ExpectedVar2=190094.405856, d_MeasVar2=15258877.337384
E/os_kf   (  659): I/os_kf_filter_update: Filter outlier detection. timeMs=333630149681, d_MeasVar2=15258877.337, d_ExpectedVar2=190094.406
E/os_kf   (  659): I/os_kf_filter_update: Filtered timeMs=333630149681, FiltMeas=6653.261299
E/gsiff_sp_com(  659): I/sp_process_raw_sensor_data: GYRO_DATA (0.002131,-0.033023,-0.010653) samp num = 5, flag 0, read @ sns 333630146 ms, print @ sys 333630149 ms
E/gsiff_sp_com(  659): I/sp_send_sensor_data_batch: GYRO_DATA batch sent. Num Samples = 5 Start Time = 333629866 Time Range = 280
E/os_kf   (  659): I/os_kf_filter_update: Unfiltered timeMs=333630150169, unFiltMeas=3235.000000, unFiltMeasUnc=0.000000
E/os_kf   (  659): I/os_kf_filter_update: Filter d_Residual=-3418.261299 d_ExpectedVar2=190094.405856, d_MeasVar2=11684510.309395
E/os_kf   (  659): I/os_kf_filter_update: Filter outlier detection. timeMs=333630150169, d_MeasVar2=11684510.309, d_ExpectedVar2=190094.406
E/os_kf   (  659): I/os_kf_filter_update: Filtered timeMs=333630150169, FiltMeas=6653.261299
E/gsiff_sp_com(  659): I/sp_process_raw_sensor_data: ACCEL_DATA (-0.111967,-0.324525,-10.062076) samp num = 5, flag 0, read @ sns 333630146 ms, print @ sys 333630150 ms
E/gsiff_sp_com(  659): I/sp_send_sensor_data_batch: ACCEL_DATA batch sent. Num Samples = 5 Start Time = 333629866 Time Range = 280
E/gsiff_dmn(  659): I/gsiff_data_task: Handling message type = 4
E/gsiff_dmn(  659): I/gsiff_daemon_inject_sensor_data_handler: Sending Sensor Data to LocApi. opaque_id = 40195
E/LocSvc_api_v02(  659): I/---> locClientSendReq line 1960 QMI_LOC_INJECT_SENSOR_DATA_REQ_V02
E/gsiff_dmn(  659): I/loc_api_resp_ind_callback: Received LocAPI Resp ind = 77
E/LocSvc_api_v02(  659): D/loc_sync_process_ind:171]: loc_sync_array not in use 
E/gsiff_dmn(  659): I/gsiff_data_task: Handling message type = 3
E/gsiff_dmn(  659): I/gsiff_daemon_inject_sensor_data_handler: Sending Sensor Data to LocApi. opaque_id = 40196
E/LocSvc_api_v02(  659): I/---> locClientSendReq line 1960 QMI_LOC_INJECT_SENSOR_DATA_REQ_V02
E/gsiff_dmn(  659): I/loc_api_resp_ind_callback: Received LocAPI Resp ind = 77
E/LocSvc_api_v02(  659): D/loc_sync_process_ind:171]: loc_sync_array not in use 
D/QMI_FW  (  659): QCCI: QMI_CCI_TX: cntl_flag - 00, txn_id - 9e9a, msg_id - 004d, msg_len - 0056
D/QMI_FW  (  659): QCCI: Sent[22]: 93 bytes to port 3072
D/QMI_FW  (  659): QCCI: reader_thread: Received 14 bytes from 22
D/QMI_FW  (  659): QCCI: QMI_CCI_RX: cntl_flag - 02, txn_id - 9e9a, msg_id - 004d, msg_len - 0007
D/QMI_FW  (  659): QCCI: reader_thread: Received 29 bytes from 22
D/QMI_FW  (  659): QCCI: QMI_CCI_RX: cntl_flag - 04, txn_id - 0000, msg_id - 004d, msg_len - 0016
D/QMI_FW  (  659): QCCI: QMI_CCI_TX: cntl_flag - 00, txn_id - 9e9b, msg_id - 004d, msg_len - 0056
D/QMI_FW  (  659): QCCI: Sent[22]: 93 bytes to port 3072
D/QMI_FW  (  659): QCCI: reader_thread: Received 14 bytes from 22
D/QMI_FW  (  659): QCCI: QMI_CCI_RX: cntl_flag - 02, txn_id - 9e9b, msg_id - 004d, msg_len - 0007
D/QMI_FW  (  659): QCCI: reader_thread: Received 29 bytes from 22
D/QMI_FW  (  659): QCCI: QMI_CCI_RX: cntl_flag - 04, txn_id - 0000, msg_id - 004d, msg_len - 0016
E/gsiff_sp_and_ndk(  659): I/sp_and_ndk_polling_task: Num Samples read = 2!
E/os_kf   (  659): I/os_kf_filter_update: Unfiltered timeMs=333630219298, unFiltMeas=2350.000000, unFiltMeasUnc=0.000000
E/os_kf   (  659): I/os_kf_filter_update: Filter d_Residual=-4303.261299 d_ExpectedVar2=190094.405856, d_MeasVar2=18518057.808924
E/os_kf   (  659): I/os_kf_filter_update: Filter outlier detection. timeMs=333630219298, d_MeasVar2=18518057.809, d_ExpectedVar2=190094.406
E/os_kf   (  659): I/os_kf_filter_update: Filtered timeMs=333630219298, FiltMeas=6653.261299
E/gsiff_sp_com(  659): I/sp_process_raw_sensor_data: GYRO_DATA (0.003196,-0.034088,-0.009587) samp num = 1, flag 0, read @ sns 333630216 ms, print @ sys 333630219 ms
E/os_kf   (  659): I/os_kf_filter_update: Unfiltered timeMs=333630219634, unFiltMeas=2686.000000, unFiltMeasUnc=0.000000
E/os_kf   (  659): I/os_kf_filter_update: Filter d_Residual=-3967.261299 d_ExpectedVar2=190094.405856, d_MeasVar2=15739162.215882
E/os_kf   (  659): I/os_kf_filter_update: Filter outlier detection. timeMs=333630219634, d_MeasVar2=15739162.216, d_ExpectedVar2=190094.406
E/os_kf   (  659): I/os_kf_filter_update: Filtered timeMs=333630219634, FiltMeas=6653.261299
E/gsiff_sp_com(  659): I/sp_process_raw_sensor_data: ACCEL_DATA (-0.123493,-0.338596,-10.063423) samp num = 1, flag 0, read @ sns 333630216 ms, print @ sys 333630219 ms
E/gsiff_sp_and_ndk(  659): I/sp_and_ndk_polling_task: Num Samples read = 2!
E/os_kf   (  659): I/os_kf_filter_update: Unfiltered timeMs=333630289251, unFiltMeas=2320.000000, unFiltMeasUnc=0.000000
E/os_kf   (  659): I/os_kf_filter_update: Filter d_Residual=-4333.261299 d_ExpectedVar2=190094.405856, d_MeasVar2=18777153.486874
E/os_kf   (  659): I/os_kf_filter_update: Filter outlier detection. timeMs=333630289251, d_MeasVar2=18777153.487, d_ExpectedVar2=190094.406
E/os_kf   (  659): I/os_kf_filter_update: Filtered timeMs=333630289251, FiltMeas=6653.261299
E/gsiff_sp_com(  659): I/sp_process_raw_sensor_data: GYRO_DATA (0.003196,-0.033023,-0.003196) samp num = 2, flag 0, read @ sns 333630286 ms, print @ sys 333630289 ms
E/os_kf   (  659): I/os_kf_filter_update: Unfiltered timeMs=333630289556, unFiltMeas=2625.000000, unFiltMeasUnc=0.000000
E/os_kf   (  659): I/os_kf_filter_update: Filter d_Residual=-4028.261299 d_ExpectedVar2=190094.405856, d_MeasVar2=16226889.094381
E/os_kf   (  659): I/os_kf_filter_update: Filter outlier detection. timeMs=333630289556, d_MeasVar2=16226889.094, d_ExpectedVar2=190094.406
E/os_kf   (  659): I/os_kf_filter_update: Filtered timeMs=333630289556, FiltMeas=6653.261299
E/gsiff_sp_com(  659): I/sp_process_raw_sensor_data: ACCEL_DATA (-0.106279,-0.346380,-10.062076) samp num = 2, flag 0, read @ sns 333630286 ms, print @ sys 333630289 ms
D/dalvikvm(  714): GC_EXPLICIT freed 2072K, 24% free 35830K/46599K, paused 19ms+47ms, total 476ms
V/AlarmManager(  714): trigger ELAPSED_REALTIME_WAKEUP or RTC_WAKEUP
W/AlarmManager(  714): FACTORY_ON= 0
E/WifiHW  (  714): ##################### set firmware type 0 #####################
D/WifiStateMachine(  714): setWifiEnabled : WifiNative.setFwType(0)
E/gsiff_sp_and_ndk(  659): I/sp_and_ndk_polling_task: Num Samples read = 2!
E/os_kf   (  659): I/os_kf_filter_update: Unfiltered timeMs=333630362805, unFiltMeas=4548.000000, unFiltMeasUnc=0.000000
E/os_kf   (  659): I/os_kf_filter_update: Filter d_Residual=-2105.261299 d_ExpectedVar2=190094.405856, d_MeasVar2=4432125.137778
E/os_kf   (  659): I/os_kf_filter_update: Filtered timeMs=333630362805, FiltMeas=5647.231600
E/gsiff_sp_com(  659): I/sp_process_raw_sensor_data: GYRO_DATA (0.005326,-0.034088,-0.007457) samp num = 3, flag 0, read @ sns 333630358 ms, print @ sys 333630362 ms
E/os_kf   (  659): I/os_kf_filter_update: Unfiltered timeMs=333630363079, unFiltMeas=4822.000000, unFiltMeasUnc=0.000000
E/gsiff_sp_com(  659): I/sp_process_raw_sensor_data: ACCEL_DATA (-0.126487,-0.358055,-10.069560) samp num = 3, flag 0, read @ sns 333630358 ms, print @ sys 333630363 ms
D/GpsLocationProvider(  714): updateCriteria with action: 2minTime 0 minDistance 0.0 singleShot false criteria: null
D/GpsLocationProvider(  714): JNI:Inupdate_criteria: action:2, minTime:0, minDistance:0.000000, singleShot:0, horizontalAccuracy:0, powerRequirement:0 
D/GpsLocationProvider(  714): JNI:Inupdate_criteria: After translation action:2, minTime:0, minDistance:0.000000, singleShot:0, horizontalAccuracy:0, powerRequirement:0 
D/GpsLocationProvider(  714): JNI:Inupdate_criteria:Before call to interface->update_criteria(native_criteria)
E/LocSvc_afw(  714): I/Entering int loc_update_criteria(UlpLocationCriteria) line 856 
E/LocSvc_eng(  714): I/===> int loc_eng_update_criteria(loc_eng_data_s_type&, UlpLocationCriteria) line 2099 
E/LocSvc_eng(  714): I/Exiting int loc_eng_update_criteria(loc_eng_data_s_type&, UlpLocationCriteria) line 2117 -1
E/LocSvc_afw(  714): I/Exiting int loc_update_criteria(UlpLocationCriteria) line 859 -1
D/GpsLocationProvider(  714): Gps MessageHandler. msg.what 9 msg.arg1:10038 msg.arg2: 0
D/GpsLocationProvider(  714): Gps MessageHandler. msg.what 3 msg.arg1:0 msg.arg2: 1
D/GpsLocationProvider(  714): In handleEnableLocationTrackingGps. enable false
D/GpsLocationProvider(  714): In stopNavigating.beg  mHybridStarted: falsemGpsStarted: true
E/LocSvc_afw(  714): I/Entering int loc_stop() line 702 
E/LocSvc_eng(  714): I/===> int loc_eng_stop(loc_eng_data_s_type&) line 611 
E/LocSvc_eng(  714): D/void loc_eng_deferred_action_thread(void*):1465] received msg_id = LOC_ENG_MSG_STOP_FIX context = 0x58b43618
E/LocSvc_eng(  714): I/Entering int loc_eng_stop_handler(loc_eng_data_s_type&) line 637 
E/LocSvc_adapter(  714): D/ virtual loc_api_adapter_err LocApiV02Adapter::stopFix():362]: stop called 
E/LocSvc_api_v02(  714): I/---> locClientSendReq line 1960 QMI_LOC_STOP_REQ_V02
E/LocSvc_eng(  714): I/Exiting int loc_eng_stop(loc_eng_data_s_type&) line 631 0
E/LocSvc_afw(  714): I/Exiting int loc_stop() line 705 0
E/LocSvc_eng(  714): I/Exiting int loc_eng_stop_handler(loc_eng_data_s_type&) line 652 0
E/LocSvc_adapter(  714): I/<--- void globalEventCb(locClientHandleType, uint32_t, locClientEventIndUnionType, void*) line 88 QMI_LOC_EVENT_POSITION_REPORT_IND_V02
D/LocationManagerService(  714): Location requesting stopped by an application
I/LocationManagerService(  714): remove gps (pid 17911), disabled
D/QMI_FW  (  714): QCCI: QMI_CCI_TX: cntl_flag - 00, txn_id - 065b, msg_id - 0023, msg_len - 0004
D/QMI_FW  (  714): QCCI: Sent[268]: 11 bytes to port 3072
D/QMI_FW  (  714): QCCI: reader_thread: Received 14 bytes from 268
D/QMI_FW  (  714): QCCI: QMI_CCI_RX: cntl_flag - 02, txn_id - 065b, msg_id - 0023, msg_len - 0007
D/LocationManagerService(  714): passive location requested by an application
I/LocationManagerService(  714): request passive (pid 17911) 0 0
D/QMI_FW  (  714): QCCI: reader_thread: Received 25 bytes from 268
D/QMI_FW  (  714): QCCI: QMI_CCI_RX: cntl_flag - 04, txn_id - 0000, msg_id - 0024, msg_len - 0012
E/LocSvc_adapter(  714): D/void LocApiV02Adapter::reportPosition(const qmiLocEventPositionReportIndMsgT_v02*):1729]: Ignoring position report with sess status = 2, fix id = 120
E/LocSvc_eng(  714): D/void loc_eng_deferred_action_thread(void*):1465] received msg_id = LOC_ENG_MSG_REPORT_POSITION context = 0x58b43618
E/LocSvc_afw(  714): I/Entering void loc_cb(GpsLocation*, void*) line 1267 
E/LocSvc_afw(  714): I/Exiting void loc_cb(GpsLocation*, void*) line 1277 None
E/WifiHW  (  714): ##################### set firmware type 0 #####################
D/WifiStateMachine(  714): setWifiEnabled : WifiNative.setFwType(0)
D/StatusBar.LocationController(  937): onReceive: [GPS ICON]
D/STATUSBAR-NotificationService(  714): updateLightsLocked() : Turn off notification light
D/LightsService(  714): [SvcLED] setSvcLedStateLocked:: id = 4, color = 0, mode = Off, set = Off
E/LocSvc_adapter(  714): I/<--- void globalEventCb(locClientHandleType, uint32_t, locClientEventIndUnionType, void*) line 88 QMI_LOC_EVENT_ENGINE_STATE_IND_V02
E/LocSvc_eng(  714): D/void loc_eng_deferred_action_thread(void*):1465] received msg_id = LOC_ENG_MSG_REPORT_STATUS context = 0x58b43618
E/LocSvc_eng(  714): I/Entering void loc_eng_report_status(loc_eng_data_s_type&, GpsStatusValue) line 1324 
E/LocSvc_eng(  714): I/Entering void loc_inform_gps_status(loc_eng_data_s_type&, GpsStatusValue) line 886 
E/LocSvc_eng(  714): I/<=== status_cb line 895 GPS_STATUS_ENGINE_OFF
V/GpsLocationProvider(  714): reportStatus status: 4
E/gsiff_dmn(  659): I/loc_api_event_ind_callback: Received LocAPI Event ind = 46
E/gpsone_dmn(  659): gpsone_glue_pipewrite:110] fd = 7, buf = 0x412b0a6c, size = 820
D/GpsLocationProvider(  714): send an intent to notify that the GPS has been enabled or disabled mNavigating = false
E/gpsone_dmn(  659): gpsone_glue_pipewrite:116] fd = 7, result = 820
E/gpsone_dmn(  659): gpsone_glue_piperead:150] fd = 7, len = 4
E/gpsone_dmn(  659): gpsone_glue_piperead:144] fd = 7, buf = 0x411a8b88, size = 816
E/gpsone_dmn(  659): gpsone_glue_piperead:150] fd = 7, len = 816
E/gsiff_dmn(  659): I/gsiff_ctl_task: Handling message type = 1
E/gsiff_dmn(  659): I/gsiff_daemon_sensor_streaming_handler: Recv Sensor Streaming Accel(1,0,0,0) Gyro(1,0,0,0) (valid,ready,#samp,batching)
E/gsiff_sp_and_ndk(  659): I/sp_and_ndk_update_sensor_status: Updating on accel reporting = 0 sampling_rate = 0
E/gsiff_sp_and_ndk(  659): D/sp_and_ndk_update_sensor_status: Disabling Sensor!
E/LocSvc_eng(  714): I/Exiting void loc_inform_gps_status(loc_eng_data_s_type&, GpsStatusValue) line 909 None
E/LocSvc_eng(  714): I/Exiting void loc_eng_report_status(loc_eng_data_s_type&, GpsStatusValue) line 1370 None
D/QMI_FW  (  714): QCCI: reader_thread: Received 14 bytes from 268
D/QMI_FW  (  714): QCCI: QMI_CCI_RX: cntl_flag - 04, txn_id - 0000, msg_id - 002b, msg_len - 0007
D/QMI_FW  (  659): QCCI: reader_thread: Received 23 bytes from 22
D/QMI_FW  (  659): QCCI: QMI_CCI_RX: cntl_flag - 04, txn_id - 0000, msg_id - 002e, msg_len - 0010
V/Sensors (  714): enable - sensor Accelerometer (handle 4) en -> dis
E/Sensors (  714): mEnabled = 8
D/SensorService(  714): SensorDevice::activate  (enable 1, disable 0) = 0
D/SensorService(  714): activating sensor disable handle=4 
D/SensorService(  714): activating sensor disable, Done!
D/SensorService(  714): SensorDevice::activating sensor handle=4 ns=66666000 
V/Sensors (  714): setDelay - sensor Accelerometer (handle 4), rate 66 ms (15.00 Hz)
E/gsiff_sp_and_ndk(  659): I/sp_and_ndk_update_sensor_status: Updating on gyro reporting = 0 sampling_rate = 0
E/gsiff_sp_and_ndk(  659): D/sp_and_ndk_update_sensor_status: Disabling Sensor!
V/Sensors (  714): enable - sensor Gyro (handle 3) en -> dis
E/Sensors (  714): mEnabled = 0
D/SensorService(  714): SensorDevice::activate  (enable 1, disable 0) = 0
D/SensorService(  714): activating sensor disable handle=3 
D/SensorService(  714): activating sensor disable, Done!
D/SensorService(  714): SensorDevice::activating sensor handle=3 ns=66666000 
V/Sensors (  714): setDelay - sensor Gyro (handle 3), rate 66 ms (15.00 Hz)
E/gpsone_dmn(  659): gpsone_glue_piperead:144] fd = 7, buf = 0x411a8b84, size = 4
D/StatusBar.LocationController(  937): onReceive: [GPS ICON]
E/Sensors (  714): activatePendingSensors : mEnabled = 0
E/Sensors (  714): requested_sensors(7f) from kernel
I/Sensors (  714): Disabled 9 axis sensor fusion
I/MPL-mldl_cfg_mpu:(  714): inv_mpu_suspend(,,,,7fff) -> 0000
V/Sensors (  714): calling inv_set_mpu_sensors(000000)
V/Sensors (  714): Starting DMP
W/MPL-9_sup(  714): 9 axis sensor fusion not available - No compass detected.
I/Sensors (  714): Enabled 9 axis sensor fusion
I/MPL-mldl_cfg_mpu:(  714): inv_mpu_resume(,,,,0000) -> 0000
V/Sensors (  714): Stopping DMP
I/Sensors (  714): Disabled 9 axis sensor fusion
I/MPL-mldl_cfg_mpu:(  714): inv_mpu_suspend(,,,,7fff) -> 0000
V/AlarmManager(  714): waitForAlarm result :4
I/DrmEventService(  714): @@@ Intent from Alarm
D/com.samsung.app( 1761): [MSC_HERO_Accu_JB]>>> WCS:251 [0:0]  BR act = androidintentactionTIME_SET
D/ClockAlarmWidgetService( 2765): [ClockAlarmWidgetService] onReceive: action = android.intent.action.TIME_SET
E/ClockAlarmWidget( 2765): [AlarmWidgetIdManager] getListItem() : itemIndex=0, widgetID:14
E/ClockAlarmWidget( 2765): [AlarmWidgetIdManager] getListItem() : ItemIndex exceed ListItemCount. itemIndex=1
E/ClockAlarmWidget( 2765): [AlarmWidgetIdManager] getListItem() : itemIndex=1, widgetID:14
D/widget  ( 1160): [MSC_HERO_Accu_JB]>>> WC:531 [0:0]  mSHandler EU : T&D 
E/MP-Decision( 1533): UP Ld:6 Nw:1.990000 Tw:140 rq:4.700000 seq:142.000000
V/AlarmManager(  714): waitForAlarm result :8
W/ThrottleService(  714): unable to find stats for iface rmnet0
W/AlarmManager(  714): FACTORY_ON= 0
E/MP-Decision( 1533): DOWN Ld:9 Ns:1.100000 Ts:190 rq:0.000000 seq:196.000000
V/AlarmManager(  714): waitForAlarm result :4
V/AlarmManager(  714): waitForAlarm result :65536
W/AlarmManager(  714): FACTORY_ON= 0
D/BatteryService(  714): update start
D/BatteryService(  714): level:83 scale:100 status:3 health:2 present:true voltage: 4083 temperature: 321 technology: Li-ion AC powered:false USB powered:false icon:17303193 invalid charger:0
D/STATUSBAR-Clock(  937): onReceive() - ACTION_TIME_CHANGED
D/STATUSBAR-Clock(  937): onReceive() - ACTION_TIME_CHANGED
W/AlarmManager(  714): FACTORY_ON= 0
V/AlarmManager(  714): trigger ELAPSED_REALTIME_WAKEUP or RTC_WAKEUP
D/QC-time-services(  658): Daemon:genoff_opr: Base = 1, val = 1363555839080, operation = 1
D/QC-time-services(  658): Daemon: genoff get for 1
D/QC-time-services(  658): Daemon:rtc_get: Time read from RTC -- MM/DD/YY HH:MM:SS3/4/70 14:15:41
D/QC-time-services(  658): Daemon:Value read from RTC seconds = 8086541000
D/QC-time-services(  658): Daemon:Value read from RTC seconds = 8086541000
D/QC-time-services(  658): Daemon:Value read from generif offset = 1355469587080
D/QC-time-services(  658): Daemon:Final Time = 1363556128080
D/QC-time-services(  658): Daemon:update_xtime: Setting system time to sec =1363556128, nsec =80000000
V/AlarmManager(  714): waitForAlarm result :1
D/STATUSBAR-BatteryController(  937): onReceive() - ACTION_BATTERY_CHANGED
D/STATUSBAR-BatteryController(  937): onReceive() - level:83
D/STATUSBAR-BatteryController(  937): onReceive() - plugged:0
D/STATUSBAR-BatteryController(  937): onReceive() - BATTERY_STATUS_DISCHARGING: stat_sys_battery
D/STATUSBAR-PhoneStatusBar(  937): ACTION_BATTERY_CHANGED
D/LocationManagerService(  714): network location requested by an application
I/LocationManagerService(  714): request network (pid 2462) 285000 285000
D/LocationManagerService(  714): passive location requested by an application
I/LocationManagerService(  714): request passive (pid 2462) 285000 0
D/accuweather( 1297): [MSC_Accu_Daemon]>>> AWDS:53 [0:0] Act
D/accuweather( 1297): [MSC_Accu_Daemon]>>> AWDS:58 [0:0] Act : androidintentactionTIME_SET
V/AlarmManager(  714): trigger ELAPSED_REALTIME_WAKEUP or RTC_WAKEUP
W/AlarmManager(  714): FACTORY_ON= 0
D/comsamsunglog( 1297): [MSC_Accu_Daemon]>>> ====================================================================================================================
D/comsamsunglog( 1297): [MSC_Accu_Daemon]>>> daemonappapaccuweather [Version : 12110101 ] [ 1 ] 
D/comsamsunglog( 1297): [MSC_Accu_Daemon]>>> Header set to : ===> "accuweather" <===
D/comsamsunglog( 1297): [MSC_Accu_Daemon]>>> ====================================================================================================================
D/ClockAlarmDataProvider( 2765): getAlarm() - too many same ID alarm data. nCount: 0
D/accuweather( 1297): [MSC_Accu_Daemon]>>> AWDS:73 [0:0] SerStus:0,ASerStus:0,TmpS:1,AtRfr:1
D/accuweather( 1297): [MSC_Accu_Daemon]>>> AWDS:491 [0:0] CnclAtRftAl
E/WifiHW  (  714): ##################### set firmware type 0 #####################
D/WifiStateMachine(  714): setWifiEnabled : WifiNative.setFwType(0)
D/WifiService(  714): startScan: false pid=17911, uid=10038
W/AlarmManager(  714): FACTORY_ON= 0
I/wpa_supplicant( 1586): Scan requested (ret=0) - scan timeout 30 seconds
W/AlarmManager(  714): FACTORY_ON= 0
D/AlarmReceiver( 1953): onReceive() : action = .TIME_SET
D/AlarmReceiver( 1953): updateAlarmAsNewTime queried 1 items
D/AlarmReceiver( 1953): Item befor update : id : 2, 
D/AlarmReceiver( 1953): activate : 0, 
D/AlarmReceiver( 1953): AlertT___ (at cal) : Sun Dec BG BA##FH##AA EST CABC, 
D/AlarmReceiver( 1953): alarmT___ : IAA, 
D/AlarmReceiver( 1953): repeatType : 0x11111115, 
D/AlarmReceiver( 1953): notificationType : 0x1, 
D/AlarmReceiver( 1953): snoozeActivate : false, 
D/AlarmReceiver( 1953): snoozeDuration : 5, 
D/AlarmReceiver( 1953): snoozeRepeat : 3, 
D/AlarmReceiver( 1953): snoozeDoneCount : 0, 
D/AlarmReceiver( 1953): dailyBriefing : 7, 
D/AlarmReceiver( 1953): subdueActivate : true, 
D/AlarmReceiver( 1953): subdueDuration : 0, 
D/AlarmReceiver( 1953): subdueTone : 0, 
D/AlarmReceiver( 1953): alarmSoundType : 0, 
D/AlarmReceiver( 1953): alarmSoundTone : -1, 
D/AlarmReceiver( 1953): alarmVolume : 7, 
D/AlarmReceiver( 1953): subdueUri : 0, 
D/AlarmReceiver( 1953): ACTION_TIME_CHANGED:: updateAlarmAsNewTime returns 0
D/AlarmProvider( 1953): enableNextAlert next alarm : null
D/TAG     ( 1953): mPendingIntent == null am.cancel
W/AlarmManager(  714): FACTORY_ON= 0
W/AlarmManager(  714): FACTORY_ON= 0
E/Trace   (25897): error opening trace file: No such file or directory (2)
D/ActivityThread(25897): setTargetHeapUtilization:0.25
D/ActivityThread(25897): setTargetHeapIdealFree:8388608
D/ActivityThread(25897): setTargetHeapConcurrentStart:2097152
D/CalendarAppWidgetProvider(25897): onReceive.isWidgetInstanceCreated: false, getAppWidgetIds length: 0
I/Process (25897): Sending signal. PID: 25897 SIG: 9
I/ActivityManager(  714): Process com.sec.android.widgetapp.SPlannerAppWidget (pid 25897) (adj 0) has died.
E/Trace   (25909): error opening trace file: No such file or directory (2)
D/ActivityThread(25909): setTargetHeapUtilization:0.25
D/ActivityThread(25909): setTargetHeapIdealFree:8388608
D/ActivityThread(25909): setTargetHeapConcurrentStart:2097152
D/BatteryService(  714): update start
D/BatteryService(  714): level:83 scale:100 status:3 health:2 present:true voltage: 4080 temperature: 320 technology: Li-ion AC powered:false USB powered:false icon:17303193 invalid charger:0
D/STATUSBAR-BatteryController(  937): onReceive() - ACTION_BATTERY_CHANGED
D/STATUSBAR-BatteryController(  937): onReceive() - level:83
D/STATUSBAR-BatteryController(  937): onReceive() - plugged:0
D/STATUSBAR-BatteryController(  937): onReceive() - BATTERY_STATUS_DISCHARGING: stat_sys_battery
D/STATUSBAR-PhoneStatusBar(  937): ACTION_BATTERY_CHANGED
W/AlarmManager(  714): FACTORY_ON= 0
D/CalendarWidget(25909): isWidgetInstanceCreated: false, AppWidgetIds length: 0
I/Process (25909): Sending signal. PID: 25909 SIG: 9
I/ActivityManager(  714): Process com.sec.android.widgetapp.SPlannerAppWidget (pid 25909) (adj 0) has died.
D/comdaemonstockapp( 2313): [Daemon_Stock]>>> Stockclock_DaemonService.java:48 [0:0] onReceive: androidintentactionTIME_SET
D/comdaemonstockapp( 2313): [Daemon_Stock]>>> Stockclock_DaemonService.java:55 [0:0] appServiceStatus: 0
D/comdaemonstockapp( 2313): [Daemon_Stock]>>> Stockclock_DaemonService.java:56 [0:0] [AR]: 0
D/comdaemonstockapp( 2313): [Daemon_Stock]>>> Stockclock_DaemonService.java:130 [0:0] Daemon is not receive event: servic off
D/TimeService( 2872): Receivedandroid.intent.action.TIME_SET intent. Current Time is 1363556138157
D/SleepAsAndroid(10760): [17:35:38.266, main]: AlarmInitReceiver android.intent.action.TIME_SET
D/SleepAsAndroid(10760): [17:35:38.272, main]: Repeated: 1 TIME: 1363617000000
D/SleepAsAndroid(10760): [17:35:38.275, main]: Next alarm 10:30 Window: 30 Vibrate: true
D/SleepAsAndroid(10760): [17:35:38.276, main]: ** setAlert id 1 atTime Mon Mar 18 10:30:00 EDT 2013
W/AlarmManager(  714): FACTORY_ON= 0
I/SleepAsAndroid(10760): [17:35:38.281, main]: Enabling alarm: 1363617000000 Do Bed: 15 Do Auto: false Alert: file:///storage/sdcard0/Music/Press%20Play%20Walk%20Away%20-%20S3RL%20%26%20Synthwulf.mp3
I/SleepAsAndroid(10760): [17:35:38.283, main]: Setting time to bed: 1363588200000 Date: Mon Mar 18 02:30:00 EDT 2013
W/AlarmManager(  714): FACTORY_ON= 0
W/BackupManagerService(  714): dataChanged but no participant pkg='com.android.providers.settings' uid=10188
D/PowerManagerService(  714): setScreenOffTimeouts mKeylightDelay=1500 mDimDelay=51500 mScreenOffDelay=7000 mDimScreen=true
W/AlarmManager(  714): FACTORY_ON= 0
E/Trace   (25922): error opening trace file: No such file or directory (2)
D/ActivityThread(25922): setTargetHeapUtilization:0.25
D/ActivityThread(25922): setTargetHeapIdealFree:8388608
D/ActivityThread(25922): setTargetHeapConcurrentStart:2097152
D/dalvikvm(25922): WAIT_FOR_CONCURRENT_GC blocked 0ms
E/a       (25922): ACRA#init called but no ReportsCrashes annotation on Application com.laurencedawson.reddit_sync
D/AlarmWidget( 1953): [AlarmWidgetProvider] onReceive()@@@ com.samsung.sec.android.clockpackage.alarm.NOTIFY_ALARM_CHANGE
D/AlarmWidget( 1953): [AlarmWidgetProvider] widgetId = -1, selectId =-1
D/AlarmWidget( 1953): [AlarmWidgetProvider] Alarm.NOTIFY_ALARM_CHANGE
E/AlarmWidget( 1953): [AlarmWidgetIdManager] AlarmWidgetID_Length
E/AlarmWidget( 1953): [AlarmWidgetIdManager] getPrefIDs() : length = 0
D/AlarmProvider( 1953): enableNextAlert next alarm : null
D/TAG     ( 1953): mPendingIntent == null am.cancel
W/BackupManagerService(  714): dataChanged but no participant pkg='com.android.providers.settings' uid=10022
D/PowerManagerService(  714): setScreenOffTimeouts mKeylightDelay=1500 mDimDelay=51500 mScreenOffDelay=7000 mDimScreen=true
E/ClockAlarmWidget( 2765): [AlarmWidgetIdManager] getListItem() : ItemIndex exceed ListItemCount. itemIndex=1
E/ClockAlarmWidget( 2765): [AlarmWidgetIdManager] getListItem() : itemIndex=1, widgetID:-1
E/ClockAlarmWidget( 2765): [AlarmWidgetIdManager] getListItem() : itemIndex=0, widgetID:14
E/ClockAlarmWidget( 2765): [AlarmWidgetIdManager] getListItem() : ItemIndex exceed ListItemCount. itemIndex=1
E/ClockAlarmWidget( 2765): [AlarmWidgetIdManager] getListItem() : itemIndex=1, widgetID:14
D/ClockAlarmDataProvider( 2765): getAlarm() - too many same ID alarm data. nCount: 0
E/MP-Decision( 1533): DOWN Ld:41 Ns:1.100000 Ts:190 rq:0.000000 seq:254.000000
W/AlarmManager(  714): FACTORY_ON= 0
D/AlarmReceiver( 1953): mHandler.postDelayed(new Runnable() {
I/wpa_supplicant( 1586): nl80211: Received scan results (11 BSSes)
D/Tethering(  714): interfaceLinkStateChanged wlan0, true
D/Tethering(  714): interfaceStatusChanged wlan0, true
D/LocationManagerService(  714): Location requesting stopped by an application
W/AlarmManager(  714): FACTORY_ON= 0
E/WifiHW  (  714): ##################### set firmware type 0 #####################
D/WifiStateMachine(  714): setWifiEnabled : WifiNative.setFwType(0)
E/MP-Decision( 1533): UP Ld:8 Nw:1.990000 Tw:140 rq:2.700000 seq:147.000000
E/MP-Decision( 1533): DOWN Ld:8 Ns:1.100000 Ts:190 rq:0.000000 seq:191.000000
V/AlarmManager(  714): waitForAlarm result :4
V/AlarmManager(  714): trigger ELAPSED_REALTIME_WAKEUP or RTC_WAKEUP
W/AlarmManager(  714): FACTORY_ON= 0
V/AlarmManager(  714): waitForAlarm result :8
V/AlarmManager(  714): ClockReceiver onReceive() ACTION_TIME_TICK
W/AlarmManager(  714): FACTORY_ON= 0
D/STATUSBAR-Clock(  937): onReceive() - ACTION_TIME_TICK
D/STATUSBAR-Clock(  937): onReceive() - ACTION_TIME_TICK
D/ClockAlarmWidgetService( 2765): [ClockAlarmWidgetService] onReceive: action = android.intent.action.TIME_TICK
E/ClockAlarmWidget( 2765): [AlarmWidgetIdManager] getListItem() : itemIndex=0, widgetID:14
E/ClockAlarmWidget( 2765): [AlarmWidgetIdManager] getListItem() : ItemIndex exceed ListItemCount. itemIndex=1
E/ClockAlarmWidget( 2765): [AlarmWidgetIdManager] getListItem() : itemIndex=1, widgetID:14
D/ClockAlarmDataProvider( 2765): getAlarm() - too many same ID alarm data. nCount: 0
I/ActivityManager(  714): No longer want com.laurencedawson.reddit_sync.pro:remote (pid 3634) (adj 13) : hidden #51
D/BatteryService(  714): update start
D/BatteryService(  714): level:83 scale:100 status:3 health:2 present:true voltage: 4111 temperature: 320 technology: Li-ion AC powered:false USB powered:false icon:17303193 invalid charger:0
D/STATUSBAR-BatteryController(  937): onReceive() - ACTION_BATTERY_CHANGED
D/STATUSBAR-BatteryController(  937): onReceive() - level:83
D/STATUSBAR-BatteryController(  937): onReceive() - plugged:0
D/STATUSBAR-BatteryController(  937): onReceive() - BATTERY_STATUS_DISCHARGING: stat_sys_battery
D/STATUSBAR-PhoneStatusBar(  937): ACTION_BATTERY_CHANGED
W/AlarmManager(  714): FACTORY_ON= 0
V/AlarmManager(  714): waitForAlarm result :9
V/AlarmManager(  714): trigger ELAPSED_REALTIME_WAKEUP or RTC_WAKEUP
E/Trace   (25951): error opening trace file: No such file or directory (2)
D/ActivityThread(25951): setTargetHeapUtilization:0.25
D/ActivityThread(25951): setTargetHeapIdealFree:8388608
D/ActivityThread(25951): setTargetHeapConcurrentStart:2097152
D/dalvikvm(25951): WAIT_FOR_CONCURRENT_GC blocked 0ms
E/a       (25951): ACRA#init called but no ReportsCrashes annotation on Application com.laurencedawson.reddit_sync.pro
W/AlarmManager(  714): FACTORY_ON= 0
I/ActivityManager(  714): No longer want com.sec.factory (pid 23943) (adj 13) : hidden #51
E/MP-Decision( 1533): UP Ld:16 Nw:1.990000 Tw:140 rq:3.500000 seq:146.000000
D/BatteryService(  714): update start
D/BatteryService(  714): level:83 scale:100 status:3 health:2 present:true voltage: 4072 temperature: 320 technology: Li-ion AC powered:false USB powered:false icon:17303193 invalid charger:0
D/STATUSBAR-BatteryController(  937): onReceive() - ACTION_BATTERY_CHANGED
D/STATUSBAR-BatteryController(  937): onReceive() - level:83
D/STATUSBAR-BatteryController(  937): onReceive() - plugged:0
D/STATUSBAR-BatteryController(  937): onReceive() - BATTERY_STATUS_DISCHARGING: stat_sys_battery
D/STATUSBAR-PhoneStatusBar(  937): ACTION_BATTERY_CHANGED
W/AlarmManager(  714): FACTORY_ON= 0
W/AlarmManager(  714): FACTORY_ON= 0
E/MP-Decision( 1533): DOWN Ld:24 Ns:1.100000 Ts:190 rq:0.000000 seq:208.000000
V/AlarmManager(  714): waitForAlarm result :4
V/AlarmManager(  714): trigger ELAPSED_REALTIME_WAKEUP or RTC_WAKEUP
E/WifiHW  (  714): ##################### set firmware type 0 #####################
D/WifiStateMachine(  714): setWifiEnabled : WifiNative.setFwType(0)
D/WifiService(  714): startScan: false pid=17911, uid=10038
W/AlarmManager(  714): FACTORY_ON= 0
W/AlarmManager(  714): FACTORY_ON= 0
I/wpa_supplicant( 1586): Scan requested (ret=0) - scan timeout 30 seconds
I/wpa_supplicant( 1586): nl80211: Received scan results (15 BSSes)
D/Tethering(  714): interfaceLinkStateChanged wlan0, true
D/Tethering(  714): interfaceStatusChanged wlan0, true
W/AlarmManager(  714): FACTORY_ON= 0
E/MP-Decision( 1533): UP Ld:2 Nw:1.990000 Tw:140 rq:5.300000 seq:146.000000
E/WifiHW  (  714): ##################### set firmware type 0 #####################
D/WifiStateMachine(  714): setWifiEnabled : WifiNative.setFwType(0)
I/rmt_storage(  126): rmt_storage_rw_iovec_cb: /boot/modem_fs2: clnt_h=0x2: req_h=0x65e msg_id=3: R/W request received
I/rmt_storage(  126): wakelock acquired: 1, error no: 110
I/rmt_storage(  126): rmt_storage_client_thread: /boot/modem_fs2: clnt_h=0x2 Unblock worker thread (th_id: 1086217936)
D/QMI_FW  (  126): QCSI: QMI_CSI_RX: cntl_flag - 00, txn_id - 032e, msg_id - 0003, msg_len - 002b
E/MP-Decision( 1533): DOWN Ld:46 Ns:1.100000 Ts:190 rq:0.000000 seq:434.000000
D/QMI_FW  (  126): QCSI: xport_handle_event[16]
I/rmt_storage(  126): rmt_storage_client_thread: /boot/modem_fs2: clnt_h=0x2: req_h=0x65e msg_id=3: Bytes written = 3145216
I/rmt_storage(  126): rmt_storage_client_thread: /boot/modem_fs2: clnt_h=0x2: req_h=0x65e msg_id=3: Bytes written = 512
I/rmt_storage(  126): rmt_storage_client_thread: /boot/modem_fs2: clnt_h=0x2: req_h=0x65e msg_id=3: Send response: res=0 err=0
I/rmt_storage(  126): rmt_storage_client_thread: /boot/modem_fs2: clnt_h=0x2 About to block rmt_storage client thread (th_id: 1086217936) wakelock released: 1, error no: 0
I/rmt_storage(  126): 
D/QMI_FW  (  126): QCSI: QMI_CSI_TX: cntl_flag - 02, txn_id - 032e, msg_id - 0003, msg_len - 0007
D/QMI_FW  (  126): QCSI: Sent[16]: 14 bytes to port 1280
D/BatteryService(  714): update start
D/BatteryService(  714): level:83 scale:100 status:3 health:2 present:true voltage: 4110 temperature: 327 technology: Li-ion AC powered:false USB powered:false icon:17303193 invalid charger:0
D/STATUSBAR-BatteryController(  937): onReceive() - ACTION_BATTERY_CHANGED
D/STATUSBAR-BatteryController(  937): onReceive() - level:83
D/STATUSBAR-BatteryController(  937): onReceive() - plugged:0
D/STATUSBAR-BatteryController(  937): onReceive() - BATTERY_STATUS_DISCHARGING: stat_sys_battery
D/STATUSBAR-PhoneStatusBar(  937): ACTION_BATTERY_CHANGED
W/AlarmManager(  714): FACTORY_ON= 0
V/AlarmManager(  714): waitForAlarm result :8
V/AlarmManager(  714): ClockReceiver onReceive() ACTION_TIME_TICK
W/AlarmManager(  714): FACTORY_ON= 0
D/STATUSBAR-Clock(  937): onReceive() - ACTION_TIME_TICK
D/STATUSBAR-Clock(  937): onReceive() - ACTION_TIME_TICK
D/ClockAlarmWidgetService( 2765): [ClockAlarmWidgetService] onReceive: action = android.intent.action.TIME_TICK
E/ClockAlarmWidget( 2765): [AlarmWidgetIdManager] getListItem() : itemIndex=0, widgetID:14
E/ClockAlarmWidget( 2765): [AlarmWidgetIdManager] getListItem() : ItemIndex exceed ListItemCount. itemIndex=1
E/ClockAlarmWidget( 2765): [AlarmWidgetIdManager] getListItem() : itemIndex=1, widgetID:14
D/ClockAlarmDataProvider( 2765): getAlarm() - too many same ID alarm data. nCount: 0
D/BatteryService(  714): update start
D/BatteryService(  714): level:83 scale:100 status:3 health:2 present:true voltage: 4110 temperature: 321 technology: Li-ion AC powered:false USB powered:false icon:17303193 invalid charger:0
D/STATUSBAR-BatteryController(  937): onReceive() - ACTION_BATTERY_CHANGED
D/STATUSBAR-BatteryController(  937): onReceive() - level:83
D/STATUSBAR-BatteryController(  937): onReceive() - plugged:0
D/STATUSBAR-BatteryController(  937): onReceive() - BATTERY_STATUS_DISCHARGING: stat_sys_battery
D/STATUSBAR-PhoneStatusBar(  937): ACTION_BATTERY_CHANGED
W/AlarmManager(  714): FACTORY_ON= 0
V/AlarmManager(  714): waitForAlarm result :4
V/AlarmManager(  714): trigger ELAPSED_REALTIME_WAKEUP or RTC_WAKEUP
E/WifiHW  (  714): ##################### set firmware type 0 #####################
D/WifiStateMachine(  714): setWifiEnabled : WifiNative.setFwType(0)
D/WifiService(  714): startScan: false pid=17911, uid=10038
W/AlarmManager(  714): FACTORY_ON= 0
E/WifiHW  (  714): ##################### set firmware type 0 #####################
D/WifiStateMachine(  714): setWifiEnabled : WifiNative.setFwType(0)
I/wpa_supplicant( 1586): Scan requested (ret=0) - scan timeout 30 seconds
W/AlarmManager(  714): FACTORY_ON= 0
W/AlarmManager(  714): FACTORY_ON= 0
D/BatteryService(  714): update start
D/BatteryService(  714): level:83 scale:100 status:3 health:2 present:true voltage: 4095 temperature: 321 technology: Li-ion AC powered:false USB powered:false icon:17303193 invalid charger:0
D/STATUSBAR-BatteryController(  937): onReceive() - ACTION_BATTERY_CHANGED
D/STATUSBAR-BatteryController(  937): onReceive() - level:83
D/STATUSBAR-BatteryController(  937): onReceive() - plugged:0
D/STATUSBAR-BatteryController(  937): onReceive() - BATTERY_STATUS_DISCHARGING: stat_sys_battery
D/STATUSBAR-PhoneStatusBar(  937): ACTION_BATTERY_CHANGED
W/AlarmManager(  714): FACTORY_ON= 0
E/WifiHW  (  714): ##################### set firmware type 0 #####################
D/WifiStateMachine(  714): setWifiEnabled : WifiNative.setFwType(0)
I/wpa_supplicant( 1586): nl80211: Received scan results (14 BSSes)
D/Tethering(  714): interfaceLinkStateChanged wlan0, true
D/Tethering(  714): interfaceStatusChanged wlan0, true
E/WifiHW  (  714): ##################### set firmware type 0 #####################
D/WifiStateMachine(  714): setWifiEnabled : WifiNative.setFwType(0)
W/AlarmManager(  714): FACTORY_ON= 0
V/AlarmManager(  714): waitForAlarm result :4
V/AlarmManager(  714): waitForAlarm result :4
D/SensorService(  714): info.rates.add, set DEFAULT_EVENTS_PERIOD
D/LightsService(  714): [SvcLED] SvcLEDReceiver::isHappyNight = false
D/SensorService(  714): SensorDevice::activate  (enable 1, disable 0) = 1
D/SensorService(  714): activating sensor enable handle=7 
D/SensorService(  714): activating sensor enable, Done!
D/SensorService(  714): SensorDevice::activating sensor handle=7 ns=200000000 
I/SensorService(  714): info.selectDelay() ns=200000000  
D/SensorService(  714): SensorDevice::setDelay, Return(true 1, false 0) =  1
D/SensorManager(  714): registerListener :: handle = 7  name= GP2A Light Sensor delay= 200000 Listener= com.android.server.LightsService$4@4247e778
V/AlarmManager(  714): trigger ELAPSED_REALTIME_WAKEUP or RTC_WAKEUP
D/BatteryService(  714): update start
D/BatteryService(  714): level:83 scale:100 status:3 health:2 present:true voltage: 4111 temperature: 324 technology: Li-ion AC powered:false USB powered:false icon:17303193 invalid charger:0
V/AlarmManager(  714): waitForAlarm result :8
D/SensorManager(  714): unregisterListener::  Listener= com.android.server.LightsService$4@4247e778
D/SensorService(  714): SensorDevice::activate  (enable 1, disable 0) = 0
D/SensorService(  714): activating sensor disable handle=7 
D/SensorService(  714): activating sensor disable, Done!
D/SensorService(  714): SensorDevice::activating sensor handle=7 ns=200000000 
D/LightsService(  714): [SvcLED] onSensorChanged::light value = 0.0
D/STATUSBAR-BatteryController(  937): onReceive() - ACTION_BATTERY_CHANGED
D/STATUSBAR-BatteryController(  937): onReceive() - level:83
D/STATUSBAR-BatteryController(  937): onReceive() - plugged:0
D/STATUSBAR-BatteryController(  937): onReceive() - BATTERY_STATUS_DISCHARGING: stat_sys_battery
D/STATUSBAR-PhoneStatusBar(  937): ACTION_BATTERY_CHANGED
W/AlarmManager(  714): FACTORY_ON= 0
D/lights  (  714): write pattern : g_led_info = 0
D/lights  (  714): led_pattern : 0 +
D/lights  (  714): led_pattern : 0 -
I/LightsService(  714): fileWriteInt : /sys/class/sec/led/led_lowpower  value : 1
D/LightsService(  714): setLightLocked is called
V/AlarmManager(  714): ClockReceiver onReceive() ACTION_TIME_TICK
W/AlarmManager(  714): FACTORY_ON= 0
D/STATUSBAR-Clock(  937): onReceive() - ACTION_TIME_TICK
D/STATUSBAR-Clock(  937): onReceive() - ACTION_TIME_TICK
D/ClockAlarmWidgetService( 2765): [ClockAlarmWidgetService] onReceive: action = android.intent.action.TIME_TICK
E/ClockAlarmWidget( 2765): [AlarmWidgetIdManager] getListItem() : itemIndex=0, widgetID:14
E/ClockAlarmWidget( 2765): [AlarmWidgetIdManager] getListItem() : ItemIndex exceed ListItemCount. itemIndex=1
E/ClockAlarmWidget( 2765): [AlarmWidgetIdManager] getListItem() : itemIndex=1, widgetID:14
D/ClockAlarmDataProvider( 2765): getAlarm() - too many same ID alarm data. nCount: 0
V/AlarmManager(  714): waitForAlarm result :4
V/AlarmManager(  714): trigger ELAPSED_REALTIME_WAKEUP or RTC_WAKEUP
D/SensorService(  714): info.rates.add, set DEFAULT_EVENTS_PERIOD
