D/widget  ( 1160): [MSC_HERO_Accu_JB]>>> WC:2464 [0:0]  eHdl msg = 0
D/widget  ( 1160): [MSC_HERO_Accu_JB]>>> WC:2464 [0:0]  eHdl msg = 0
D/dalvikvm(  714): WAIT_FOR_CONCURRENT_GC blocked 0ms
E/Sensors (  714): accelHandler 1.337768 6.131999 6.995702
D/KeyguardViewMediator(  714): setHidden false
D/KeyguardViewMediator(  714): setHidden false
D/STATUSBAR-NetworkController(  937): refreshSignalCluster:0
D/STATUSBAR-SignalClusterView(  937): mSeparateMobileGroup=8
D/STATUSBAR-SignalClusterView(  937): mSeparateMobileGroup=8
D/STATUSBAR-SignalClusterView(  937): mSeparateMobileGroup=8
D/dalvikvm(  714): GC_EXPLICIT freed 2147K, 24% free 35663K/46599K, paused 5ms+17ms, total 187ms
D/WallpaperWidget(  714): cleanUp()
D/KeyguardViewMediator(  714): setHidden false
E/Sensors (  714): gyroHandler 0.132093 0.432497 -0.866060
D/overlay (  196): FROM_STATE = OV_CLOSED TO_STATE = OV_BYPASS_3_LAYER
D/KeyguardViewMediator(  714): setHidden false
I/SurfaceFlinger(  196): id=5650 Removed idx=4 MapSz=3
I/SurfaceFlinger(  196): id=5650 Removed idx=-2 MapSz=3
D/KeyguardViewMediator(  714): setHidden false
I/InputReader(  714): Touch event's action is 0x0 (deviceType=0) [pCnt=1, s=0.8250 ]
I/InputDispatcher(  714): Delivering touch to current input target: action: 0x0
I/InputDispatcher(  714): Delivering touch to current input target: action: 0x0
I/InputDispatcher(  714): Delivering touch to current input target: action: 0x0
W/Vibrator(  714): Vibrator.cancel()
D/STATUSBAR-NotificationService(  714): updateLightsLocked() : Turn off notification light
D/LightsService(  714): [SvcLED] setSvcLedStateLocked:: id = 4, color = 0, mode = Off, set = Off
D/KeyguardViewMediator(  714): setHidden false
D/STATUSBAR-StatusBarManagerService(  714): setSystemUiVisibility(0x80000)
D/STATUSBAR-StatusBarManagerService(  714): manageDisableList what=0x80000 pkg=WindowManager.LayoutParams
I/Adreno200-EGLSUB(  937): <ConfigWindowMatch:2087>: Format RGBA_8888.
D/PhoneStatusBar(  937): disable: < expand icons alerts TICKER* system_info back home recent clock >
I/Adreno200-EGLSUB(  196): <CreateImage:897>: Android Image
I/Adreno200-EGLSUB(  196): <GetImageAttributes:1106>: RGBA_8888
D/hwcomposer(  196): Invalid gralloc handle (at 0x43494aa8): ver(1/12) ints(14/14) fds(64/3) magic(--/gmsm)
E/hwcomposer(  196): void qhwc::QueuedBufferStore::unlockBuffer(private_handle_t*) Invalid Handle
I/Adreno200-EGLSUB(  196): <CreateImage:897>: Android Image
I/Adreno200-EGLSUB(  196): <GetImageAttributes:1106>: RGBA_8888
I/Adreno200-EGLSUB(  196): <CreateImage:897>: Android Image
I/Adreno200-EGLSUB(  196): <GetImageAttributes:1106>: RGBA_8888
I/Adreno200-EGLSUB(  196): <CreateImage:897>: Android Image
I/Adreno200-EGLSUB(  196): <GetImageAttributes:1106>: RGBA_8888
I/InputReader(  714): Touch event's action is 0x1 (deviceType=0) [pCnt=1, s=]
I/InputDispatcher(  714): Delivering touch to current input target: action: 0x1
I/InputDispatcher(  714): Delivering touch to current input target: action: 0x1
I/InputDispatcher(  714): Delivering touch to current input target: action: 0x1
D/STATUSBAR-PhoneStatusBar(  937): Mini Controller text scroll : ON
D/STATUSBAR-PhoneStatusBar(  937): performExpand()
D/STATUSBAR-QuickSettingPanel(  937): startScrollAnimation  position =   357
D/STATUSBAR-NetworkController(  937): refreshSignalCluster:0
D/STATUSBAR-SignalClusterView(  937): mSeparateMobileGroup=8
D/STATUSBAR-SignalClusterView(  937): mSeparateMobileGroup=8
D/STATUSBAR-SignalClusterView(  937): mSeparateMobileGroup=8
I/InputReader(  714): Touch event's action is 0x0 (deviceType=0) [pCnt=1, s=0.8251 ]
I/InputDispatcher(  714): Delivering touch to current input target: action: 0x0
I/InputDispatcher(  714): Delivering touch to current input target: action: 0x0
I/InputDispatcher(  714): Delivering touch to current input target: action: 0x0
I/InputReader(  714): Touch event's action is 0x1 (deviceType=0) [pCnt=1, s=]
I/InputDispatcher(  714): Delivering touch to current input target: action: 0x1
I/InputDispatcher(  714): Delivering touch to current input target: action: 0x1
I/InputDispatcher(  714): Delivering touch to current input target: action: 0x1
W/SignalStrength(  714): getLteLevel =2
W/SignalStrength(  714): getLevel=2 (SignalStrength: 99 0 -120 -160 -120 -1 -1 11 -114 9 70 2147483647 gsm|lte 0x2)
W/SignalStrength(  714): getDbm 1
D/SignalStrength(  714): getLteDbm=-114
W/SignalStrength(  714): getDbm=-114
W/SignalStrength(  714): getAsuLevel 1
D/SignalStrength(  714): getLteDbm=-114
W/SignalStrength(  714): Lte Asu level: 26
W/SignalStrength(  714): getAsuLevel=26
W/AlarmManager(  714): FACTORY_ON= 0
W/SignalStrength(  937): getLteLevel =2
W/SignalStrength(  937): getLevel=2 (SignalStrength: 99 0 -120 -160 -120 -1 -1 11 -114 9 70 2147483647 gsm|lte 0x2)
W/SignalStrength(  937): getLteLevel =2
W/SignalStrength(  937): getLevel=2 (SignalStrength: 99 0 -120 -160 -120 -1 -1 11 -114 9 70 2147483647 gsm|lte 0x2)
D/STATUSBAR-NetworkController(  937): onSignalStrengthsChanged signalStrength=SignalStrength: 99 0 -120 -160 -120 -1 -1 11 -114 9 70 2147483647 gsm|lte 0x2 level=2
D/STATUSBAR-NetworkController(  937): refreshSignalCluster:0
D/STATUSBAR-SignalClusterView(  937): mSeparateMobileGroup=8
D/STATUSBAR-SignalClusterView(  937): mSeparateMobileGroup=8
D/STATUSBAR-SignalClusterView(  937): mSeparateMobileGroup=8
D/STATUSBAR-NotificationService(  714): updateLightsLocked() : Turn off notification light
D/LightsService(  714): [SvcLED] setSvcLedStateLocked:: id = 4, color = 0, mode = Off, set = Off
E/MP-Decision( 1533): DOWN Ld:38 Ns:1.100000 Ts:190 rq:1.000000 seq:196.000000
E/Watchdog(  714): !@Sync 11123
W/SignalStrength(  714): getLteLevel =2
W/SignalStrength(  714): getLevel=2 (SignalStrength: 99 0 -120 -160 -120 -1 -1 14 -113 7 78 2147483647 gsm|lte 0x2)
W/SignalStrength(  714): getDbm 1
D/SignalStrength(  714): getLteDbm=-113
W/SignalStrength(  714): getDbm=-113
W/SignalStrength(  714): getAsuLevel 1
D/SignalStrength(  714): getLteDbm=-113
W/SignalStrength(  714): Lte Asu level: 27
W/SignalStrength(  714): getAsuLevel=27
W/PowerManagerService(  714): Timer 0x3->0x3|0x0
W/AlarmManager(  714): FACTORY_ON= 0
W/SignalStrength(  937): getLteLevel =2
W/SignalStrength(  937): getLevel=2 (SignalStrength: 99 0 -120 -160 -120 -1 -1 14 -113 7 78 2147483647 gsm|lte 0x2)
W/SignalStrength(  937): getLteLevel =2
W/SignalStrength(  937): getLevel=2 (SignalStrength: 99 0 -120 -160 -120 -1 -1 14 -113 7 78 2147483647 gsm|lte 0x2)
D/STATUSBAR-NetworkController(  937): onSignalStrengthsChanged signalStrength=SignalStrength: 99 0 -120 -160 -120 -1 -1 14 -113 7 78 2147483647 gsm|lte 0x2 level=2
V/AlarmManager(  714): waitForAlarm result :65536
W/AlarmManager(  714): FACTORY_ON= 0
D/STATUSBAR-Clock(  937): onReceive() - ACTION_TIME_CHANGED
D/com.samsung.app( 1761): [MSC_HERO_Accu_JB]>>> WCS:251 [0:0]  BR act = androidintentactionTIME_SET
D/widget  ( 1160): [MSC_HERO_Accu_JB]>>> WC:531 [0:0]  mSHandler EU : T&D 
D/widget  ( 1160): [MSC_HERO_Accu_JB]>>> SM:1288 [0:0] bTCC WCV = 200
D/widget  ( 1160): [MSC_HERO_Accu_JB]>>> WC:1691 [0:0] drw 2nd Tm dt = 0543
I/DrmEventService(  714): @@@ Intent from Alarm
D/LocationManagerService(  714): network location requested by an application
I/LocationManagerService(  714): request network (pid 2462) 285000 285000
D/LocationManagerService(  714): passive location requested by an application
I/LocationManagerService(  714): request passive (pid 2462) 285000 0
D/ClockAlarmWidgetService( 2765): [ClockAlarmWidgetService] onReceive: action = android.intent.action.TIME_SET
E/ClockAlarmWidget( 2765): [AlarmWidgetIdManager] getListItem() : itemIndex=0, widgetID:14
E/ClockAlarmWidget( 2765): [AlarmWidgetIdManager] getListItem() : ItemIndex exceed ListItemCount. itemIndex=1
E/ClockAlarmWidget( 2765): [AlarmWidgetIdManager] getListItem() : itemIndex=1, widgetID:14
D/accuweather( 1297): [MSC_Accu_Daemon]>>> AWDS:53 [0:0] Act
D/accuweather( 1297): [MSC_Accu_Daemon]>>> AWDS:58 [0:0] Act : androidintentactionTIME_SET
D/comsamsunglog( 1297): [MSC_Accu_Daemon]>>> ====================================================================================================================
D/comsamsunglog( 1297): [MSC_Accu_Daemon]>>> daemonappapaccuweather [Version : 12110101 ] [ 1 ] 
D/comsamsunglog( 1297): [MSC_Accu_Daemon]>>> Header set to : ===> "accuweather" <===
D/comsamsunglog( 1297): [MSC_Accu_Daemon]>>> ====================================================================================================================
D/STATUSBAR-Clock(  937): onReceive() - ACTION_TIME_CHANGED
D/accuweather( 1297): [MSC_Accu_Daemon]>>> AWDS:73 [0:0] SerStus:0,ASerStus:0,TmpS:1,AtRfr:1
W/AlarmManager(  714): FACTORY_ON= 0
D/ClockAlarmDataProvider( 2765): getAlarm() - too many same ID alarm data. nCount: 0
D/accuweather( 1297): [MSC_Accu_Daemon]>>> AWDS:491 [0:0] CnclAtRftAl
D/AlarmReceiver( 1953): onReceive() : action = .TIME_SET
D/AlarmReceiver( 1953): updateAlarmAsNewTime queried 1 items
D/AlarmReceiver( 1953): Item befor update : id : 2, 
D/AlarmReceiver( 1953): activate : 0, 
D/AlarmReceiver( 1953): AlertT___ (at cal) : Sun Dec BG BA##FH##AA EST CABC, 
D/AlarmReceiver( 1953): alarmT___ : IAA, 
D/AlarmReceiver( 1953): repeatType : 0x11111115, 
D/AlarmReceiver( 1953): notificationType : 0x1, 
D/AlarmReceiver( 1953): snoozeActivate : false, 
D/AlarmReceiver( 1953): snoozeDuration : 5, 
D/AlarmReceiver( 1953): snoozeRepeat : 3, 
D/AlarmReceiver( 1953): snoozeDoneCount : 0, 
D/AlarmReceiver( 1953): dailyBriefing : 7, 
D/AlarmReceiver( 1953): subdueActivate : true, 
D/AlarmReceiver( 1953): subdueDuration : 0, 
D/AlarmReceiver( 1953): subdueTone : 0, 
D/AlarmReceiver( 1953): alarmSoundType : 0, 
D/AlarmReceiver( 1953): alarmSoundTone : -1, 
D/AlarmReceiver( 1953): alarmVolume : 7, 
D/AlarmReceiver( 1953): subdueUri : 0, 
D/AlarmReceiver( 1953): ACTION_TIME_CHANGED:: updateAlarmAsNewTime returns 0
D/AlarmProvider( 1953): enableNextAlert next alarm : null
D/TAG     ( 1953): mPendingIntent == null am.cancel
E/WifiHW  (  714): ##################### set firmware type 0 #####################
D/WifiStateMachine(  714): setWifiEnabled : WifiNative.setFwType(0)
D/WifiService(  714): startScan: false pid=17911, uid=10038
W/AlarmManager(  714): FACTORY_ON= 0
I/wpa_supplicant( 1586): Scan requested (ret=0) - scan timeout 30 seconds
W/SignalStrength(  714): getLteLevel =2
W/SignalStrength(  714): getLevel=2 (SignalStrength: 99 0 -120 -160 -120 -1 -1 15 -111 8 90 2147483647 gsm|lte 0x2)
W/SignalStrength(  937): getLteLevel =2
W/SignalStrength(  937): getLevel=2 (SignalStrength: 99 0 -120 -160 -120 -1 -1 15 -111 8 90 2147483647 gsm|lte 0x2)
W/SignalStrength(  937): getLteLevel =2
W/SignalStrength(  937): getLevel=2 (SignalStrength: 99 0 -120 -160 -120 -1 -1 15 -111 8 90 2147483647 gsm|lte 0x2)
W/AlarmManager(  714): FACTORY_ON= 0
D/STATUSBAR-NetworkController(  937): onSignalStrengthsChanged signalStrength=SignalStrength: 99 0 -120 -160 -120 -1 -1 15 -111 8 90 2147483647 gsm|lte 0x2 level=2
E/MP-Decision( 1533): UP Ld:42 Nw:1.990000 Tw:140 rq:3.100000 seq:148.000000
W/AlarmManager(  714): FACTORY_ON= 0
W/SignalStrength(  714): getDbm 1
D/SignalStrength(  714): getLteDbm=-111
W/SignalStrength(  714): getDbm=-111
W/SignalStrength(  714): getAsuLevel 1
D/SignalStrength(  714): getLteDbm=-111
W/SignalStrength(  714): Lte Asu level: 29
W/SignalStrength(  714): getAsuLevel=29
W/AlarmManager(  714): FACTORY_ON= 0
W/AlarmManager(  714): FACTORY_ON= 0
D/dalvikvm(  200): WAIT_FOR_CONCURRENT_GC blocked 0ms
D/dalvikvm(  200): GC_EXPLICIT freed 38K, 44% free 12061K/21187K, paused 2ms+3ms, total 22ms
D/dalvikvm(  200): WAIT_FOR_CONCURRENT_GC blocked 0ms
D/dalvikvm(  200): GC_EXPLICIT freed <1K, 44% free 12061K/21187K, paused 1ms+2ms, total 20ms
D/dalvikvm(  200): WAIT_FOR_CONCURRENT_GC blocked 0ms
E/Trace   (26118): error opening trace file: No such file or directory (2)
D/ActivityThread(26118): setTargetHeapUtilization:0.25
D/ActivityThread(26118): setTargetHeapIdealFree:8388608
D/ActivityThread(26118): setTargetHeapConcurrentStart:2097152
D/dalvikvm(  200): GC_EXPLICIT freed <1K, 44% free 12061K/21187K, paused 1ms+3ms, total 23ms
D/CalendarAppWidgetProvider(26118): onReceive.isWidgetInstanceCreated: false, getAppWidgetIds length: 0
I/Process (26118): Sending signal. PID: 26118 SIG: 9
I/ActivityManager(  714): Process com.sec.android.widgetapp.SPlannerAppWidget (pid 26118) (adj 0) has died.
E/Trace   (26130): error opening trace file: No such file or directory (2)
D/ActivityThread(26130): setTargetHeapUtilization:0.25
D/ActivityThread(26130): setTargetHeapIdealFree:8388608
D/ActivityThread(26130): setTargetHeapConcurrentStart:2097152
D/CalendarWidget(26130): isWidgetInstanceCreated: false, AppWidgetIds length: 0
I/Process (26130): Sending signal. PID: 26130 SIG: 9
I/ActivityManager(  714): Process com.sec.android.widgetapp.SPlannerAppWidget (pid 26130) (adj 0) has died.
D/comdaemonstockapp( 2313): [Daemon_Stock]>>> Stockclock_DaemonService.java:48 [0:0] onReceive: androidintentactionTIME_SET
D/comdaemonstockapp( 2313): [Daemon_Stock]>>> Stockclock_DaemonService.java:55 [0:0] appServiceStatus: 0
D/comdaemonstockapp( 2313): [Daemon_Stock]>>> Stockclock_DaemonService.java:56 [0:0] [AR]: 0
D/QC-time-services(  658): Daemon:genoff_opr: Base = 1, val = 1363556128080, operation = 1
D/QC-time-services(  658): Daemon: genoff get for 1
D/QC-time-services(  658): Daemon:rtc_get: Time read from RTC -- MM/DD/YY HH:MM:SS3/4/70 14:23:30
D/QC-time-services(  658): Daemon:Value read from RTC seconds = 8087010000
D/QC-time-services(  658): Daemon:Value read from RTC seconds = 8087010000
D/QC-time-services(  658): Daemon:Value read from generif offset = 1355469587080
D/QC-time-services(  658): Daemon:Final Time = 1363556597080
D/QC-time-services(  658): Daemon:update_xtime: Setting system time to sec =1363556597, nsec =80000000
D/comdaemonstockapp( 2313): [Daemon_Stock]>>> Stockclock_DaemonService.java:130 [0:0] Daemon is not receive event: servic off
D/TimeService( 2872): Receivedandroid.intent.action.TIME_SET intent. Current Time is 1363556597628
D/SleepAsAndroid(10760): [17:43:17.728, main]: AlarmInitReceiver android.intent.action.TIME_SET
D/SleepAsAndroid(10760): [17:43:17.738, main]: Repeated: 1 TIME: 1363617000000
D/SleepAsAndroid(10760): [17:43:17.740, main]: Next alarm 10:30 Window: 30 Vibrate: true
D/SleepAsAndroid(10760): [17:43:17.747, main]: ** setAlert id 1 atTime Mon Mar 18 10:30:00 EDT 2013
I/SleepAsAndroid(10760): [17:43:17.761, main]: Enabling alarm: 1363617000000 Do Bed: 15 Do Auto: false Alert: file:///storage/sdcard0/Music/Press%20Play%20Walk%20Away%20-%20S3RL%20%26%20Synthwulf.mp3
I/SleepAsAndroid(10760): [17:43:17.763, main]: Setting time to bed: 1363588200000 Date: Mon Mar 18 02:30:00 EDT 2013
W/AlarmManager(  714): FACTORY_ON= 0
W/AlarmManager(  714): FACTORY_ON= 0
W/AlarmManager(  714): FACTORY_ON= 0
W/BackupManagerService(  714): dataChanged but no participant pkg='com.android.providers.settings' uid=10188
D/PowerManagerService(  714): setScreenOffTimeouts mKeylightDelay=1500 mDimDelay=51500 mScreenOffDelay=7000 mDimScreen=true
D/AlarmWidget( 1953): [AlarmWidgetProvider] onReceive()@@@ com.samsung.sec.android.clockpackage.alarm.NOTIFY_ALARM_CHANGE
D/AlarmWidget( 1953): [AlarmWidgetProvider] widgetId = -1, selectId =-1
D/AlarmWidget( 1953): [AlarmWidgetProvider] Alarm.NOTIFY_ALARM_CHANGE
E/AlarmWidget( 1953): [AlarmWidgetIdManager] AlarmWidgetID_Length
E/AlarmWidget( 1953): [AlarmWidgetIdManager] getPrefIDs() : length = 0
D/AlarmProvider( 1953): enableNextAlert next alarm : null
D/TAG     ( 1953): mPendingIntent == null am.cancel
W/BackupManagerService(  714): dataChanged but no participant pkg='com.android.providers.settings' uid=10022
D/PowerManagerService(  714): setScreenOffTimeouts mKeylightDelay=1500 mDimDelay=51500 mScreenOffDelay=7000 mDimScreen=true
E/ClockAlarmWidget( 2765): [AlarmWidgetIdManager] getListItem() : ItemIndex exceed ListItemCount. itemIndex=1
E/ClockAlarmWidget( 2765): [AlarmWidgetIdManager] getListItem() : itemIndex=1, widgetID:-1
E/ClockAlarmWidget( 2765): [AlarmWidgetIdManager] getListItem() : itemIndex=0, widgetID:14
E/ClockAlarmWidget( 2765): [AlarmWidgetIdManager] getListItem() : ItemIndex exceed ListItemCount. itemIndex=1
E/ClockAlarmWidget( 2765): [AlarmWidgetIdManager] getListItem() : itemIndex=1, widgetID:14
D/ClockAlarmDataProvider( 2765): getAlarm() - too many same ID alarm data. nCount: 0
D/STATUSBAR-NetworkController(  937): refreshSignalCluster:0
D/STATUSBAR-SignalClusterView(  937): mSeparateMobileGroup=8
D/STATUSBAR-SignalClusterView(  937): mSeparateMobileGroup=8
D/STATUSBAR-SignalClusterView(  937): mSeparateMobileGroup=8
D/KeyguardViewMediator(  714): handleTimeout
E/MP-Decision( 1533): DOWN Ld:14 Ns:1.100000 Ts:190 rq:0.200000 seq:196.000000
W/SignalStrength(  714): getLteLevel =2
W/SignalStrength(  714): getLevel=2 (SignalStrength: 99 0 -120 -160 -120 -1 -1 13 -110 8 98 2147483647 gsm|lte 0x2)
W/SignalStrength(  937): getLteLevel =2
W/SignalStrength(  937): getLevel=2 (SignalStrength: 99 0 -120 -160 -120 -1 -1 13 -110 8 98 2147483647 gsm|lte 0x2)
W/SignalStrength(  937): getLteLevel =2
W/SignalStrength(  937): getLevel=2 (SignalStrength: 99 0 -120 -160 -120 -1 -1 13 -110 8 98 2147483647 gsm|lte 0x2)
D/STATUSBAR-NetworkController(  937): onSignalStrengthsChanged signalStrength=SignalStrength: 99 0 -120 -160 -120 -1 -1 13 -110 8 98 2147483647 gsm|lte 0x2 level=2
W/SignalStrength(  714): getDbm 1
D/SignalStrength(  714): getLteDbm=-110
W/SignalStrength(  714): getDbm=-110
W/SignalStrength(  714): getAsuLevel 1
D/SignalStrength(  714): getLteDbm=-110
W/SignalStrength(  714): Lte Asu level: 30
W/SignalStrength(  714): getAsuLevel=30
W/AlarmManager(  714): FACTORY_ON= 0
D/AlarmReceiver( 1953): mHandler.postDelayed(new Runnable() {
D/Tethering(  714): interfaceLinkStateChanged wlan0, true
D/Tethering(  714): interfaceStatusChanged wlan0, true
I/wpa_supplicant( 1586): nl80211: Received scan results (6 BSSes)
D/LocationManagerService(  714): Location requesting stopped by an application
E/WifiHW  (  714): ##################### set firmware type 0 #####################
D/WifiStateMachine(  714): setWifiEnabled : WifiNative.setFwType(0)
W/AlarmManager(  714): FACTORY_ON= 0
V/AlarmManager(  714): waitForAlarm result :4
V/AlarmManager(  714): trigger ELAPSED_REALTIME_WAKEUP or RTC_WAKEUP
E/Sensors (  714): accelHandler 0.956062 6.279592 7.552993
W/AlarmManager(  714): FACTORY_ON= 0
D/STATUSBAR-NetworkController(  937): refreshSignalCluster:0
D/STATUSBAR-SignalClusterView(  937): mSeparateMobileGroup=8
D/STATUSBAR-SignalClusterView(  937): mSeparateMobileGroup=8
D/STATUSBAR-SignalClusterView(  937): mSeparateMobileGroup=8
E/Sensors (  714): gyroHandler 0.078830 0.007457 -0.017044
V/WindowOrientationListener(  714): nearestRotation : 0   Angle: 8   tilt: 49
W/SignalStrength(  714): getLteLevel =2
W/SignalStrength(  714): getLevel=2 (SignalStrength: 99 0 -120 -160 -120 -1 -1 13 -111 8 112 2147483647 gsm|lte 0x2)
W/AlarmManager(  714): FACTORY_ON= 0
W/SignalStrength(  937): getLteLevel =2
W/SignalStrength(  937): getLevel=2 (SignalStrength: 99 0 -120 -160 -120 -1 -1 13 -111 8 112 2147483647 gsm|lte 0x2)
W/SignalStrength(  937): getLteLevel =2
W/SignalStrength(  937): getLevel=2 (SignalStrength: 99 0 -120 -160 -120 -1 -1 13 -111 8 112 2147483647 gsm|lte 0x2)
D/STATUSBAR-NetworkController(  937): onSignalStrengthsChanged signalStrength=SignalStrength: 99 0 -120 -160 -120 -1 -1 13 -111 8 112 2147483647 gsm|lte 0x2 level=2
W/SignalStrength(  714): getDbm 1
D/SignalStrength(  714): getLteDbm=-111
W/SignalStrength(  714): getDbm=-111
W/SignalStrength(  714): getAsuLevel 1
D/SignalStrength(  714): getLteDbm=-111
W/SignalStrength(  714): Lte Asu level: 29
W/SignalStrength(  714): getAsuLevel=29
W/SignalStrength(  714): getLteLevel =2
W/SignalStrength(  714): getLevel=2 (SignalStrength: 99 0 -120 -160 -120 -1 -1 13 -110 7 120 2147483647 gsm|lte 0x2)
W/SignalStrength(  937): getLteLevel =2
W/SignalStrength(  937): getLevel=2 (SignalStrength: 99 0 -120 -160 -120 -1 -1 13 -110 7 120 2147483647 gsm|lte 0x2)
W/SignalStrength(  937): getLteLevel =2
W/SignalStrength(  937): getLevel=2 (SignalStrength: 99 0 -120 -160 -120 -1 -1 13 -110 7 120 2147483647 gsm|lte 0x2)
D/STATUSBAR-NetworkController(  937): onSignalStrengthsChanged signalStrength=SignalStrength: 99 0 -120 -160 -120 -1 -1 13 -110 7 120 2147483647 gsm|lte 0x2 level=2
W/AlarmManager(  714): FACTORY_ON= 0
W/SignalStrength(  714): getDbm 1
D/SignalStrength(  714): getLteDbm=-110
W/SignalStrength(  714): getDbm=-110
W/SignalStrength(  714): getAsuLevel 1
D/SignalStrength(  714): getLteDbm=-110
W/SignalStrength(  714): Lte Asu level: 30
W/SignalStrength(  714): getAsuLevel=30
W/SignalStrength(  714): getLteLevel =2
W/SignalStrength(  714): getLevel=2 (SignalStrength: 99 0 -120 -160 -120 -1 -1 13 -111 8 120 2147483647 gsm|lte 0x2)
W/SignalStrength(  937): getLteLevel =2
W/SignalStrength(  937): getLevel=2 (SignalStrength: 99 0 -120 -160 -120 -1 -1 13 -111 8 120 2147483647 gsm|lte 0x2)
W/SignalStrength(  937): getLteLevel =2
W/SignalStrength(  937): getLevel=2 (SignalStrength: 99 0 -120 -160 -120 -1 -1 13 -111 8 120 2147483647 gsm|lte 0x2)
W/SignalStrength(  714): getDbm 1
D/STATUSBAR-NetworkController(  937): onSignalStrengthsChanged signalStrength=SignalStrength: 99 0 -120 -160 -120 -1 -1 13 -111 8 120 2147483647 gsm|lte 0x2 level=2
W/AlarmManager(  714): FACTORY_ON= 0
D/SignalStrength(  714): getLteDbm=-111
W/SignalStrength(  714): getDbm=-111
W/SignalStrength(  714): getAsuLevel 1
D/SignalStrength(  714): getLteDbm=-111
W/SignalStrength(  714): Lte Asu level: 29
W/SignalStrength(  714): getAsuLevel=29
W/SignalStrength(  714): getLteLevel =2
W/SignalStrength(  714): getLevel=2 (SignalStrength: 99 0 -120 -160 -120 -1 -1 13 -110 7 126 2147483647 gsm|lte 0x2)
W/AlarmManager(  714): FACTORY_ON= 0
W/SignalStrength(  937): getLteLevel =2
W/SignalStrength(  937): getLevel=2 (SignalStrength: 99 0 -120 -160 -120 -1 -1 13 -110 7 126 2147483647 gsm|lte 0x2)
W/SignalStrength(  937): getLteLevel =2
W/SignalStrength(  937): getLevel=2 (SignalStrength: 99 0 -120 -160 -120 -1 -1 13 -110 7 126 2147483647 gsm|lte 0x2)
W/SignalStrength(  714): getDbm 1
D/SignalStrength(  714): getLteDbm=-110
W/SignalStrength(  714): getDbm=-110
W/SignalStrength(  714): getAsuLevel 1
D/SignalStrength(  714): getLteDbm=-110
W/SignalStrength(  714): Lte Asu level: 30
W/SignalStrength(  714): getAsuLevel=30
D/STATUSBAR-NetworkController(  937): onSignalStrengthsChanged signalStrength=SignalStrength: 99 0 -120 -160 -120 -1 -1 13 -110 7 126 2147483647 gsm|lte 0x2 level=2
E/Sensors (  714): accelHandler 0.358355 5.622159 8.255483
E/Sensors (  714): gyroHandler -0.402670 -0.324906 0.273773
V/WindowOrientationListener(  714): nearestRotation : 0   Angle: 358   tilt: 46
D/STATUSBAR-NetworkController(  937): refreshSignalCluster:0
D/STATUSBAR-SignalClusterView(  937): mSeparateMobileGroup=8
D/STATUSBAR-SignalClusterView(  937): mSeparateMobileGroup=8
D/STATUSBAR-SignalClusterView(  937): mSeparateMobileGroup=8
W/SignalStrength(  714): getLteLevel =2
W/SignalStrength(  714): getLevel=2 (SignalStrength: 99 0 -120 -160 -120 -1 -1 15 -109 7 132 2147483647 gsm|lte 0x2)
W/SignalStrength(  937): getLteLevel =2
W/SignalStrength(  937): getLevel=2 (SignalStrength: 99 0 -120 -160 -120 -1 -1 15 -109 7 132 2147483647 gsm|lte 0x2)
W/SignalStrength(  937): getLteLevel =2
W/SignalStrength(  937): getLevel=2 (SignalStrength: 99 0 -120 -160 -120 -1 -1 15 -109 7 132 2147483647 gsm|lte 0x2)
D/STATUSBAR-NetworkController(  937): onSignalStrengthsChanged signalStrength=SignalStrength: 99 0 -120 -160 -120 -1 -1 15 -109 7 132 2147483647 gsm|lte 0x2 level=2
W/AlarmManager(  714): FACTORY_ON= 0
W/SignalStrength(  714): getDbm 1
D/SignalStrength(  714): getLteDbm=-109
W/SignalStrength(  714): getDbm=-109
W/SignalStrength(  714): getAsuLevel 1
D/SignalStrength(  714): getLteDbm=-109
W/SignalStrength(  714): Lte Asu level: 31
W/SignalStrength(  714): getAsuLevel=31
D/STATUSBAR-NetworkController(  937): refreshSignalCluster:0
D/STATUSBAR-SignalClusterView(  937): mSeparateMobileGroup=8
D/STATUSBAR-SignalClusterView(  937): mSeparateMobileGroup=8
D/STATUSBAR-SignalClusterView(  937): mSeparateMobileGroup=8
I/InputReader(  714): Touch event's action is 0x0 (deviceType=0) [pCnt=1, s=0.8252 ]
I/InputDispatcher(  714): Delivering touch to current input target: action: 0x0
I/InputDispatcher(  714): Delivering touch to current input target: action: 0x0
I/InputDispatcher(  714): Delivering touch to current input target: action: 0x0
I/InputReader(  714): Touch event's action is 0x1 (deviceType=0) [pCnt=1, s=]
I/InputDispatcher(  714): Delivering touch to current input target: action: 0x1
I/InputDispatcher(  714): Delivering touch to current input target: action: 0x1
I/InputDispatcher(  714): Delivering touch to current input target: action: 0x1
D/PointerInterceptView(  714): Receive COLLAPSED
D/PointerInterceptView(  714): sendCallbackFunc, mPreviousOpen = false , isOpen = false , isForce = false
W/Vibrator(  714): Vibrator.cancel()
D/KeyguardViewMediator(  714): setHidden false
D/STATUSBAR-NotificationService(  714): updateLightsLocked() : Turn off notification light
D/LightsService(  714): [SvcLED] setSvcLedStateLocked:: id = 4, color = 0, mode = Off, set = Off
D/STATUSBAR-PhoneStatusBar(  937): Mini Controller text scroll : OFF
D/STATUSBAR-QuickSettingPanel(  937): mDisplayButtonCnt : 8 mCurButtonNum : 5
W/STATUSBAR-QuickSettingPanel(  937): prepareTranslationXfalse  357
D/STATUSBAR-PhoneStatusBar(  937): performCollapse()
D/STATUSBAR-StatusBarManagerService(  714): setSystemUiVisibility(0x0)
D/STATUSBAR-StatusBarManagerService(  714): manageDisableList what=0x0 pkg=WindowManager.LayoutParams
W/InputMethodManagerService(  714): Window already focused, ignoring focus gain of: com.android.internal.view.IInputMethodClient$Stub$Proxy@42ad6560 attribute=null
I/Adreno200-EGLSUB(  937): <ConfigWindowMatch:2087>: Format RGBA_8888.
D/PhoneStatusBar(  937): disable: < expand icons alerts ticker* system_info back home recent clock >
E/libgenlock(  196): perform_lock_unlock_operation: GENLOCK_IOC_DREADLOCK failed (lockType0x0,err=Invalid argument fd=50)
E/hwcomposer(  196): void qhwc::QueuedBufferStore::unlockBuffer(private_handle_t*): genlock_unlock_buffer failed
I/Adreno200-EGLSUB(  196): <CreateImage:897>: Android Image
I/Adreno200-EGLSUB(  196): <GetImageAttributes:1106>: RGBA_8888
D/hwcomposer(  196): Invalid gralloc handle (at 0x4396ddd0): ver(1/12) ints(14/14) fds(64/3) magic(--/gmsm)
E/hwcomposer(  196): void qhwc::QueuedBufferStore::unlockBuffer(private_handle_t*) Invalid Handle
W/PowerManagerService(  714): Timer 0x3->0x3|0x0
D/STATUSBAR-NetworkController(  937): onReceive() - RSSI_CHANGED_ACTION, WIFI_STATE, NETWORK_STATE
D/STATUSBAR-NetworkController(  937): refreshSignalCluster:0
W/SignalStrength(  714): getLteLevel =2
W/SignalStrength(  714): getLevel=2 (SignalStrength: 99 0 -120 -160 -120 -1 -1 13 -108 8 134 2147483647 gsm|lte 0x2)
W/AlarmManager(  714): FACTORY_ON= 0
W/SignalStrength(  714): getDbm 1
D/SignalStrength(  714): getLteDbm=-108
W/SignalStrength(  714): getDbm=-108
W/SignalStrength(  714): getAsuLevel 1
D/SignalStrength(  714): getLteDbm=-108
W/SignalStrength(  714): Lte Asu level: 32
W/SignalStrength(  714): getAsuLevel=32
D/STATUSBAR-SignalClusterView(  937): mSeparateMobileGroup=8
D/STATUSBAR-SignalClusterView(  937): mSeparateMobileGroup=8
D/STATUSBAR-SignalClusterView(  937): mSeparateMobileGroup=8
W/SignalStrength(  937): getLteLevel =2
W/SignalStrength(  937): getLevel=2 (SignalStrength: 99 0 -120 -160 -120 -1 -1 13 -108 8 134 2147483647 gsm|lte 0x2)
W/SignalStrength(  937): getLteLevel =2
W/SignalStrength(  937): getLevel=2 (SignalStrength: 99 0 -120 -160 -120 -1 -1 13 -108 8 134 2147483647 gsm|lte 0x2)
D/STATUSBAR-NetworkController(  937): onSignalStrengthsChanged signalStrength=SignalStrength: 99 0 -120 -160 -120 -1 -1 13 -108 8 134 2147483647 gsm|lte 0x2 level=2
I/Adreno200-EGLSUB(  196): <CreateImage:897>: Android Image
I/Adreno200-EGLSUB(  196): <GetImageAttributes:1106>: RGBA_8888
E/Sensors (  714): accelHandler 1.202449 2.944527 9.275461
E/Sensors (  714): gyroHandler 0.168312 -0.069242 -0.054328
D/STATUSBAR-NetworkController(  937): onReceive() - RSSI_CHANGED_ACTION, WIFI_STATE, NETWORK_STATE
D/STATUSBAR-NetworkController(  937): refreshSignalCluster:0
D/STATUSBAR-SignalClusterView(  937): mSeparateMobileGroup=8
D/STATUSBAR-SignalClusterView(  937): mSeparateMobileGroup=8
D/STATUSBAR-SignalClusterView(  937): mSeparateMobileGroup=8
I/Adreno200-EGLSUB(  196): <CreateImage:897>: Android Image
I/Adreno200-EGLSUB(  196): <GetImageAttributes:1106>: RGBA_8888
I/InputReader(  714): Touch event's action is 0x0 (deviceType=0) [pCnt=1, s=0.8253 ]
I/InputDispatcher(  714): Delivering touch to current input target: action: 0x0
I/InputDispatcher(  714): Delivering touch to current input target: action: 0x0
I/InputDispatcher(  714): Delivering touch to current input target: action: 0x0
I/InputDispatcher(  714): Delivering touch to current input target: action: 0x0
I/TwDVFSBroadcastReceiver(  958): onLauncherIntent
D/PowerManager(  958): DVFSLock :  acquire : timeout : 1000
I/power   (  714): *** acquire_dvfs_lock : lockType : 1  freq : 1512000 
D/PowerManagerService(  714): acquireDVFSLockLocked : type : DVFS_MIN_LIMIT  frequency : 1512000  uid : 1000  pid : 958  tag : TwDVFSBroadcastReceiver
E/MP-Decision( 1533): CPU[1] has been hotplugged outside MP-Decision.
E/MP-Decision( 1533): MP-Decision will be stalled until enabled.
I/InputReader(  714): Touch event's action is 0x1 (deviceType=0) [pCnt=1, s=]
I/InputDispatcher(  714): Delivering touch to current input target: action: 0x1
I/InputDispatcher(  714): Delivering touch to current input target: action: 0x1
I/InputDispatcher(  714): Delivering touch to current input target: action: 0x1
I/InputDispatcher(  714): Delivering touch to current input target: action: 0x1
I/power   (  714): *** release_dvfs_lock : lockType : 1 
E/MP-Decision( 1533): Enabling MP decision for CPU[1]
D/PowerManagerService(  714): releaseDVFSLockLocked : all DVFS_MIN_LIMIT are released 
E/Watchdog(  714): !@Sync 11124
I/InputReader(  714): Touch event's action is 0x0 (deviceType=0) [pCnt=1, s=0.8254 ]
I/InputDispatcher(  714): Delivering touch to current input target: action: 0x0
I/InputDispatcher(  714): Delivering touch to current input target: action: 0x0
I/InputDispatcher(  714): Delivering touch to current input target: action: 0x0
I/InputDispatcher(  714): Delivering touch to current input target: action: 0x0
I/TwDVFSBroadcastReceiver(  958): onLauncherIntent
D/PowerManager(  958): DVFSLock :  acquire : timeout : 1000
I/power   (  714): *** acquire_dvfs_lock : lockType : 1  freq : 1512000 
D/PowerManagerService(  714): acquireDVFSLockLocked : type : DVFS_MIN_LIMIT  frequency : 1512000  uid : 1000  pid : 958  tag : TwDVFSBroadcastReceiver
E/MP-Decision( 1533): CPU[1] has been hotplugged outside MP-Decision.
E/MP-Decision( 1533): MP-Decision will be stalled until enabled.
I/InputReader(  714): Touch event's action is 0x1 (deviceType=0) [pCnt=1, s=]
I/InputDispatcher(  714): Delivering touch to current input target: action: 0x1
I/InputDispatcher(  714): Delivering touch to current input target: action: 0x1
I/InputDispatcher(  714): Delivering touch to current input target: action: 0x1
I/InputDispatcher(  714): Delivering touch to current input target: action: 0x1
I/power   (  714): *** release_dvfs_lock : lockType : 1 
E/MP-Decision( 1533): Enabling MP decision for CPU[1]
D/PowerManagerService(  714): releaseDVFSLockLocked : all DVFS_MIN_LIMIT are released 
E/MP-Decision( 1533): UP Ld:100 Nw:1.990000 Tw:140 rq:0.700000 seq:146.000000
W/PowerManagerService(  714): Timer 0x3->0x3|0x0
E/MP-Decision( 1533): DOWN Ld:14 Ns:1.100000 Ts:190 rq:0.500000 seq:196.000000
W/SignalStrength(  714): getLteLevel =2
W/SignalStrength(  714): getLevel=2 (SignalStrength: 99 0 -120 -160 -120 -1 -1 12 -111 8 108 2147483647 gsm|lte 0x2)
W/SignalStrength(  937): getLteLevel =2
W/SignalStrength(  937): getLevel=2 (SignalStrength: 99 0 -120 -160 -120 -1 -1 12 -111 8 108 2147483647 gsm|lte 0x2)
W/SignalStrength(  937): getLteLevel =2
D/STATUSBAR-NetworkController(  937): onSignalStrengthsChanged signalStrength=SignalStrength: 99 0 -120 -160 -120 -1 -1 12 -111 8 108 2147483647 gsm|lte 0x2 level=2
W/SignalStrength(  937): getLevel=2 (SignalStrength: 99 0 -120 -160 -120 -1 -1 12 -111 8 108 2147483647 gsm|lte 0x2)
W/SignalStrength(  714): getDbm 1
D/SignalStrength(  714): getLteDbm=-111
W/SignalStrength(  714): getDbm=-111
W/SignalStrength(  714): getAsuLevel 1
D/SignalStrength(  714): getLteDbm=-111
W/SignalStrength(  714): Lte Asu level: 29
W/SignalStrength(  714): getAsuLevel=29
W/AlarmManager(  714): FACTORY_ON= 0
E/Sensors (  714): accelHandler 0.638722 3.944148 9.392368
E/Sensors (  714): gyroHandler 0.497478 0.828776 0.639159
D/InputReader(  714): Input event: value=1
D/lights  (  714): button : 255 +
D/lights  (  714): button : 255 -
I/InputDispatcher(  714): Delivering key to current input target: action: 0x0
I/InputDispatcher(  714): Delivering key to current input target: action: 0x0
I/InputDispatcher(  714): Delivering key to current input target: action: 0x0
I/PowerManagerService(  714): Ulight 0x3->0x7|0x0
D/LightsService(  714): setLightLocked is called
D/InputReader(  714): Input event: value=0
I/InputDispatcher(  714): Delivering key to current input target: action: 0x1
I/InputDispatcher(  714): Delivering key to current input target: action: 0x1
I/InputDispatcher(  714): Delivering key to current input target: action: 0x1
I/ClipboardServiceEx(  714): mCBPickerDialog enter case. MSG_DISMISS_DIALOG
D/Launcher.Workspace( 1160): exitWidgetResizeMode State: NORMAL, newDragStarted: false
W/SignalStrength(  714): getLteLevel =2
W/SignalStrength(  714): getLevel=2 (SignalStrength: 99 0 -120 -160 -120 -1 -1 14 -111 7 100 2147483647 gsm|lte 0x2)
W/SignalStrength(  937): getLteLevel =2
W/SignalStrength(  937): getLevel=2 (SignalStrength: 99 0 -120 -160 -120 -1 -1 14 -111 7 100 2147483647 gsm|lte 0x2)
W/SignalStrength(  937): getLteLevel =2
W/SignalStrength(  937): getLevel=2 (SignalStrength: 99 0 -120 -160 -120 -1 -1 14 -111 7 100 2147483647 gsm|lte 0x2)
D/STATUSBAR-NetworkController(  937): onSignalStrengthsChanged signalStrength=SignalStrength: 99 0 -120 -160 -120 -1 -1 14 -111 7 100 2147483647 gsm|lte 0x2 level=2
W/AlarmManager(  714): FACTORY_ON= 0
W/SignalStrength(  714): getDbm 1
D/SignalStrength(  714): getLteDbm=-111
W/SignalStrength(  714): getDbm=-111
W/SignalStrength(  714): getAsuLevel 1
D/SignalStrength(  714): getLteDbm=-111
W/SignalStrength(  714): Lte Asu level: 29
W/SignalStrength(  714): getAsuLevel=29
D/lights  (  714): button : 0 +
D/lights  (  714): button : 0 -
W/PowerManagerService(  714): Timer 0x7->0x3|0x0
I/PowerManagerService(  714): Ulight 0x7->0x3|0x0
D/LightsService(  714): setLightLocked is called
W/SignalStrength(  714): getLteLevel =2
W/SignalStrength(  714): getLevel=2 (SignalStrength: 99 0 -120 -160 -120 -1 -1 13 -111 8 104 2147483647 gsm|lte 0x2)
W/SignalStrength(  937): getLteLevel =2
W/SignalStrength(  937): getLevel=2 (SignalStrength: 99 0 -120 -160 -120 -1 -1 13 -111 8 104 2147483647 gsm|lte 0x2)
W/SignalStrength(  937): getLteLevel =2
W/SignalStrength(  937): getLevel=2 (SignalStrength: 99 0 -120 -160 -120 -1 -1 13 -111 8 104 2147483647 gsm|lte 0x2)
D/STATUSBAR-NetworkController(  937): onSignalStrengthsChanged signalStrength=SignalStrength: 99 0 -120 -160 -120 -1 -1 13 -111 8 104 2147483647 gsm|lte 0x2 level=2
W/SignalStrength(  714): getDbm 1
D/SignalStrength(  714): getLteDbm=-111
W/AlarmManager(  714): FACTORY_ON= 0
W/SignalStrength(  714): getDbm=-111
W/SignalStrength(  714): getAsuLevel 1
D/SignalStrength(  714): getLteDbm=-111
W/SignalStrength(  714): Lte Asu level: 29
W/SignalStrength(  714): getAsuLevel=29
V/AlarmManager(  714): waitForAlarm result :4
V/AlarmManager(  714): trigger ELAPSED_REALTIME_WAKEUP or RTC_WAKEUP
I/dhcpcd  (26172):  dhcp main start  
I/dhcpcd  (25515): enter handle_signal in dhcpcd.c
D/BatteryService(  714): update start
D/BatteryService(  714): level:82 scale:100 status:3 health:2 present:true voltage: 4026 temperature: 327 technology: Li-ion AC powered:false USB powered:false icon:17303193 invalid charger:0
D/STATUSBAR-BatteryController(  937): onReceive() - ACTION_BATTERY_CHANGED
D/STATUSBAR-BatteryController(  937): onReceive() - level:82
D/STATUSBAR-BatteryController(  937): onReceive() - plugged:0
D/STATUSBAR-BatteryController(  937): onReceive() - BATTERY_STATUS_DISCHARGING: stat_sys_battery
D/STATUSBAR-PhoneStatusBar(  937): ACTION_BATTERY_CHANGED
W/AlarmManager(  714): FACTORY_ON= 0
W/AlarmManager(  714): FACTORY_ON= 0
I/WifiStateMachine(  714): DHCP renew post action!!! - Don't need to make state transition
D/STATUSBAR-NetworkController(  937): refreshSignalCluster:0
D/STATUSBAR-SignalClusterView(  937): mSeparateMobileGroup=8
D/STATUSBAR-SignalClusterView(  937): mSeparateMobileGroup=8
D/STATUSBAR-SignalClusterView(  937): mSeparateMobileGroup=8
I/Adreno200-EGLSUB(  196): <CreateImage:897>: Android Image
I/Adreno200-EGLSUB(  196): <GetImageAttributes:1106>: RGBA_8888
V/AlarmManager(  714): waitForAlarm result :8
V/AlarmManager(  714): ClockReceiver onReceive() ACTION_TIME_TICK
W/AlarmManager(  714): FACTORY_ON= 0
D/STATUSBAR-Clock(  937): onReceive() - ACTION_TIME_TICK
W/SignalStrength(  714): getLteLevel =2
W/SignalStrength(  714): getLevel=2 (SignalStrength: 99 0 -120 -160 -120 -1 -1 13 -110 7 106 2147483647 gsm|lte 0x2)
W/AlarmManager(  714): FACTORY_ON= 0
D/TextLayoutCache(  937): Cache value 0x58af8f78 deleted, size = 440
W/SignalStrength(  714): getDbm 1
D/SignalStrength(  714): getLteDbm=-110
W/SignalStrength(  714): getDbm=-110
W/SignalStrength(  714): getAsuLevel 1
D/SignalStrength(  714): getLteDbm=-110
W/SignalStrength(  714): Lte Asu level: 30
W/SignalStrength(  714): getAsuLevel=30
W/SignalStrength(  937): getLteLevel =2
W/SignalStrength(  937): getLevel=2 (SignalStrength: 99 0 -120 -160 -120 -1 -1 13 -110 7 106 2147483647 gsm|lte 0x2)
W/SignalStrength(  937): getLteLevel =2
W/SignalStrength(  937): getLevel=2 (SignalStrength: 99 0 -120 -160 -120 -1 -1 13 -110 7 106 2147483647 gsm|lte 0x2)
D/STATUSBAR-NetworkController(  937): onSignalStrengthsChanged signalStrength=SignalStrength: 99 0 -120 -160 -120 -1 -1 13 -110 7 106 2147483647 gsm|lte 0x2 level=2
D/STATUSBAR-Clock(  937): onReceive() - ACTION_TIME_TICK
D/widget  ( 1160): [MSC_HERO_Accu_JB]>>> SM:1288 [0:0] bTCC WCV = 200
D/widget  ( 1160): [MSC_HERO_Accu_JB]>>> WC:1691 [0:0] drw 2nd Tm dt = 0544
D/ClockAlarmWidgetService( 2765): [ClockAlarmWidgetService] onReceive: action = android.intent.action.TIME_TICK
E/ClockAlarmWidget( 2765): [AlarmWidgetIdManager] getListItem() : itemIndex=0, widgetID:14
E/ClockAlarmWidget( 2765): [AlarmWidgetIdManager] getListItem() : ItemIndex exceed ListItemCount. itemIndex=1
E/ClockAlarmWidget( 2765): [AlarmWidgetIdManager] getListItem() : itemIndex=1, widgetID:14
D/ClockAlarmDataProvider( 2765): getAlarm() - too many same ID alarm data. nCount: 0
D/STATUSBAR-NetworkController(  937): refreshSignalCluster:0
D/STATUSBAR-SignalClusterView(  937): mSeparateMobileGroup=8
D/STATUSBAR-SignalClusterView(  937): mSeparateMobileGroup=8
D/STATUSBAR-SignalClusterView(  937): mSeparateMobileGroup=8
D/STATUSBAR-NetworkController(  937): onReceive() - RSSI_CHANGED_ACTION, WIFI_STATE, NETWORK_STATE
E/Sensors (  714): accelHandler -1.519341 0.176483 9.707314
E/Sensors (  714): gyroHandler 0.002131 -0.034088 -0.003196
D/STATUSBAR-NetworkController(  937): onReceive() - RSSI_CHANGED_ACTION, WIFI_STATE, NETWORK_STATE
D/STATUSBAR-NetworkController(  937): refreshSignalCluster:0
D/STATUSBAR-SignalClusterView(  937): mSeparateMobileGroup=8
D/STATUSBAR-SignalClusterView(  937): mSeparateMobileGroup=8
D/STATUSBAR-SignalClusterView(  937): mSeparateMobileGroup=8
W/SignalStrength(  714): getLteLevel =2
W/SignalStrength(  714): getLevel=2 (SignalStrength: 99 0 -120 -160 -120 -1 -1 13 -111 8 116 2147483647 gsm|lte 0x2)
W/SignalStrength(  937): getLteLevel =2
W/SignalStrength(  937): getLevel=2 (SignalStrength: 99 0 -120 -160 -120 -1 -1 13 -111 8 116 2147483647 gsm|lte 0x2)
W/SignalStrength(  937): getLteLevel =2
W/SignalStrength(  937): getLevel=2 (SignalStrength: 99 0 -120 -160 -120 -1 -1 13 -111 8 116 2147483647 gsm|lte 0x2)
D/STATUSBAR-NetworkController(  937): onSignalStrengthsChanged signalStrength=SignalStrength: 99 0 -120 -160 -120 -1 -1 13 -111 8 116 2147483647 gsm|lte 0x2 level=2
W/SignalStrength(  714): getDbm 1
D/SignalStrength(  714): getLteDbm=-111
W/SignalStrength(  714): getDbm=-111
W/SignalStrength(  714): getAsuLevel 1
D/SignalStrength(  714): getLteDbm=-111
W/SignalStrength(  714): Lte Asu level: 29
W/SignalStrength(  714): getAsuLevel=29
W/AlarmManager(  714): FACTORY_ON= 0
D/STATUSBAR-NetworkController(  937): refreshSignalCluster:0
D/STATUSBAR-SignalClusterView(  937): mSeparateMobileGroup=8
D/STATUSBAR-SignalClusterView(  937): mSeparateMobileGroup=8
D/STATUSBAR-SignalClusterView(  937): mSeparateMobileGroup=8
I/Sensors (  714): **** No Motion ****
D/STATUSBAR-NetworkController(  937): onReceive() - RSSI_CHANGED_ACTION, WIFI_STATE, NETWORK_STATE
I/Sensors (  714): **** Motion ****
I/InputReader(  714): Touch event's action is 0x0 (deviceType=0) [pCnt=1, s=0.8255 ]
I/InputDispatcher(  714): Delivering touch to current input target: action: 0x0
I/InputDispatcher(  714): Delivering touch to current input target: action: 0x0
I/InputDispatcher(  714): Delivering touch to current input target: action: 0x0
W/Vibrator(  714): Vibrator.cancel()
I/InputReader(  714): Touch event's action is 0x1 (deviceType=0) [pCnt=1, s=]
I/InputDispatcher(  714): Delivering touch to current input target: action: 0x1
I/InputDispatcher(  714): Delivering touch to current input target: action: 0x1
I/InputDispatcher(  714): Delivering touch to current input target: action: 0x1
D/STATUSBAR-NotificationService(  714): updateLightsLocked() : Turn off notification light
D/LightsService(  714): [SvcLED] setSvcLedStateLocked:: id = 4, color = 0, mode = Off, set = Off
D/KeyguardViewMediator(  714): setHidden false
D/STATUSBAR-StatusBarManagerService(  714): setSystemUiVisibility(0x80000)
D/STATUSBAR-StatusBarManagerService(  714): manageDisableList what=0x80000 pkg=WindowManager.LayoutParams
I/Adreno200-EGLSUB(  937): <ConfigWindowMatch:2087>: Format RGBA_8888.
D/PhoneStatusBar(  937): disable: < expand icons alerts TICKER* system_info back home recent clock >
I/Adreno200-EGLSUB(  196): <CreateImage:897>: Android Image
I/Adreno200-EGLSUB(  196): <GetImageAttributes:1106>: RGBA_8888
D/hwcomposer(  196): Invalid gralloc handle (at 0x439a87f0): ver(1/12) ints(14/14) fds(64/3) magic(--/gmsm)
E/hwcomposer(  196): void qhwc::QueuedBufferStore::unlockBuffer(private_handle_t*) Invalid Handle
I/Adreno200-EGLSUB(  196): <CreateImage:897>: Android Image
I/Adreno200-EGLSUB(  196): <GetImageAttributes:1106>: RGBA_8888
D/PointerInterceptView(  714): Receive COLLAPSED
D/PointerInterceptView(  714): sendCallbackFunc, mPreviousOpen = false , isOpen = false , isForce = false
W/Vibrator(  714): Vibrator.cancel()
D/KeyguardViewMediator(  714): setHidden false
D/STATUSBAR-NotificationService(  714): updateLightsLocked() : Turn off notification light
D/LightsService(  714): [SvcLED] setSvcLedStateLocked:: id = 4, color = 0, mode = Off, set = Off
D/STATUSBAR-StatusBarManagerService(  714): setSystemUiVisibility(0x0)
D/STATUSBAR-StatusBarManagerService(  714): manageDisableList what=0x0 pkg=WindowManager.LayoutParams
I/Adreno200-EGLSUB(  196): <CreateImage:897>: Android Image
I/Adreno200-EGLSUB(  196): <GetImageAttributes:1106>: RGBA_8888
W/InputMethodManagerService(  714): Window already focused, ignoring focus gain of: com.android.internal.view.IInputMethodClient$Stub$Proxy@42c57738 attribute=null
I/Adreno200-EGLSUB(  937): <ConfigWindowMatch:2087>: Format RGBA_8888.
D/PhoneStatusBar(  937): disable: < expand icons alerts ticker* system_info back home recent clock >
I/Adreno200-EGLSUB(  196): <CreateImage:897>: Android Image
I/Adreno200-EGLSUB(  196): <GetImageAttributes:1106>: RGBA_8888
D/hwcomposer(  196): Invalid gralloc handle (at 0x43e03978): ver(1074926972/12) ints(14/14) fds(1074926972/3) magic(--/gmsm)
E/hwcomposer(  196): void qhwc::QueuedBufferStore::unlockBuffer(private_handle_t*) Invalid Handle
E/Sensors (  714): accelHandler 5.991441 3.215763 5.617518
D/KeyguardViewMediator(  714): setHidden false
V/WindowOrientationListener(  714): Proposed rotation changed!  proposedRotation=1, oldProposedRotation=-1currentRotation = 0
V/WindowManager(  714): rotationForOrientationLw(orient=5, last=0); user=0  mLidState=-1 mDockMode=0 mHdmiPlugged=false mAccelerometerDefault=false sensorRotation=1
E/Sensors (  714): gyroHandler 0.955542 0.106526 -0.307861
D/STATUSBAR-NetworkController(  937): onReceive() - RSSI_CHANGED_ACTION, WIFI_STATE, NETWORK_STATE
D/STATUSBAR-NetworkController(  937): refreshSignalCluster:0
D/STATUSBAR-SignalClusterView(  937): mSeparateMobileGroup=8
D/STATUSBAR-SignalClusterView(  937): mSeparateMobileGroup=8
D/STATUSBAR-SignalClusterView(  937): mSeparateMobileGroup=8
I/Adreno200-EGLSUB(  196): <CreateImage:897>: Android Image
I/Adreno200-EGLSUB(  196): <GetImageAttributes:1106>: RGBA_8888
V/WindowOrientationListener(  714): nearestRotation : 1   Angle: 81   tilt: -5
W/PowerManagerService(  714): Timer 0x3->0x3|0x0
D/BatteryService(  714): update start
D/BatteryService(  714): level:82 scale:100 status:2 health:2 present:true voltage: 4042 temperature: 325 technology: Li-ion AC powered:false USB powered:true icon:17303207 invalid charger:0
D/BatteryService(  714): update start
D/BatteryService(  714): level:82 scale:100 status:2 health:2 present:true voltage: 4130 temperature: 325 technology: Li-ion AC powered:false USB powered:true icon:17303207 invalid charger:0
D/BatteryService(  714): update start
D/STATUSBAR-BatteryController(  937): onReceive() - ACTION_BATTERY_CHANGED
D/STATUSBAR-BatteryController(  937): onReceive() - level:82
D/STATUSBAR-BatteryController(  937): onReceive() - plugged:2
D/STATUSBAR-BatteryController(  937): onReceive() - BATTERY_STATUS_CHARGING:
D/STATUSBAR-PhoneStatusBar(  937): ACTION_BATTERY_CHANGED
W/AlarmManager(  714): FACTORY_ON= 0
D/PowerUI (  937): playSound : 1
D/PowerUI (  937): RINGER_MODE_VIBRATE
D/UsbDeviceManager(  714): handleMessage -> MSG_POWER_STATE = 1
D/PicasaUploaderSyncManager( 6441): battery info: true
D/UsbDeviceManager(  714): sending intent : ACTION_USB_CABLE_STATE : connected = false
I/Adreno200-EGLSUB(  196): <CreateImage:897>: Android Image
I/Adreno200-EGLSUB(  196): <GetImageAttributes:1106>: RGBA_8888
E/MTPRx   ( 7934): In MtpReceiverandroid.intent.action.ACTION_POWER_CONNECTED
E/videowall-TranscodeReceiver(24039): broadcastMSG : android.intent.action.ACTION_POWER_CONNECTED
D/videowall-TranscodeService(24039): Music is = false
D/videowall-TranscodeService(24039): power : true / screen off : false
D/videowall-TranscodeService(24039): releaseTransThread.
E/MP-Decision( 1533): UP Ld:53 Nw:1.990000 Tw:140 rq:2.700000 seq:147.000000
V/UsbDeviceManager(  714): USB UEVENT: {USB_STATE=CONNECTED, SUBSYSTEM=android_usb, DEVPATH=/devices/virtual/android_usb/android0, SEQNUM=199536, ACTION=change}
D/UsbDeviceManager(  714): handleMessage -> MSG_UPDATE_STATE connected = 1,configured = 0
D/UsbDeviceManager(  714): updateUsbNotification : mConnected = true, mConfigured = false, mCurrentFunctions = mtp,adb
D/ApplicationPolicy(  714): isStatusBarNotificationAllowed: packageName = android
D/dalvikvm(  937): WAIT_FOR_CONCURRENT_GC blocked 0ms
D/STATUSBAR-NotificationService(  714): Noti Alert - mSystemReady:true, AlertEnabled:true
D/UsbDeviceManager(  714): updateUsbNotification : notify id = 17040718, title = Connected as a media device
D/UsbDeviceManager(  714): sending intent : ACTION_USB_STATE : connected = true, configured = false, functions = mtp,adb
D/ShoeboxDeviceStateReceiver( 6542): device state update received
D/ShoeboxDeviceStateReceiver( 6542): device-state: batteryLow=false; batteryCharging=true; wifiAvailable=true; networkAvailable=false
D/ShoeboxDeviceStateReceiver( 6542): device-state: connection available and battery level good...starting sync
D/ShoeboxSyncService(19063): shoebox-sync: onStartCommand
V/UsbDeviceManager(  714): USB UEVENT: {USB_STATE=CONFIGURED, SUBSYSTEM=android_usb, DEVPATH=/devices/virtual/android_usb/android0, SEQNUM=199537, ACTION=change}
D/ShoeboxSyncService(19063): shoebox-sync: sync denied - no credentials
D/UsbDeviceManager(  714): handleMessage -> MSG_UPDATE_STATE connected = 1,configured = 1
D/UsbDeviceManager(  714): updateUsbNotification : mConnected = true, mConfigured = true, mCurrentFunctions = mtp,adb
E/MTPRx   ( 7934): In MtpReceiverandroid.hardware.usb.action.USB_STATE
E/MTPRx   ( 7934): check value of boot_completed is1
E/MTPRx   ( 7934): check booting is completed_sys.boot_completed
E/MTPRx   ( 7934): Sd-Card path/storage/extSdCard
E/MTPRx   ( 7934): Status for mount/Unmount :removed
E/MTPRx   ( 7934): SDcard is not available
E/MTPRx   ( 7934): The value of first_boot is  1
E/MTPRx   ( 7934): [ 662] The value of first_boot is  1NORMAL SEQUENCE 
W/MTPRx   ( 7934): value of connected istrue
W/MTPRx   ( 7934): value of configured isfalse
W/MTPRx   ( 7934): value of mtpEnabled istrue
W/MTPRx   ( 7934): value of ptpEnabled isfalse
E/MTPRx   ( 7934): Received USB_STATE with sdCardLaunch = 0
E/MTPRx   ( 7934): configured is false
D/dalvikvm(  937): GC_EXPLICIT freed 2949K, 52% free 16693K/34503K, paused 3ms+13ms, total 106ms
D/PhoneStatusBar(  937): addNotification score=10
D/TextLayoutCache(  937): Cache value 0x5ea075e8 deleted, size = 336
D/TextLayoutCache(  937): Cache value 0x5fa12880 deleted, size = 160
D/TextLayoutCache(  937): Cache value 0x5fdd2428 deleted, size = 280
