E/        (  714): ../../accel.c|inv_get_accel_offset|211 returning 19
D/Sensors (  714): enable accel bias check
V/Sensors (  714): enable - sensor Accelerometer (handle 4) dis -> en
E/Sensors (  714): mEnabled = 10
D/SensorService(  714): SensorDevice::activate  (enable 1, disable 0) = 1
D/SensorService(  714): activating sensor enable handle=4 
D/SensorService(  714): activating sensor enable, Done!
D/SensorService(  714): SensorDevice::activating sensor handle=4 ns=200000000 
V/Sensors (  714): setDelay - sensor Accelerometer (handle 4), rate 200 ms (5.00 Hz)
I/SensorService(  714): info.selectDelay() ns=20000000  
V/Sensors (  714): setDelay - sensor Accelerometer (handle 4), rate 20 ms (50.00 Hz)
D/SensorService(  714): SensorDevice::setDelay, Return(true 1, false 0) =  1
D/SensorManager(17911): registerListener :: handle = 4  name= MPL accel delay= 20000 Listener= com.google.android.location.c.G$1@41ec5e90
E/Sensors (  714): activatePendingSensors : mEnabled = 10
E/Sensors (  714): requested_sensors(0) from kernel
V/Sensors (  714): calling inv_set_mpu_sensors(000070)
I/MPL-fifo(  714): Actual ODR: 14285 mHz
E/Sensors (  714): set fifo rate - divider : 3, delay : 20 ms (50.00 Hz)
I/MPL-fifo(  714): Actual ODR: 50000 mHz
V/Sensors (  714): Starting DMP
W/MPL-9_sup(  714): 9 axis sensor fusion not available - No compass detected.
I/Sensors (  714): Enabled 9 axis sensor fusion
I/MPL-mldl_cfg_mpu:(  714): inv_mpu_resume(,,,,0070) -> 0070
D/BatteryService(  714): update start
D/STATUSBAR-BatteryController(  937): onReceive() - ACTION_BATTERY_CHANGED
D/STATUSBAR-BatteryController(  937): onReceive() - level:83
D/STATUSBAR-BatteryController(  937): onReceive() - plugged:0
D/STATUSBAR-BatteryController(  937): onReceive() - BATTERY_STATUS_DISCHARGING: stat_sys_battery
D/STATUSBAR-PhoneStatusBar(  937): ACTION_BATTERY_CHANGED
D/BatteryService(  714): level:83 scale:100 status:3 health:2 present:true voltage: 4102 temperature: 322 technology: Li-ion AC powered:false USB powered:false icon:17303193 invalid charger:0
W/AlarmManager(  714): FACTORY_ON= 0
E/Sensors (  714): accelHandler -0.023950 -0.219144 -10.025552
E/Sensors (  714): accelHandler -0.003593 -0.191602 -10.026750
E/Sensors (  714): accelHandler -0.001198 -0.202379 -10.021959
E/Sensors (  714): accelHandler -0.028740 -0.213157 -10.023157
D/SensorManager(17911): unregisterListener::  Listener= com.google.android.location.c.G$1@41ec5e90
D/Sensors (17911): Remain listener = Sending .. normal delay 200ms
I/Sensors (17911): sendDelay --- 200000000
I/SensorService(  714): info.selectDelay() ns=200000000  
V/Sensors (  714): setDelay - sensor Accelerometer (handle 4), rate 200 ms (5.00 Hz)
D/SensorService(  714): SensorDevice::setDelay, Return(true 1, false 0) =  1
D/SensorManager(17911): JNI - sendDelay
I/SensorManager(17911): Set normal delay = true
V/Sensors (  714): enable - sensor Accelerometer (handle 4) en -> dis
E/Sensors (  714): mEnabled = 0
D/SensorService(  714): SensorDevice::activate  (enable 1, disable 0) = 0
D/SensorService(  714): activating sensor disable handle=4 
D/SensorService(  714): activating sensor disable, Done!
D/SensorService(  714): SensorDevice::activating sensor handle=4 ns=200000000 
V/Sensors (  714): setDelay - sensor Accelerometer (handle 4), rate 200 ms (5.00 Hz)
E/Sensors (  714): activatePendingSensors : mEnabled = 0
E/Sensors (  714): requested_sensors(70) from kernel
I/Sensors (  714): Disabled 9 axis sensor fusion
I/MPL-mldl_cfg_mpu:(  714): inv_mpu_suspend(,,,,7fff) -> 0000
V/Sensors (  714): calling inv_set_mpu_sensors(000000)
V/Sensors (  714): Starting DMP
W/MPL-9_sup(  714): 9 axis sensor fusion not available - No compass detected.
I/Sensors (  714): Enabled 9 axis sensor fusion
I/MPL-mldl_cfg_mpu:(  714): inv_mpu_resume(,,,,0000) -> 0000
V/Sensors (  714): Stopping DMP
I/Sensors (  714): Disabled 9 axis sensor fusion
I/MPL-mldl_cfg_mpu:(  714): inv_mpu_suspend(,,,,7fff) -> 0000
W/AlarmManager(  714): FACTORY_ON= 0
W/AlarmManager(  714): FACTORY_ON= 0
D/dalvikvm(17911): GC_CONCURRENT freed 4888K, 35% free 14282K/21959K, paused 27ms+32ms, total 630ms
V/AlarmManager(  714): waitForAlarm result :12
V/AlarmManager(  714): trigger ELAPSED_REALTIME_WAKEUP or RTC_WAKEUP
V/AlarmManager(  714): trigger ELAPSED_REALTIME_WAKEUP or RTC_WAKEUP
V/AlarmManager(  714): trigger ELAPSED_REALTIME_WAKEUP or RTC_WAKEUP
V/AlarmManager(  714): trigger ELAPSED_REALTIME_WAKEUP or RTC_WAKEUP
D/Location Poller( 2648):  requesting location
D/Location Poller( 2648): -- we have a network connection, go ahead and poll
D/Location Poller( 2648): new last poll = 2013-03-17 5:38:14 PM
D/LocationPollerService( 2648): Lock acquired requestLocation
D/BatteryService(  714): update start
D/BatteryService(  714): level:83 scale:100 status:3 health:2 present:true voltage: 4081 temperature: 322 technology: Li-ion AC powered:false USB powered:false icon:17303193 invalid charger:0
V/AlarmManager(  714): trigger ELAPSED_REALTIME_WAKEUP or RTC_WAKEUP
D/STATUSBAR-BatteryController(  937): onReceive() - ACTION_BATTERY_CHANGED
D/STATUSBAR-BatteryController(  937): onReceive() - level:83
D/STATUSBAR-BatteryController(  937): onReceive() - plugged:0
D/STATUSBAR-BatteryController(  937): onReceive() - BATTERY_STATUS_DISCHARGING: stat_sys_battery
D/STATUSBAR-PhoneStatusBar(  937): ACTION_BATTERY_CHANGED
W/AlarmManager(  714): FACTORY_ON= 0
D/LocationPollerService:( 2648): network
D/LocationManagerService(  714): network location requested by an application
I/LocationManagerService(  714): request network (pid 2648) 0 0
E/MP-Decision( 1533): UP Ld:20 Nw:1.990000 Tw:140 rq:2.800000 seq:144.000000
E/Watchdog(  714): !@Sync 11118
D/MobileDataStateTracker(  714): default: setPolicyDataEnable(enabled=true)
E/MP-Decision( 1533): DOWN Ld:22 Ns:1.100000 Ts:190 rq:0.000000 seq:196.000000
V/AlarmManager(  714): waitForAlarm result :4
E/WifiHW  (  714): ##################### set firmware type 0 #####################
D/WifiStateMachine(  714): setWifiEnabled : WifiNative.setFwType(0)
V/AlarmManager(  714): trigger ELAPSED_REALTIME_WAKEUP or RTC_WAKEUP
D/WifiService(  714): startScan: false pid=17911, uid=10038
W/AlarmManager(  714): FACTORY_ON= 0
W/AlarmManager(  714): FACTORY_ON= 0
I/wpa_supplicant( 1586): Scan requested (ret=0) - scan timeout 30 seconds
I/wpa_supplicant( 1586): nl80211: Received scan results (14 BSSes)
D/Tethering(  714): interfaceLinkStateChanged wlan0, true
D/Tethering(  714): interfaceStatusChanged wlan0, true
E/WifiHW  (  714): ##################### set firmware type 0 #####################
D/WifiStateMachine(  714): setWifiEnabled : WifiNative.setFwType(0)
W/AlarmManager(  714): FACTORY_ON= 0
E/MP-Decision( 1533): UP Ld:2 Nw:1.990000 Tw:140 rq:2.500000 seq:147.000000
E/MP-Decision( 1533): DOWN Ld:23 Ns:1.100000 Ts:190 rq:0.000000 seq:195.000000
V/AlarmManager(  714): waitForAlarm result :4
E/Watchdog(  714): !@Sync 11119
D/BatteryService(  714): update start
D/BatteryService(  714): level:83 scale:100 status:3 health:2 present:true voltage: 4110 temperature: 332 technology: Li-ion AC powered:false USB powered:false icon:17303193 invalid charger:0
D/STATUSBAR-BatteryController(  937): onReceive() - ACTION_BATTERY_CHANGED
D/STATUSBAR-BatteryController(  937): onReceive() - level:83
D/STATUSBAR-BatteryController(  937): onReceive() - plugged:0
D/STATUSBAR-BatteryController(  937): onReceive() - BATTERY_STATUS_DISCHARGING: stat_sys_battery
D/STATUSBAR-PhoneStatusBar(  937): ACTION_BATTERY_CHANGED
W/AlarmManager(  714): FACTORY_ON= 0
V/AlarmManager(  714): waitForAlarm result :8
V/AlarmManager(  714): ClockReceiver onReceive() ACTION_TIME_TICK
W/AlarmManager(  714): FACTORY_ON= 0
D/STATUSBAR-Clock(  937): onReceive() - ACTION_TIME_TICK
D/STATUSBAR-Clock(  937): onReceive() - ACTION_TIME_TICK
D/ClockAlarmWidgetService( 2765): [ClockAlarmWidgetService] onReceive: action = android.intent.action.TIME_TICK
E/ClockAlarmWidget( 2765): [AlarmWidgetIdManager] getListItem() : itemIndex=0, widgetID:14
E/ClockAlarmWidget( 2765): [AlarmWidgetIdManager] getListItem() : ItemIndex exceed ListItemCount. itemIndex=1
E/ClockAlarmWidget( 2765): [AlarmWidgetIdManager] getListItem() : itemIndex=1, widgetID:14
D/dalvikvm( 1953): WAIT_FOR_CONCURRENT_GC blocked 0ms
D/dalvikvm( 1953): GC_EXPLICIT freed 385K, 39% free 13026K/21187K, paused 7ms+16ms, total 117ms
D/ClockAlarmDataProvider( 2765): getAlarm() - too many same ID alarm data. nCount: 0
E/Watchdog(  714): !@Sync 11120
V/AlarmManager(  714): waitForAlarm result :4
V/AlarmManager(  714): trigger ELAPSED_REALTIME_WAKEUP or RTC_WAKEUP
D/dalvikvm(  714): WAIT_FOR_CONCURRENT_GC blocked 0ms
D/BatteryService(  714): update start
D/BatteryService(  714): level:83 scale:100 status:3 health:2 present:true voltage: 4097 temperature: 323 technology: Li-ion AC powered:false USB powered:false icon:17303193 invalid charger:0
D/STATUSBAR-BatteryController(  937): onReceive() - ACTION_BATTERY_CHANGED
D/STATUSBAR-BatteryController(  937): onReceive() - level:83
D/STATUSBAR-BatteryController(  937): onReceive() - plugged:0
D/STATUSBAR-BatteryController(  937): onReceive() - BATTERY_STATUS_DISCHARGING: stat_sys_battery
D/STATUSBAR-PhoneStatusBar(  937): ACTION_BATTERY_CHANGED
W/AlarmManager(  714): FACTORY_ON= 0
D/dalvikvm(  714): GC_EXPLICIT freed 3256K, 24% free 35681K/46599K, paused 17ms+22ms, total 511ms
I/Velvet.VelvetFactory( 2462): refreshing search history.
W/AlarmManager(  714): FACTORY_ON= 0
E/MP-Decision( 1533): UP Ld:22 Nw:1.990000 Tw:140 rq:4.300000 seq:142.000000
E/MP-Decision( 1533): DOWN Ld:22 Ns:1.100000 Ts:190 rq:1.000000 seq:195.000000
W/AlarmManager(  714): FACTORY_ON= 0
V/AlarmManager(  714): waitForAlarm result :4
V/AlarmManager(  714): trigger ELAPSED_REALTIME_WAKEUP or RTC_WAKEUP
E/WifiHW  (  714): ##################### set firmware type 0 #####################
D/WifiStateMachine(  714): setWifiEnabled : WifiNative.setFwType(0)
D/WifiService(  714): startScan: false pid=17911, uid=10038
W/AlarmManager(  714): FACTORY_ON= 0
W/AlarmManager(  714): FACTORY_ON= 0
I/wpa_supplicant( 1586): Scan requested (ret=0) - scan timeout 30 seconds
I/wpa_supplicant( 1586): nl80211: Received scan results (13 BSSes)
D/Tethering(  714): interfaceLinkStateChanged wlan0, true
D/Tethering(  714): interfaceStatusChanged wlan0, true
W/AlarmManager(  714): FACTORY_ON= 0
E/WifiHW  (  714): ##################### set firmware type 0 #####################
D/WifiStateMachine(  714): setWifiEnabled : WifiNative.setFwType(0)
E/MP-Decision( 1533): UP Ld:2 Nw:1.990000 Tw:140 rq:4.700000 seq:148.000000
D/dalvikvm( 1749): GC_CONCURRENT freed 3592K, 36% free 13635K/21187K, paused 16ms+11ms, total 111ms
E/MP-Decision( 1533): DOWN Ld:14 Ns:1.100000 Ts:190 rq:0.000000 seq:196.000000
W/ProcessStats(  714): Skipping unknown process pid 26041
W/ProcessStats(  714): Skipping unknown process pid 26045
W/ProcessStats(  714): Skipping unknown process pid 26046
W/ProcessStats(  714): Skipping unknown process pid 26047
E/Watchdog(  714): !@Sync 11121
V/AlarmManager(  714): waitForAlarm result :8
V/AlarmManager(  714): ClockReceiver onReceive() ACTION_TIME_TICK
W/AlarmManager(  714): FACTORY_ON= 0
D/STATUSBAR-Clock(  937): onReceive() - ACTION_TIME_TICK
D/STATUSBAR-Clock(  937): onReceive() - ACTION_TIME_TICK
D/ClockAlarmWidgetService( 2765): [ClockAlarmWidgetService] onReceive: action = android.intent.action.TIME_TICK
E/ClockAlarmWidget( 2765): [AlarmWidgetIdManager] getListItem() : itemIndex=0, widgetID:14
E/ClockAlarmWidget( 2765): [AlarmWidgetIdManager] getListItem() : ItemIndex exceed ListItemCount. itemIndex=1
E/ClockAlarmWidget( 2765): [AlarmWidgetIdManager] getListItem() : itemIndex=1, widgetID:14
D/ClockAlarmDataProvider( 2765): getAlarm() - too many same ID alarm data. nCount: 0
D/BatteryService(  714): update start
D/BatteryService(  714): level:83 scale:100 status:3 health:2 present:true voltage: 4108 temperature: 334 technology: Li-ion AC powered:false USB powered:false icon:17303193 invalid charger:0
D/STATUSBAR-BatteryController(  937): onReceive() - ACTION_BATTERY_CHANGED
D/STATUSBAR-BatteryController(  937): onReceive() - level:83
D/STATUSBAR-BatteryController(  937): onReceive() - plugged:0
D/STATUSBAR-BatteryController(  937): onReceive() - BATTERY_STATUS_DISCHARGING: stat_sys_battery
D/STATUSBAR-PhoneStatusBar(  937): ACTION_BATTERY_CHANGED
W/AlarmManager(  714): FACTORY_ON= 0
D/LocationManagerService(  714): Location requesting stopped by an application
D/WakefulThread( 2648): Wakelock released onPostExecute
E/Watchdog(  714): !@Sync 11122
V/AlarmManager(  714): waitForAlarm result :4
D/LocationReceiver( 2648): received location update!
V/AlarmManager(  714): trigger ELAPSED_REALTIME_WAKEUP or RTC_WAKEUP
E/WifiHW  (  714): ##################### set firmware type 0 #####################
D/WifiStateMachine(  714): setWifiEnabled : WifiNative.setFwType(0)
D/WifiService(  714): startScan: false pid=17911, uid=10038
W/AlarmManager(  714): FACTORY_ON= 0
I/wpa_supplicant( 1586): Scan requested (ret=0) - scan timeout 30 seconds
W/AlarmManager(  714): FACTORY_ON= 0
D/BatteryService(  714): level:82 scale:100 status:3 health:2 present:true voltage: 4095 temperature: 324 technology: Li-ion AC powered:false USB powered:false icon:17303193 invalid charger:0
D/BatteryService(  714): update start
D/STATUSBAR-BatteryController(  937): onReceive() - ACTION_BATTERY_CHANGED
D/STATUSBAR-BatteryController(  937): onReceive() - level:82
D/STATUSBAR-BatteryController(  937): onReceive() - plugged:0
D/STATUSBAR-BatteryController(  937): onReceive() - BATTERY_STATUS_DISCHARGING: stat_sys_battery
D/STATUSBAR-PhoneStatusBar(  937): ACTION_BATTERY_CHANGED
W/AlarmManager(  714): FACTORY_ON= 0
I/wpa_supplicant( 1586): nl80211: Received scan results (11 BSSes)
D/Tethering(  714): interfaceLinkStateChanged wlan0, true
D/Tethering(  714): interfaceStatusChanged wlan0, true
E/WifiHW  (  714): ##################### set firmware type 0 #####################
D/WifiStateMachine(  714): setWifiEnabled : WifiNative.setFwType(0)
W/AlarmManager(  714): FACTORY_ON= 0
E/MP-Decision( 1533): UP Ld:14 Nw:1.990000 Tw:140 rq:2.000000 seq:146.000000
E/MP-Decision( 1533): DOWN Ld:14 Ns:1.100000 Ts:190 rq:0.000000 seq:196.000000
V/AlarmManager(  714): waitForAlarm result :4
V/AlarmManager(  714): waitForAlarm result :8
V/AlarmManager(  714): ClockReceiver onReceive() ACTION_TIME_TICK
W/AlarmManager(  714): FACTORY_ON= 0
D/STATUSBAR-Clock(  937): onReceive() - ACTION_TIME_TICK
D/STATUSBAR-Clock(  937): onReceive() - ACTION_TIME_TICK
D/ClockAlarmWidgetService( 2765): [ClockAlarmWidgetService] onReceive: action = android.intent.action.TIME_TICK
E/ClockAlarmWidget( 2765): [AlarmWidgetIdManager] getListItem() : itemIndex=0, widgetID:14
E/ClockAlarmWidget( 2765): [AlarmWidgetIdManager] getListItem() : ItemIndex exceed ListItemCount. itemIndex=1
E/ClockAlarmWidget( 2765): [AlarmWidgetIdManager] getListItem() : itemIndex=1, widgetID:14
D/ClockAlarmDataProvider( 2765): getAlarm() - too many same ID alarm data. nCount: 0
V/AlarmManager(  714): waitForAlarm result :4
V/AlarmManager(  714): trigger ELAPSED_REALTIME_WAKEUP or RTC_WAKEUP
D/BatteryService(  714): update start
D/BatteryService(  714): level:82 scale:100 status:3 health:2 present:true voltage: 4100 temperature: 324 technology: Li-ion AC powered:false USB powered:false icon:17303193 invalid charger:0
D/STATUSBAR-BatteryController(  937): onReceive() - ACTION_BATTERY_CHANGED
D/STATUSBAR-BatteryController(  937): onReceive() - level:82
D/STATUSBAR-BatteryController(  937): onReceive() - plugged:0
D/STATUSBAR-BatteryController(  937): onReceive() - BATTERY_STATUS_DISCHARGING: stat_sys_battery
D/STATUSBAR-PhoneStatusBar(  937): ACTION_BATTERY_CHANGED
D/SensorService(  714): info.rates.add, set DEFAULT_EVENTS_PERIOD
E/        (  714): ../../accel.c|inv_get_accel_offset|211 returning 19
D/Sensors (  714): enable accel bias check
V/Sensors (  714): enable - sensor Accelerometer (handle 4) dis -> en
E/Sensors (  714): mEnabled = 10
D/SensorService(  714): SensorDevice::activate  (enable 1, disable 0) = 1
D/SensorService(  714): activating sensor enable handle=4 
D/SensorService(  714): activating sensor enable, Done!
D/SensorService(  714): SensorDevice::activating sensor handle=4 ns=200000000 
V/Sensors (  714): setDelay - sensor Accelerometer (handle 4), rate 200 ms (5.00 Hz)
I/SensorService(  714): info.selectDelay() ns=20000000  
V/Sensors (  714): setDelay - sensor Accelerometer (handle 4), rate 20 ms (50.00 Hz)
D/SensorService(  714): SensorDevice::setDelay, Return(true 1, false 0) =  1
D/SensorManager(17911): registerListener :: handle = 4  name= MPL accel delay= 20000 Listener= com.google.android.location.c.G$1@42442220
W/AlarmManager(  714): FACTORY_ON= 0
E/Sensors (  714): activatePendingSensors : mEnabled = 10
E/Sensors (  714): requested_sensors(0) from kernel
V/Sensors (  714): calling inv_set_mpu_sensors(000070)
I/MPL-fifo(  714): Actual ODR: 50000 mHz
E/Sensors (  714): set fifo rate - divider : 3, delay : 20 ms (50.00 Hz)
I/MPL-fifo(  714): Actual ODR: 50000 mHz
V/Sensors (  714): Starting DMP
W/MPL-9_sup(  714): 9 axis sensor fusion not available - No compass detected.
I/Sensors (  714): Enabled 9 axis sensor fusion
I/MPL-mldl_cfg_mpu:(  714): inv_mpu_resume(,,,,0070) -> 0070
E/Sensors (  714): accelHandler -0.045505 -0.319735 -9.996812
E/Sensors (  714): accelHandler -0.046703 -0.360450 -10.037527
E/Sensors (  714): accelHandler -0.005988 -0.371228 -9.992022
D/SensorManager(17911): unregisterListener::  Listener= com.google.android.location.c.G$1@42442220
D/Sensors (17911): Remain listener = Sending .. normal delay 200ms
I/Sensors (17911): sendDelay --- 200000000
I/SensorService(  714): info.selectDelay() ns=200000000  
V/Sensors (  714): setDelay - sensor Accelerometer (handle 4), rate 200 ms (5.00 Hz)
D/SensorService(  714): SensorDevice::setDelay, Return(true 1, false 0) =  1
D/SensorManager(17911): JNI - sendDelay
I/SensorManager(17911): Set normal delay = true
V/Sensors (  714): enable - sensor Accelerometer (handle 4) en -> dis
E/Sensors (  714): mEnabled = 0
D/SensorService(  714): SensorDevice::activate  (enable 1, disable 0) = 0
D/SensorService(  714): activating sensor disable handle=4 
D/SensorService(  714): activating sensor disable, Done!
D/SensorService(  714): SensorDevice::activating sensor handle=4 ns=200000000 
V/Sensors (  714): setDelay - sensor Accelerometer (handle 4), rate 200 ms (5.00 Hz)
E/Sensors (  714): activatePendingSensors : mEnabled = 0
E/Sensors (  714): requested_sensors(70) from kernel
I/Sensors (  714): Disabled 9 axis sensor fusion
I/MPL-mldl_cfg_mpu:(  714): inv_mpu_suspend(,,,,7fff) -> 0000
V/Sensors (  714): calling inv_set_mpu_sensors(000000)
V/Sensors (  714): Starting DMP
W/MPL-9_sup(  714): 9 axis sensor fusion not available - No compass detected.
I/Sensors (  714): Enabled 9 axis sensor fusion
I/MPL-mldl_cfg_mpu:(  714): inv_mpu_resume(,,,,0000) -> 0000
V/Sensors (  714): Stopping DMP
I/Sensors (  714): Disabled 9 axis sensor fusion
I/MPL-mldl_cfg_mpu:(  714): inv_mpu_suspend(,,,,7fff) -> 0000
W/AlarmManager(  714): FACTORY_ON= 0
W/AlarmManager(  714): FACTORY_ON= 0
V/AlarmManager(  714): waitForAlarm result :4
V/AlarmManager(  714): trigger ELAPSED_REALTIME_WAKEUP or RTC_WAKEUP
E/WifiHW  (  714): ##################### set firmware type 0 #####################
D/WifiStateMachine(  714): setWifiEnabled : WifiNative.setFwType(0)
D/WifiService(  714): startScan: false pid=17911, uid=10038
W/AlarmManager(  714): FACTORY_ON= 0
W/AlarmManager(  714): FACTORY_ON= 0
I/wpa_supplicant( 1586): Scan requested (ret=0) - scan timeout 30 seconds
D/BatteryService(  714): update start
D/BatteryService(  714): level:82 scale:100 status:3 health:2 present:true voltage: 4082 temperature: 324 technology: Li-ion AC powered:false USB powered:false icon:17303193 invalid charger:0
D/STATUSBAR-BatteryController(  937): onReceive() - ACTION_BATTERY_CHANGED
D/STATUSBAR-BatteryController(  937): onReceive() - level:82
D/STATUSBAR-BatteryController(  937): onReceive() - plugged:0
D/STATUSBAR-BatteryController(  937): onReceive() - BATTERY_STATUS_DISCHARGING: stat_sys_battery
D/STATUSBAR-PhoneStatusBar(  937): ACTION_BATTERY_CHANGED
W/AlarmManager(  714): FACTORY_ON= 0
I/wpa_supplicant( 1586): nl80211: Received scan results (14 BSSes)
D/Tethering(  714): interfaceLinkStateChanged wlan0, true
D/Tethering(  714): interfaceStatusChanged wlan0, true
E/WifiHW  (  714): ##################### set firmware type 0 #####################
D/WifiStateMachine(  714): setWifiEnabled : WifiNative.setFwType(0)
W/AlarmManager(  714): FACTORY_ON= 0
E/MP-Decision( 1533): UP Ld:13 Nw:1.990000 Tw:140 rq:3.900000 seq:143.000000
E/MP-Decision( 1533): DOWN Ld:16 Ns:1.100000 Ts:190 rq:0.000000 seq:196.000000
V/AlarmManager(  714): waitForAlarm result :8
V/AlarmManager(  714): ClockReceiver onReceive() ACTION_TIME_TICK
W/AlarmManager(  714): FACTORY_ON= 0
D/STATUSBAR-Clock(  937): onReceive() - ACTION_TIME_TICK
D/STATUSBAR-Clock(  937): onReceive() - ACTION_TIME_TICK
V/AlarmManager(  714): waitForAlarm result :4
V/AlarmManager(  714): trigger ELAPSED_REALTIME_WAKEUP or RTC_WAKEUP
D/ClockAlarmWidgetService( 2765): [ClockAlarmWidgetService] onReceive: action = android.intent.action.TIME_TICK
E/ClockAlarmWidget( 2765): [AlarmWidgetIdManager] getListItem() : itemIndex=0, widgetID:14
E/ClockAlarmWidget( 2765): [AlarmWidgetIdManager] getListItem() : ItemIndex exceed ListItemCount. itemIndex=1
E/ClockAlarmWidget( 2765): [AlarmWidgetIdManager] getListItem() : itemIndex=1, widgetID:14
D/ClockAlarmDataProvider( 2765): getAlarm() - too many same ID alarm data. nCount: 0
W/AlarmManager(  714): FACTORY_ON= 0
E/WifiHW  (  714): ##################### set firmware type 0 #####################
D/WifiStateMachine(  714): setWifiEnabled : WifiNative.setFwType(0)
D/WifiService(  714): startScan: false pid=17911, uid=10038
W/AlarmManager(  714): FACTORY_ON= 0
W/AlarmManager(  714): FACTORY_ON= 0
I/wpa_supplicant( 1586): Scan requested (ret=0) - scan timeout 30 seconds
D/BatteryService(  714): update start
D/BatteryService(  714): level:82 scale:100 status:3 health:2 present:true voltage: 4088 temperature: 325 technology: Li-ion AC powered:false USB powered:false icon:17303193 invalid charger:0
D/STATUSBAR-BatteryController(  937): onReceive() - ACTION_BATTERY_CHANGED
D/STATUSBAR-BatteryController(  937): onReceive() - level:82
D/STATUSBAR-BatteryController(  937): onReceive() - plugged:0
D/STATUSBAR-BatteryController(  937): onReceive() - BATTERY_STATUS_DISCHARGING: stat_sys_battery
D/STATUSBAR-PhoneStatusBar(  937): ACTION_BATTERY_CHANGED
W/AlarmManager(  714): FACTORY_ON= 0
I/wpa_supplicant( 1586): nl80211: Received scan results (12 BSSes)
D/Tethering(  714): interfaceLinkStateChanged wlan0, true
D/Tethering(  714): interfaceStatusChanged wlan0, true
E/WifiHW  (  714): ##################### set firmware type 0 #####################
D/WifiStateMachine(  714): setWifiEnabled : WifiNative.setFwType(0)
W/AlarmManager(  714): FACTORY_ON= 0
D/InputReader(  714): Input event: value=1
D/InputReader(  714): Input event: value=0
V/AlarmManager(  714): waitForAlarm result :8
V/AlarmManager(  714): ClockReceiver onReceive() ACTION_TIME_TICK
W/AlarmManager(  714): FACTORY_ON= 0
D/KeyguardViewMediator(  714): onWakeKeyWhenKeyguardShowing(3)
D/KeyguardViewMediator(  714): wakeWhenReadyLocked(3)
D/KeyguardViewMediator(  714): handleWakeWhenReady(3)
D/LockPatternKeyguardView(  714): onWakeKey
D/LockPatternKeyguardView(  714): poking wake lock immediately
D/KeyguardViewMediator(  714): pokeWakelock(10000)
D/lights  (  714): button : 255 +
D/lights  (  714): button : 255 -
D/PowerManagerService(  714): reactivateScreenLocksLocked mProxIgnoredBecauseScreenTurnedOff=false
D/PowerManagerService(  714): Screen__On : acquireWakeLock flags=0x1000001a tag=keyguard uid=1000 pid=714   myUID=1000 myPID=714 myTID=832
D/PowerManagerService(  714): enableLightSensorLocked enable=true mLightSensorEnabled=false mAutoBrightessEnabled=false mWaitingForFirstLightSensor=false
D/PowerManagerService(  714): sendNotificationLocked on=true
I/PowerManagerService(  714): Ulight 0x0->0x4|0x0
D/LightsService(  714): setLightLocked is called
D/PowerManagerService(  714): mNotificationTask : on
D/RestrictionPolicy(  714): isHomeKeyEnabled :true
D/KeyguardViewMediator(  714): onScreenTurnedOn, seq = 658
D/KeyguardViewMediator(  714): notifyScreenOnLocked
D/WindowManager(  714): mSetIgnorePWR
D/SensorService(  714): info.rates.add, set DEFAULT_EVENTS_PERIOD
E/        (  714): ../../accel.c|inv_get_accel_offset|211 returning 19
D/Sensors (  714): enable accel bias check
V/Sensors (  714): enable - sensor Accelerometer (handle 4) dis -> en
E/Sensors (  714): mEnabled = 10
D/SensorService(  714): SensorDevice::activate  (enable 1, disable 0) = 1
D/SensorService(  714): activating sensor enable handle=4 
D/SensorService(  714): activating sensor enable, Done!
D/SensorService(  714): SensorDevice::activating sensor handle=4 ns=200000000 
V/Sensors (  714): setDelay - sensor Accelerometer (handle 4), rate 200 ms (5.00 Hz)
I/SensorService(  714): info.selectDelay() ns=200000000  
V/Sensors (  714): setDelay - sensor Accelerometer (handle 4), rate 200 ms (5.00 Hz)
D/SensorService(  714): SensorDevice::setDelay, Return(true 1, false 0) =  1
D/SensorManager(  714): registerListener :: handle = 4  name= MPL accel delay= 200000 Listener= android.view.WindowOrientationListener$SensorEventListenerImpl@425408a8
D/KeyguardViewMediator(  714): handleNotifyScreenOn
D/LockPatternKeyguardView(  714): screen on
V/WindowOrientationListener(  714): WindowOrientationListener enabled
E/Sensors (  714): activatePendingSensors : mEnabled = 10
E/Sensors (  714): requested_sensors(0) from kernel
V/Sensors (  714): calling inv_set_mpu_sensors(000070)
I/MPL-fifo(  714): Actual ODR: 50000 mHz
E/Sensors (  714): set fifo rate - divider : 39, delay : 200 ms (5.00 Hz)
I/MPL-fifo(  714): Actual ODR: 5000 mHz
V/Sensors (  714): Starting DMP
W/MPL-9_sup(  714): 9 axis sensor fusion not available - No compass detected.
I/Sensors (  714): Enabled 9 axis sensor fusion
I/MPL-mldl_cfg_mpu:(  714): inv_mpu_resume(,,,,0070) -> 0070
D/UnlockScreen(  714): max failed attempt for device disable :0
D/UnlockScreen(  714): isDeviceDisabledForMaxFailedAttempt return :false
V/LockPatternKeyguardView(  714): Restoring widget state
D/InputReader(  714): Input event: value=1
D/RestrictionPolicy(  714): isHomeKeyEnabled :true
E/Sensors (  714): requested_sensors(70) from kernel
I/Sensors (  714): Disabled 9 axis sensor fusion
I/MPL-mldl_cfg_mpu:(  714): inv_mpu_suspend(,,,,7fff) -> 0000
V/Sensors (  714): calling inv_set_mpu_sensors(00007f)
E/Sensors (  714): set fifo rate - divider : 39, delay : 200 ms (5.00 Hz)
V/Sensors (  714): Starting DMP
W/MPL-9_sup(  714): 9 axis sensor fusion not available - No compass detected.
I/Sensors (  714): Enabled 9 axis sensor fusion
E/SensorManager(26450): thread start
D/SensorService(  714): info.rates.add, set DEFAULT_EVENTS_PERIOD
D/SensorService(  714): SensorDevice::activating sensor handle=4 ns=200000000 
V/Sensors (  714): setDelay - sensor Accelerometer (handle 4), rate 200 ms (5.00 Hz)
E/MP-Decision( 1533): UP Ld:6 Nw:1.990000 Tw:140 rq:5.900000 seq:176.000000
V/LockPatternKeyguardView(  714): *** dispatchDraw() time: 737395493
D/STATUSBAR-Clock(  937): onReceive() - ACTION_TIME_TICK
I/power   (  714): *** acquire_dvfs_lock : lockType : 1  freq : 1512000 
I/WindowManager(  714): Lock screen displayed!
I/PowerManagerService(  714): Ulight 0x7->0x7|0x1
D/PowerManagerService(  714): acquireDVFSLockLocked : type : DVFS_MIN_LIMIT  frequency : 1512000  uid : 1000  pid : 714  tag : AMOLED_Animation
D/lights  (  714): LCD : 7 +
D/lights  (  714): LCD : 7 -
I/MPL-mldl_cfg_mpu:(  714): inv_mpu_resume(,,,,007f) -> 007f
E/Sensors (  714): wakeEvent : mEnabled = 10, mOldEnabled = 18
I/SensorService(  714): info.selectDelay() ns=200000000  
V/Sensors (  714): setDelay - sensor Accelerometer (handle 4), rate 200 ms (5.00 Hz)
D/SensorService(  714): SensorDevice::setDelay, Return(true 1, false 0) =  1
D/SensorManager(26450): registerListener :: handle = 4  name= MPL accel delay= 200000 Listener= android.view.OrientationEventListener$SensorEventListenerImpl@42892dd0
D/LightsService(  714): setLightLocked is called
D/STATUSBAR-Clock(  937): onReceive() - ACTION_TIME_TICK
D/lights  (  714): LCD : 8 +
D/lights  (  714): LCD : 8 -
E/Sensors (  714): activatePendingSensors : mEnabled = 10
E/Sensors (  714): requested_sensors(7f) from kernel
I/Sensors (  714): Disabled 9 axis sensor fusion
I/MPL-mldl_cfg_mpu:(  714): inv_mpu_suspend(,,,,7fff) -> 0000
V/Sensors (  714): calling inv_set_mpu_sensors(000070)
I/MPL-fifo(  714): Actual ODR: 5000 mHz
V/Sensors (  714): Starting DMP
W/MPL-9_sup(  714): 9 axis sensor fusion not available - No compass detected.
I/Sensors (  714): Enabled 9 axis sensor fusion
D/WfdService(  714): intent recieved android.intent.action.SCREEN_ON
D/LightsService(  714): setLightLocked is called
D/STATUSBAR-NotificationService(  714): ACTION_SCREEN_ON
D/STATUSBAR-NotificationService(  714): updateLightsLocked() : Turn off notification light
D/LightsService(  714): [SvcLED] setSvcLedStateLocked:: id = 4, color = 0, mode = Off, set = Off
I/MPL-mldl_cfg_mpu:(  714): inv_mpu_resume(,,,,0070) -> 0070
V/LockPatternKeyguardView(  714): *** dispatchDraw() time: 737395556
D/AudioHardwareALSA(  203): setParameters() screen_state=on
D/tms_audio_hw/AudioTmsIpc(  203): adev_set_parameters : Enter 
D/tms_audio_hw/AudioTmsIpc(  203): adev_set_parameters : Exit 
D/lights  (  714): LCD : 16 +
D/lights  (  714): LCD : 16 -
D/LightsService(  714): setLightLocked is called
D/RestrictionPolicy(  714): isHomeKeyEnabled :true
I/InputDispatcher(  714): Delivering key to current input target: action: 0x0
I/InputDispatcher(  714): Delivering key to current input target: action: 0x0
I/InputDispatcher(  714): Delivering key to current input target: action: 0x0
D/KeyguardViewMediator(  714): pokeWakelock(10000)
D/ClockAlarmWidgetService( 2765): [ClockAlarmWidgetService] onReceive: action = android.intent.action.TIME_TICK
D/lights  (  714): LCD : 24 +
D/lights  (  714): LCD : 24 -
D/PowerManagerService(  714): acquireWakeLock flags=0x1000001a tag=keyguard uid=1000 pid=714   myUID=1000 myPID=714 myTID=832
D/LightsService(  714): setLightLocked is called
E/ClockAlarmWidget( 2765): [AlarmWidgetIdManager] getListItem() : itemIndex=0, widgetID:14
E/ClockAlarmWidget( 2765): [AlarmWidgetIdManager] getListItem() : ItemIndex exceed ListItemCount. itemIndex=1
E/ClockAlarmWidget( 2765): [AlarmWidgetIdManager] getListItem() : itemIndex=1, widgetID:14
D/STATUSBAR-NetworkController(  937): onReceive() - RSSI_CHANGED_ACTION, WIFI_STATE, NETWORK_STATE
D/STATUSBAR-NetworkController(  937): refreshSignalCluster:0
D/STATUSBAR-SignalClusterView(  937): mSeparateMobileGroup=8
D/STATUSBAR-SignalClusterView(  937): mSeparateMobileGroup=8
D/STATUSBAR-SignalClusterView(  937): mSeparateMobileGroup=8
D/ClockAlarmDataProvider( 2765): getAlarm() - too many same ID alarm data. nCount: 0
D/lights  (  714): LCD : 32 +
D/lights  (  714): LCD : 32 -
D/LightsService(  714): setLightLocked is called
D/STATUSBAR-Clock(  937): onReceive() - ACTION_SCREEN_ON
D/lights  (  714): LCD : 40 +
D/lights  (  714): LCD : 40 -
D/LightsService(  714): setLightLocked is called
D/lights  (  714): LCD : 48 +
D/lights  (  714): LCD : 48 -
D/STATUSBAR-Clock(  937): onReceive() - ACTION_SCREEN_ON
D/LightsService(  714): setLightLocked is called
D/lights  (  714): LCD : 56 +
D/lights  (  714): LCD : 56 -
I/NativeNfcBrcmPowerMode( 1131): NativeNfcBrcmPowerMode; setPowerMode(android.intent.action.SCREEN_ON)
D/LightsService(  714): setLightLocked is called
V/LockPatternKeyguardView(  714): *** dispatchDraw() time: 737395657
D/lights  (  714): LCD : 64 +
D/lights  (  714): LCD : 64 -
D/LightsService(  714): setLightLocked is called
D/FastDormancy( 1086): [FD] INTENT ACTION android.intent.action.SCREEN_ON
D/FastDormancy( 1086): [FD] mIsScreenOn: true
D/FastDormancy( 1086): [SCREEN_ON] New FD Time: 0
W/FastDormancy( 1086): Kernel Wakelock Time was changed to 0
D/lights  (  714): LCD : 72 +
D/lights  (  714): LCD : 72 -
D/LightsService(  714): setLightLocked is called
E/WifiHW  (  714): ##################### set firmware type 0 #####################
D/WifiStateMachine(  714): setWifiEnabled : WifiNative.setFwType(0)
D/com.samsung.app( 1761): [MSC_HERO_Accu_JB]>>> WCS:251 [0:0]  BR act = androidintentactionSCREEN_ON
D/widget  ( 1160): [MSC_HERO_Accu_JB]>>> SM:1288 [0:0] bTCC WCV = 200
D/widget  ( 1160): [MSC_HERO_Accu_JB]>>> WC:1691 [0:0] drw 2nd Tm dt = 0543
W/SignalStrength(  714): getLteLevel =1
W/SignalStrength(  714): getLevel=1 (SignalStrength: 99 0 -120 -160 -120 -1 -1 10 -118 9 68 2147483647 gsm|lte 0x1)
D/lights  (  714): LCD : 79 +
D/lights  (  714): LCD : 79 -
I/power   (  714): *** release_dvfs_lock : lockType : 1 
W/SignalStrength(  937): getLteLevel =1
W/SignalStrength(  937): getLevel=1 (SignalStrength: 99 0 -120 -160 -120 -1 -1 10 -118 9 68 2147483647 gsm|lte 0x1)
W/SignalStrength(  937): getLteLevel =1
W/SignalStrength(  937): getLevel=1 (SignalStrength: 99 0 -120 -160 -120 -1 -1 10 -118 9 68 2147483647 gsm|lte 0x1)
W/SignalStrength(  714): getDbm 1
D/SignalStrength(  714): getLteDbm=-118
W/SignalStrength(  714): getDbm=-118
W/SignalStrength(  714): getAsuLevel 1
D/SignalStrength(  714): getLteDbm=-118
W/SignalStrength(  714): Lte Asu level: 22
W/SignalStrength(  714): getAsuLevel=22
D/LightsService(  714): setLightLocked is called
I/PowerManagerService(  714): Light Animator Finished currentValue=79
D/PowerManagerService(  714): releaseDVFSLockLocked : all DVFS_MIN_LIMIT are released 
D/STATUSBAR-NetworkController(  937): onSignalStrengthsChanged signalStrength=SignalStrength: 99 0 -120 -160 -120 -1 -1 10 -118 9 68 2147483647 gsm|lte 0x1 level=1
D/STATUSBAR-NetworkController(  937): refreshSignalCluster:0
D/STATUSBAR-SignalClusterView(  937): mSeparateMobileGroup=8
D/STATUSBAR-SignalClusterView(  937): mSeparateMobileGroup=8
D/STATUSBAR-SignalClusterView(  937): mSeparateMobileGroup=8
W/AlarmManager(  714): FACTORY_ON= 0
I/GlobalActions(  714): onServiceStateChanged inAirplaneMode=false mAirplaneState=Off
W/SignalStrength(  937): getLteLevel =1
W/SignalStrength(  937): getLevel=1 (SignalStrength: 99 0 -120 -160 -120 -1 -1 10 -118 9 68 2147483647 gsm|lte 0x1)
D/STATUSBAR-NetworkController(  937): onServiceStateChanged state=0
D/ContextualPageReceiver( 1160): mContextualPageReceiver: ACTION_SERVICE_STATE_CHANGED isRoaming : false
D/StatusChecker(12689): onReceive : android.intent.action.SERVICE_STATE
D/StatusChecker(12689): Service state changed : 0
D/ClockAlarmWidgetService( 2765): [ClockAlarmWidgetService] onReceive: action = android.intent.action.SCREEN_ON
E/ClockAlarmWidget( 2765): [AlarmWidgetIdManager] getListItem() : itemIndex=0, widgetID:14
E/ClockAlarmWidget( 2765): [AlarmWidgetIdManager] getListItem() : ItemIndex exceed ListItemCount. itemIndex=1
E/ClockAlarmWidget( 2765): [AlarmWidgetIdManager] getListItem() : itemIndex=1, widgetID:14
D/ClockAlarmDataProvider( 2765): getAlarm() - too many same ID alarm data. nCount: 0
W/AlarmManager(  714): FACTORY_ON= 0
D/SensorService(  714): info.rates.add, set DEFAULT_EVENTS_PERIOD
V/Sensors (  714): enable - sensor Gyro (handle 3) dis -> en
E/Sensors (  714): mEnabled = 18
D/SensorService(  714): SensorDevice::activate  (enable 1, disable 0) = 1
D/SensorService(  714): activating sensor enable handle=3 
D/SensorService(  714): activating sensor enable, Done!
D/SensorService(  714): SensorDevice::activating sensor handle=3 ns=200000000 
V/Sensors (  714): setDelay - sensor Gyro (handle 3), rate 200 ms (5.00 Hz)
I/SensorService(  714): info.selectDelay() ns=200000000  
V/Sensors (  714): setDelay - sensor Gyro (handle 3), rate 200 ms (5.00 Hz)
D/SensorService(  714): SensorDevice::setDelay, Return(true 1, false 0) =  1
D/SensorManager(11832): registerListener :: handle = 3  name= MPL Gyro delay= 200000 Listener= com.samsung.android.livewallpaper.deepsea.DeepSeaWallpaper@42372a78
I/ClientApiService.stateReceiver(21401): Filtering action: android.intent.action.SCREEN_ON
D/ClientApiService(21401): start scanning by intent
E/Sensors (  714): activatePendingSensors : mEnabled = 18
E/Sensors (  714): requested_sensors(70) from kernel
I/Sensors (  714): Disabled 9 axis sensor fusion
I/MPL-mldl_cfg_mpu:(  714): inv_mpu_suspend(,,,,7fff) -> 0000
V/Sensors (  714): calling inv_set_mpu_sensors(00007f)
V/Sensors (  714): Starting DMP
W/MPL-9_sup(  714): 9 axis sensor fusion not available - No compass detected.
I/Sensors (  714): Enabled 9 axis sensor fusion
I/ClientApiService.stateReceiver(21401): restarting log sender
I/ClientApiService(21401): Scheduling a request in future: com.rescuetime.android.action.Bundle[{com.rescuetime.android.api_req_type=1}]
W/AlarmManager(  714): FACTORY_ON= 0
I/RescueTimeScannerViaActivityManagerService(21401): create service
I/RescueTimeScannerViaActivityManagerService(21401): onStartCommand
I/RescueTimeScannerViaActivityManagerService>Control(21401): got a message: { what=1 when=0 }
I/RescueTimeScannerViaActivityManagerService>Control(21401): Message to enable scanning
I/RescueTimeScannerViaActivityManagerService(21401): Scanner starting
I/RescueTimeScannerViaActivityManagerService(21401): Setting enabled to: true
I/TimeLogManager(21401): discarding current open entry in time log
E/videowall-TranscodeReceiver(24039): broadcastMSG : android.intent.action.SCREEN_ON
D/SurfaceFlinger(  196): Screen about to return, flinger = 0x41564200
I/MPL-mldl_cfg_mpu:(  714): inv_mpu_resume(,,,,007f) -> 007f
D/RestrictionPolicy(  714): isHomeKeyEnabled :true
I/InputDispatcher(  714): Delivering key to current input target: action: 0x0
I/InputDispatcher(  714): Delivering key to current input target: action: 0x0
I/InputDispatcher(  714): Delivering key to current input target: action: 0x0
D/KeyguardViewMediator(  714): pokeWakelock(10000)
D/PowerManagerService(  714): acquireWakeLock flags=0x1000001a tag=keyguard uid=1000 pid=714   myUID=1000 myPID=714 myTID=832
D/BatteryService(  714): update start
D/BatteryService(  714): level:82 scale:100 status:3 health:2 present:true voltage: 4043 temperature: 325 technology: Li-ion AC powered:false USB powered:false icon:17303193 invalid charger:0
D/STATUSBAR-BatteryController(  937): onReceive() - ACTION_BATTERY_CHANGED
D/STATUSBAR-BatteryController(  937): onReceive() - level:82
D/STATUSBAR-BatteryController(  937): onReceive() - plugged:0
D/STATUSBAR-BatteryController(  937): onReceive() - BATTERY_STATUS_DISCHARGING: stat_sys_battery
D/STATUSBAR-PhoneStatusBar(  937): ACTION_BATTERY_CHANGED
W/AlarmManager(  714): FACTORY_ON= 0
D/RestrictionPolicy(  714): isHomeKeyEnabled :true
I/InputDispatcher(  714): Delivering key to current input target: action: 0x0
I/InputDispatcher(  714): Delivering key to current input target: action: 0x0
I/InputDispatcher(  714): Delivering key to current input target: action: 0x0
D/KeyguardViewMediator(  714): pokeWakelock(10000)
D/PowerManagerService(  714): acquireWakeLock flags=0x1000001a tag=keyguard uid=1000 pid=714   myUID=1000 myPID=714 myTID=832
D/InputReader(  714): Input event: value=0
D/RestrictionPolicy(  714): isHomeKeyEnabled :true
I/InputDispatcher(  714): Delivering key to current input target: action: 0x1
I/InputDispatcher(  714): Delivering key to current input target: action: 0x1
I/InputDispatcher(  714): Delivering key to current input target: action: 0x1
D/WindowManager(  714): mUnSetIgnorePWR
D/KeyguardViewMediator(  714): setHidden false
V/WindowOrientationListener(  714): Proposed rotation changed!  proposedRotation=2, oldProposedRotation=-1currentRotation = 0
V/WindowManager(  714): rotationForOrientationLw(orient=5, last=0); user=0  mLidState=-1 mDockMode=0 mHdmiPlugged=false mAccelerometerDefault=false sensorRotation=2
E/MP-Decision( 1533): DOWN Ld:5 Ns:1.100000 Ts:190 rq:0.000000 seq:195.000000
I/InputReader(  714): Touch event's action is 0x0 (deviceType=0) [pCnt=1, s=0.8249 ]
I/InputDispatcher(  714): Delivering touch to current input target: action: 0x0
I/InputDispatcher(  714): Delivering touch to current input target: action: 0x0
I/InputDispatcher(  714): Delivering touch to current input target: action: 0x0
D/overlay (  196): FROM_STATE = OV_CLOSED TO_STATE = OV_BYPASS_2_LAYER
D/KeyguardViewMediator(  714): pokeWakelock(2000)
D/PowerManagerService(  714): acquireWakeLock flags=0x1000001a tag=keyguard uid=1000 pid=714   myUID=1000 myPID=714 myTID=832
D/KeyguardViewMediator(  714): pokeWakelock(2000)
D/PowerManagerService(  714): acquireWakeLock flags=0x1000001a tag=keyguard uid=1000 pid=714   myUID=1000 myPID=714 myTID=832
W/SignalStrength(  714): getLteLevel =1
W/SignalStrength(  714): getLevel=1 (SignalStrength: 99 0 -120 -160 -120 -1 -1 15 -116 5 68 2147483647 gsm|lte 0x1)
W/SignalStrength(  714): getDbm 1
D/SignalStrength(  714): getLteDbm=-116
W/SignalStrength(  714): getDbm=-116
W/SignalStrength(  714): getAsuLevel 1
D/SignalStrength(  714): getLteDbm=-116
W/SignalStrength(  714): Lte Asu level: 24
W/SignalStrength(  714): getAsuLevel=24
W/SignalStrength(  937): getLteLevel =1
W/SignalStrength(  937): getLevel=1 (SignalStrength: 99 0 -120 -160 -120 -1 -1 15 -116 5 68 2147483647 gsm|lte 0x1)
W/SignalStrength(  937): getLteLevel =1
W/SignalStrength(  937): getLevel=1 (SignalStrength: 99 0 -120 -160 -120 -1 -1 15 -116 5 68 2147483647 gsm|lte 0x1)
W/AlarmManager(  714): FACTORY_ON= 0
D/STATUSBAR-NetworkController(  937): onSignalStrengthsChanged signalStrength=SignalStrength: 99 0 -120 -160 -120 -1 -1 15 -116 5 68 2147483647 gsm|lte 0x1 level=1
D/KeyguardViewMediator(  714): pokeWakelock(7000)
D/PowerManagerService(  714): acquireWakeLock flags=0x1000001a tag=keyguard uid=1000 pid=714   myUID=1000 myPID=714 myTID=832
V/WindowOrientationListener(  714): nearestRotation : 0   Angle: 9   tilt: 48
D/KeyguardViewMediator(  714): pokeWakelock(7000)
D/PowerManagerService(  714): acquireWakeLock flags=0x1000001a tag=keyguard uid=1000 pid=714   myUID=1000 myPID=714 myTID=832
I/InputReader(  714): Touch event's action is 0x1 (deviceType=0) [pCnt=1, s=]
I/InputDispatcher(  714): Delivering touch to current input target: action: 0x1
I/InputDispatcher(  714): Delivering touch to current input target: action: 0x1
I/InputDispatcher(  714): Delivering touch to current input target: action: 0x1
D/KeyguardViewMediator(  714): keyguardDone(true)
E/MP-Decision( 1533): UP Ld:85 Nw:1.990000 Tw:140 rq:1.700000 seq:147.000000
I/keystore(  207): uid: 1000 action: p -> 1 state: 1 -> 1 retry: 4
V/LockPatternKeyguardView(  714): *** dispatchDraw() time: 737398042
D/KeyguardViewMediator(  714): handleKeyguardDone
D/KeyguardViewMediator(  714): handleHide
D/Launcher( 1160): onRestart, Launcher: 1105871632
D/Launcher( 1160): onStart, Launcher: 1105871632
D/Launcher.HomeFragment( 1160): onStart
D/KeyguardViewMediator(  714): setHidden false
D/KeyguardViewMediator(  714): setHidden false
D/KeyguardViewMediator(  714): adjustUserActivityLocked mShowing: false mHidden: false
D/PowerManagerService(  714): enableUserActivity true
D/KeyguardViewMediator(  714): adjustStatusBarLocked: mShowing=false mHidden=false isSecure=true --> flags=0x0
E/KeyguardViewMediator(  714): 3. Lockscreen unlock
E/KeyguardViewMediator(  714): Phone is boot completed. so can broadcast
D/lights  (  714): button : 0 +
D/lights  (  714): button : 0 -
E/KeyguardViewMediator(  714): Phone is boot completed. so can broadcast
D/STATUSBAR-StatusBarManagerService(  714): manageDisableList what=0x0 pkg=android
D/PhoneStatusBar(  937): disable: < expand* icons alerts ticker* system_info BACK HOME recent* CLOCK >
D/PowerManagerService(  714): releaseWakeLockLocked flags=0x0 tag=keyguard myUID=1000 myPID=714 myTID=832
I/PowerManagerService(  714): Ulight 0x7->0x3|0x0
D/LightsService(  714): setLightLocked is called
D/STATUSBAR-NotificationService(  714): ACTION_USER_PRESENT
D/LightsService(  714): [SvcLED] setSvcLedStateLocked:: id = 4, color = 0, mode = Off, set = Off
E/MotionRecognitionService(  714):   mReceiver.onReceive : ACTION_USER_PRESENT  :: UNLOCK SCREEN
I/NativeNfcBrcmPowerMode( 1131): NativeNfcBrcmPowerMode; setPowerMode(android.intent.action.USER_PRESENT)
I/TwDVFSBroadcastReceiver(  958): onLockScreenOffIntent
D/Launcher( 1160): onResume, Launcher: 1105871632
D/NfcService( 1131): NFC-C ON
D/KeyguardViewMediator(  714): setHidden false
D/LockPatternKeyguardView(  714): unfocused
V/WallpaperService(11832): Display Width=720   Height=1280
D/SensorManager(11832): unregisterListener::  Listener= com.samsung.android.livewallpaper.deepsea.DeepSeaWallpaper@42372a78
V/Sensors (  714): enable - sensor Gyro (handle 3) en -> dis
E/Sensors (  714): mEnabled = 10
D/SensorService(  714): SensorDevice::activate  (enable 1, disable 0) = 0
D/SensorService(  714): activating sensor disable handle=3 
D/SensorService(  714): activating sensor disable, Done!
D/SensorService(  714): SensorDevice::activating sensor handle=3 ns=200000000 
V/Sensors (  714): setDelay - sensor Gyro (handle 3), rate 200 ms (5.00 Hz)
D/SensorService(  714): info.rates.add, set DEFAULT_EVENTS_PERIOD
V/Sensors (  714): enable - sensor Gyro (handle 3) dis -> en
E/Sensors (  714): mEnabled = 18
D/SensorService(  714): SensorDevice::activate  (enable 1, disable 0) = 1
D/SensorService(  714): activating sensor enable handle=3 
D/SensorService(  714): activating sensor enable, Done!
D/SensorService(  714): SensorDevice::activating sensor handle=3 ns=200000000 
V/Sensors (  714): setDelay - sensor Gyro (handle 3), rate 200 ms (5.00 Hz)
I/SensorService(  714): info.selectDelay() ns=200000000  
V/Sensors (  714): setDelay - sensor Gyro (handle 3), rate 200 ms (5.00 Hz)
D/SensorService(  714): SensorDevice::setDelay, Return(true 1, false 0) =  1
D/SensorManager(11832): registerListener :: handle = 3  name= MPL Gyro delay= 200000 Listener= com.samsung.android.livewallpaper.deepsea.DeepSeaWallpaper@42372a78
D/GLWallpaperService(11832): onVisibilityChanged:true
D/STATUSBAR-StatusBarManagerService(  714): setSystemUiVisibility(0x0)
D/STATUSBAR-StatusBarManagerService(  714): manageDisableList what=0x0 pkg=WindowManager.LayoutParams
D/KeyguardViewMediator(  714): setHidden false
E/Sensors (  714): activatePendingSensors : mEnabled = 18
E/Sensors (  714): requested_sensors(7f) from kernel
D/PhoneStatusBar(  937): disable: < expand icons alerts ticker system_info back* home* recent clock* >
D/KeyguardViewMediator(  714): setHidden false
D/overlay (  196): FROM_STATE = OV_BYPASS_2_LAYER TO_STATE = OV_CLOSED
D/overlay (  196): FROM_STATE = OV_CLOSED TO_STATE = OV_BYPASS_3_LAYER
E/MTPRx   ( 7934): In MtpReceiverandroid.intent.action.USER_PRESENT
E/MTPRx   ( 7934): check value of boot_completed is1
E/MTPRx   ( 7934): check booting is completed_sys.boot_completed
E/MTPRx   ( 7934): Sd-Card path/storage/extSdCard
E/MTPRx   ( 7934): Status for mount/Unmount :removed
E/MTPRx   ( 7934): SDcard is not available
E/MTPRx   ( 7934): The value of first_boot is  1
E/MTPRx   ( 7934): [ 662] The value of first_boot is  1NORMAL SEQUENCE 
W/AlarmManager(  714): FACTORY_ON= 0
W/AlarmManager(  714): FACTORY_ON= 0
D/overlay (  196): FROM_STATE = OV_BYPASS_3_LAYER TO_STATE = OV_CLOSED
W/AlarmManager(  714): FACTORY_ON= 0
D/comsamsunglog( 1160): [MSC_HERO_Accu_JB]>>> ====================================================================================================================
D/comsamsunglog( 1160): [MSC_HERO_Accu_JB]>>> widgetappapheroaccuweatherwidget [Version : 12110501] [ 1 ] 
D/comsamsunglog( 1160): [MSC_HERO_Accu_JB]>>> Header set to : ===> "widget" <===
D/comsamsunglog( 1160): [MSC_HERO_Accu_JB]>>> ====================================================================================================================
D/widget  ( 1160): [MSC_HERO_Accu_JB]>>> WC:919 [0:0]  onResume :: fU = true  cEUi = false
D/widget  ( 1160): [MSC_HERO_Accu_JB]>>> WC:2077 [0:0] AR_S_T : 1
D/widget  ( 1160): [MSC_HERO_Accu_JB]>>> WC:955 [0:0]  onResume :: mFAR = false, cC = false, cEUI = false
D/widget  ( 1160): [MSC_HERO_Accu_JB]>>> WC:1267 [0:0]  cUI : cnt = 2, mRC  = true
E/Launcher( 1160): Error finding setting, default accessibility to not found: accessibility_enabled
D/Launcher.HomeFragment( 1160): onResume
D/MenuAppsGridFragment( 1160): onResume
W/InputMethodManagerService(  714): Window already focused, ignoring focus gain of: com.android.internal.view.IInputMethodClient$Stub$Proxy@42d61428 attribute=android.view.inputmethod.EditorInfo@42e32930
D/widget  ( 1160): [MSC_HERO_Accu_JB]>>> U:125 [0:0] widget 1363559340000
D/widget  ( 1160): [MSC_HERO_Accu_JB]>>> WC:2030 [0:0] nt=1363559340000
D/widget  ( 1160): [MSC_HERO_Accu_JB]>>> WC:2031 [0:0] [ARH] now = [1363556592430] lt = [1363559340000] need RF = [false]
D/widget  ( 1160): [MSC_HERO_Accu_JB]>>> WC:2036 [0:0] nt - now =2747570
D/widget  ( 1160): [MSC_HERO_Accu_JB]>>> WC:2037 [0:0]  now : 13/03/17 17:43:12 lt : 13/03/17 18:29:00
D/widget  ( 1160): [MSC_HERO_Accu_JB]>>> WC:668 [0:0] mSUDH(): current loc id = cityId:49564, tZ=GMT-4
D/widget  ( 1160): [MSC_HERO_Accu_JB]>>> WC:681 [0:0] ===== mSetUIDataHandler(): day = 7:31 AM, night=7:30 PM
D/widget  ( 1160): [MSC_HERO_Accu_JB]>>> SM:1256 [0:0] sta ani iPA = false, flkDir = 0, iFA = false
D/widget  ( 1160): [MSC_HERO_Accu_JB]>>> WC:1715 [0:0] drw all Tm dt = 0543
D/widget  ( 1160): [MSC_HERO_Accu_JB]>>> SM:516 [0:0] IR : false, IPR : false
D/KeyguardViewMediator(  714): setHidden false
I/syncContacts(23976): thread: 1, onChange
I/SeniorFavoriteWidgetProviderSmall(28946): onChange() selfChange = false
D/widget  ( 1160): [MSC_HERO_Accu_JB]>>> WC:847 [0:0]  E init 
D/widget  ( 1160): [MSC_HERO_Accu_JB]>>> WC:1833 [0:0]  isNewYear check 
D/widget  ( 1160): [MSC_HERO_Accu_JB]>>> WCE:268 [0:0]  FCE type = 2
D/widget  ( 1160): [MSC_HERO_Accu_JB]>>> WCE:268 [0:0]  FCE type = 1
